95.108.129.196 - - [20/Oct/2017:11:27:11 +0300] "GET / HTTP/1.1" 404 152 "-" "Mozilla/5.0 (compatible; YandexMetrika/2.0; +http://yandex.com/bots mtmon01e.yandex.ru)"
158.46.167.155 - - [20/Oct/2017:11:37:29 +0300] "GET / HTTP/1.1" 404 209 "-" "Mozilla/5.0 (Macintosh; Intel Mac OS X 10_12_5) AppleWebKit/537.36 (KHTML, like Gecko) Chrome/58.0.3029.110 Safari/537.36"
207.46.13.33 - - [20/Oct/2017:11:48:37 +0300] "GET / HTTP/1.1" 404 152 "-" "Mozilla/5.0 (compatible; bingbot/2.0; +http://www.bing.com/bingbot.htm)"
178.154.224.71 - - [20/Oct/2017:11:50:41 +0300] "GET / HTTP/1.1" 404 152 "-" "Mozilla/5.0 (compatible; YandexMetrika/2.0; +http://yandex.com/bots mtmon01f.yandex.ru)"
31.129.170.42 - - [20/Oct/2017:11:56:58 +0300] "GET /component/user/remind.html HTTP/1.0" 404 580 "http://high-tech.su/component/user/remind.html" "Mozilla/5.0 (Windows NT 6.1; WOW64) AppleWebKit/537.36 (KHTML, like Gecko) Chrome/56.0.2924.87 YaBrowser/17.3.1.840 Yowser/2.5 Safari/537.36"
31.129.170.42 - - [20/Oct/2017:11:56:58 +0300] "GET / HTTP/1.0" 404 580 "http://high-tech.su/" "Mozilla/5.0 (Windows NT 6.1; WOW64) AppleWebKit/537.36 (KHTML, like Gecko) Chrome/56.0.2924.87 YaBrowser/17.3.1.840 Yowser/2.5 Safari/537.36"
31.129.170.42 - - [20/Oct/2017:11:56:59 +0300] "GET / HTTP/1.0" 404 580 "http://high-tech.su/" "Mozilla/5.0 (Windows NT 6.1; WOW64) AppleWebKit/537.36 (KHTML, like Gecko) Chrome/56.0.2924.87 YaBrowser/17.3.1.840 Yowser/2.5 Safari/537.36"
31.129.170.42 - - [20/Oct/2017:11:56:59 +0300] "GET / HTTP/1.0" 404 580 "http://forum.high-tech.su/" "Mozilla/5.0 (Windows NT 6.1; WOW64) AppleWebKit/537.36 (KHTML, like Gecko) Chrome/56.0.2924.87 YaBrowser/17.3.1.840 Yowser/2.5 Safari/537.36"
176.126.252.11 - - [20/Oct/2017:12:01:29 +0300] "GET / HTTP/1.1" 404 209 "http://burger-imperia.com/" "Mozilla/5.0 (X11; Linux x86_64) AppleWebKit/537.36 (KHTML, like Gecko) Chrome/37.0.2062.120 Safari/537.36"
31.129.170.42 - - [20/Oct/2017:12:15:28 +0300] "GET /component/user/remind.html HTTP/1.0" 404 580 "-" "Mozilla/5.0 (Windows NT 6.3; WOW64) AppleWebKit/537.36 (KHTML, like Gecko) Chrome/50.0.2661.102 Safari/537.36"
31.129.170.42 - - [20/Oct/2017:12:15:29 +0300] "GET / HTTP/1.0" 404 580 "-" "Mozilla/5.0 (Windows NT 6.3; WOW64) AppleWebKit/537.36 (KHTML, like Gecko) Chrome/50.0.2661.102 Safari/537.36"
31.129.170.42 - - [20/Oct/2017:12:15:29 +0300] "GET /component/user/ HTTP/1.0" 404 580 "-" "Mozilla/5.0 (Windows NT 6.3; WOW64) AppleWebKit/537.36 (KHTML, like Gecko) Chrome/50.0.2661.102 Safari/537.36"
31.129.170.42 - - [20/Oct/2017:12:15:29 +0300] "GET /component/ HTTP/1.0" 404 580 "-" "Mozilla/5.0 (Windows NT 6.3; WOW64) AppleWebKit/537.36 (KHTML, like Gecko) Chrome/50.0.2661.102 Safari/537.36"
67.215.230.87 - - [20/Oct/2017:12:18:19 +0300] "GET /robots.txt HTTP/1.1" 404 152 "-" "Mozilla/5.0 (compatible; Uptimebot/1.0; +http://www.uptime.com/uptimebot)"
67.215.230.84 - - [20/Oct/2017:12:18:20 +0300] "HEAD / HTTP/1.1" 404 0 "http://uptime-alpha.net/bi-grouplabs.ru" "Mozilla/5.0 (compatible; Uptimebot/1.0; +http://www.uptime.com/uptimebot)"
31.129.170.42 - - [20/Oct/2017:12:20:00 +0300] "GET /index.php/component/user/login HTTP/1.0" 404 580 "-" "Mozilla/5.0 (Windows NT 6.3; WOW64) AppleWebKit/537.36 (KHTML, like Gecko) Chrome/50.0.2661.102 Safari/537.36"
31.129.170.42 - - [20/Oct/2017:12:20:00 +0300] "GET / HTTP/1.0" 404 580 "-" "Mozilla/5.0 (Windows NT 6.3; WOW64) AppleWebKit/537.36 (KHTML, like Gecko) Chrome/50.0.2661.102 Safari/537.36"
31.129.170.42 - - [20/Oct/2017:12:20:00 +0300] "GET /index.php/component/user/ HTTP/1.0" 404 580 "-" "Mozilla/5.0 (Windows NT 6.3; WOW64) AppleWebKit/537.36 (KHTML, like Gecko) Chrome/50.0.2661.102 Safari/537.36"
31.129.170.42 - - [20/Oct/2017:12:20:00 +0300] "GET /index.php/ HTTP/1.0" 404 580 "-" "Mozilla/5.0 (Windows NT 6.3; WOW64) AppleWebKit/537.36 (KHTML, like Gecko) Chrome/50.0.2661.102 Safari/537.36"
77.50.251.129 - - [20/Oct/2017:12:22:14 +0300] "GET /favicon.ico HTTP/1.1" 404 989 "-" "Mozilla/5.0 (Windows NT 6.1; Win64; x64; rv:56.0) Gecko/20100101 Firefox/56.0"
77.50.251.129 - - [20/Oct/2017:12:22:23 +0300] "GET / HTTP/1.1" 200 739 "-" "Mozilla/5.0 (Windows NT 6.1; Win64; x64; rv:56.0) Gecko/20100101 Firefox/56.0"
77.50.251.129 - - [20/Oct/2017:12:22:26 +0300] "GET / HTTP/1.1" 200 739 "-" "Mozilla/5.0 (Windows NT 6.1; Win64; x64; rv:56.0) Gecko/20100101 Firefox/56.0"
178.154.224.71 - - [20/Oct/2017:12:24:10 +0300] "GET / HTTP/1.1" 404 152 "-" "Mozilla/5.0 (compatible; YandexMetrika/2.0; +http://yandex.com/bots mtmon01f.yandex.ru)"
180.76.15.144 - - [20/Oct/2017:12:27:04 +0300] "GET / HTTP/1.1" 404 152 "-" "Mozilla/5.0 (compatible; Baiduspider/2.0; +http://www.baidu.com/search/spider.html)"
198.55.103.198 - - [20/Oct/2017:12:28:53 +0300] "GET http://proxyjudge.us/ HTTP/1.1" 404 580 "-" "Mozilla/5.0 (compatible; MSIE 6.0; Windows NT 5.1; Trident/5.0)"
198.55.103.198 - - [20/Oct/2017:12:28:54 +0300] "CONNECT www.alipay.com:443 HTTP/1.1" 400 182 "-" "-"
95.153.131.121 - - [20/Oct/2017:12:41:28 +0300] "GET /Rech/Bookmakers/ HTTP/1.1" 404 152 "-" "Mozilla/5.0 (iPhone; CPU iPhone OS 10_3_3 like Mac OS X) AppleWebKit/603.3.8 (KHTML, like Gecko) Version/10.0 Mobile/14G60 Safari/602.1"
95.153.131.121 - - [20/Oct/2017:12:41:29 +0300] "GET /apple-touch-icon-120x120-precomposed.png HTTP/1.1" 404 152 "-" "MobileSafari/602.1 CFNetwork/811.5.4 Darwin/16.7.0"
95.153.131.121 - - [20/Oct/2017:12:41:29 +0300] "GET /apple-touch-icon-120x120.png HTTP/1.1" 404 152 "-" "MobileSafari/602.1 CFNetwork/811.5.4 Darwin/16.7.0"
95.153.131.121 - - [20/Oct/2017:12:41:29 +0300] "GET /apple-touch-icon-precomposed.png HTTP/1.1" 404 152 "-" "MobileSafari/602.1 CFNetwork/811.5.4 Darwin/16.7.0"
95.153.131.121 - - [20/Oct/2017:12:41:29 +0300] "GET /apple-touch-icon.png HTTP/1.1" 404 152 "-" "MobileSafari/602.1 CFNetwork/811.5.4 Darwin/16.7.0"
95.153.131.121 - - [20/Oct/2017:12:41:29 +0300] "GET /favicon.ico HTTP/1.1" 404 152 "-" "MobileSafari/602.1 CFNetwork/811.5.4 Darwin/16.7.0"
95.153.131.121 - - [20/Oct/2017:12:41:29 +0300] "GET /apple-touch-icon-120x120-precomposed.png HTTP/1.1" 404 152 "-" "MobileSafari/602.1 CFNetwork/811.5.4 Darwin/16.7.0"
95.153.131.121 - - [20/Oct/2017:12:41:29 +0300] "GET /apple-touch-icon-120x120.png HTTP/1.1" 404 152 "-" "MobileSafari/602.1 CFNetwork/811.5.4 Darwin/16.7.0"
95.153.131.121 - - [20/Oct/2017:12:41:29 +0300] "GET /apple-touch-icon-precomposed.png HTTP/1.1" 404 152 "-" "MobileSafari/602.1 CFNetwork/811.5.4 Darwin/16.7.0"
95.153.131.121 - - [20/Oct/2017:12:41:29 +0300] "GET /apple-touch-icon.png HTTP/1.1" 404 152 "-" "MobileSafari/602.1 CFNetwork/811.5.4 Darwin/16.7.0"
95.153.131.121 - - [20/Oct/2017:12:41:29 +0300] "GET /favicon.ico HTTP/1.1" 404 152 "-" "MobileSafari/602.1 CFNetwork/811.5.4 Darwin/16.7.0"
94.181.45.166 - - [20/Oct/2017:12:50:56 +0300] "HEAD / HTTP/1.1" 404 0 "-" "Mozilla/4.0 (compatible; MSIE 5.0; Windows 98; DigExt)"
52.34.24.33 - - [20/Oct/2017:12:51:42 +0300] "GET / HTTP/1.1" 404 152 "http://www.google.com/search?hl=fr&q=dictionary+english" "Magic Browser"
52.34.24.33 - - [20/Oct/2017:12:51:43 +0300] "GET / HTTP/1.1" 404 152 "-" "Magic Browser"
95.108.129.196 - - [20/Oct/2017:12:52:35 +0300] "GET / HTTP/1.1" 404 152 "-" "Mozilla/5.0 (compatible; YandexMetrika/2.0; +http://yandex.com/bots mtmon01e.yandex.ru)"
37.9.118.28 - - [20/Oct/2017:12:57:03 +0300] "GET / HTTP/1.1" 404 152 "-" "Mozilla/5.0 (compatible; YandexMetrika/2.0; +http://yandex.com/bots mtmon01i.yandex.ru)"
94.181.45.166 - - [20/Oct/2017:13:12:16 +0300] "HEAD / HTTP/1.1" 404 0 "-" "Mozilla/5.0 (Windows NT 6.2; rv:36.0) Gecko/20100101 Firefox/36.0"
77.50.251.129 - - [20/Oct/2017:13:40:10 +0300] "GET / HTTP/1.1" 404 152 "-" "Mozilla/5.0 (Windows NT 6.1; Win64; x64; rv:56.0) Gecko/20100101 Firefox/56.0"
77.50.251.129 - - [20/Oct/2017:13:40:44 +0300] "GET / HTTP/1.1" 200 739 "-" "Mozilla/5.0 (Windows NT 6.1; Win64; x64; rv:56.0) Gecko/20100101 Firefox/56.0"
95.133.241.115 - - [20/Oct/2017:13:42:51 +0300] "GET /Rech/Bookmakers/ HTTP/1.1" 404 152 "-" "Mozilla/5.0 (iPhone; CPU iPhone OS 11_0_2 like Mac OS X) AppleWebKit/604.1.38 (KHTML, like Gecko) Version/11.0 Mobile/15A421 Safari/604.1"
95.133.241.115 - - [20/Oct/2017:13:42:52 +0300] "GET /apple-touch-icon-120x120-precomposed.png HTTP/1.1" 404 152 "-" "MobileSafari/604.1 CFNetwork/887 Darwin/17.0.0"
95.133.241.115 - - [20/Oct/2017:13:42:52 +0300] "GET /apple-touch-icon-120x120.png HTTP/1.1" 404 152 "-" "MobileSafari/604.1 CFNetwork/887 Darwin/17.0.0"
95.133.241.115 - - [20/Oct/2017:13:42:52 +0300] "GET /apple-touch-icon-precomposed.png HTTP/1.1" 404 152 "-" "MobileSafari/604.1 CFNetwork/887 Darwin/17.0.0"
95.133.241.115 - - [20/Oct/2017:13:42:52 +0300] "GET /apple-touch-icon.png HTTP/1.1" 404 152 "-" "MobileSafari/604.1 CFNetwork/887 Darwin/17.0.0"
95.133.241.115 - - [20/Oct/2017:13:42:52 +0300] "GET /favicon.ico HTTP/1.1" 404 152 "-" "MobileSafari/604.1 CFNetwork/887 Darwin/17.0.0"
95.133.241.115 - - [20/Oct/2017:13:42:52 +0300] "GET /apple-touch-icon-120x120-precomposed.png HTTP/1.1" 404 152 "-" "MobileSafari/604.1 CFNetwork/887 Darwin/17.0.0"
95.133.241.115 - - [20/Oct/2017:13:42:52 +0300] "GET /apple-touch-icon-120x120.png HTTP/1.1" 404 152 "-" "MobileSafari/604.1 CFNetwork/887 Darwin/17.0.0"
95.133.241.115 - - [20/Oct/2017:13:42:52 +0300] "GET /apple-touch-icon-precomposed.png HTTP/1.1" 404 152 "-" "MobileSafari/604.1 CFNetwork/887 Darwin/17.0.0"
95.133.241.115 - - [20/Oct/2017:13:42:52 +0300] "GET /apple-touch-icon.png HTTP/1.1" 404 152 "-" "MobileSafari/604.1 CFNetwork/887 Darwin/17.0.0"
95.133.241.115 - - [20/Oct/2017:13:42:52 +0300] "GET /favicon.ico HTTP/1.1" 404 152 "-" "MobileSafari/604.1 CFNetwork/887 Darwin/17.0.0"
37.9.118.28 - - [20/Oct/2017:13:44:25 +0300] "GET / HTTP/1.1" 404 152 "-" "Mozilla/5.0 (compatible; YandexMetrika/2.0; +http://yandex.com/bots mtmon01i.yandex.ru)"
54.226.131.168 - - [20/Oct/2017:13:46:16 +0300] "OPTIONS / HTTP/1.1" 404 209 "-" "Mozilla/5.0 (Macintosh; Intel Mac OS X 10_11_5) AppleWebKit/537.36 (KHTML, like Gecko) Chrome/50.0.2661.102 Safari/537.36"
177.126.216.58 - - [20/Oct/2017:13:58:33 +0300] "GET / HTTP/1.1" 404 178 "-" "curl/7.17.1 (mips-unknown-linux-gnu) libcurl/7.17.1 OpenSSL/0.9.8i zlib/1.2.3"
91.250.39.226 - - [20/Oct/2017:14:17:50 +0300] "GET / HTTP/1.1" 404 178 "-" "Mozilla/5.0 (Windows NT 6.1; rv:10.0.1) Gecko/20100101 Firefox/10.0.1"
193.169.52.154 - - [20/Oct/2017:14:30:12 +0300] "GET / HTTP/1.1" 404 209 "-" "Mozilla/5.0 (X11; Linux x86_64) AppleWebKit/537.36 (KHTML, like Gecko) Chrome/34.0.1847.132 Safari/537.36"
141.8.142.46 - - [20/Oct/2017:14:35:37 +0300] "GET / HTTP/1.1" 404 152 "-" "Mozilla/5.0 (compatible; YandexMetrika/2.0; +http://yandex.com/bots yabs01)"
178.154.224.71 - - [20/Oct/2017:14:40:35 +0300] "GET / HTTP/1.1" 404 152 "-" "Mozilla/5.0 (compatible; YandexMetrika/2.0; +http://yandex.com/bots mtmon01f.yandex.ru)"
207.46.13.33 - - [20/Oct/2017:15:19:52 +0300] "GET / HTTP/1.1" 404 152 "-" "Mozilla/5.0 (compatible; bingbot/2.0; +http://www.bing.com/bingbot.htm)"
37.9.118.28 - - [20/Oct/2017:15:28:53 +0300] "GET / HTTP/1.1" 404 152 "-" "Mozilla/5.0 (compatible; YandexMetrika/2.0; +http://yandex.com/bots mtmon01i.yandex.ru)"
77.50.251.129 - - [20/Oct/2017:15:29:20 +0300] "GET / HTTP/1.1" 200 739 "-" "Mozilla/5.0 (Windows NT 6.1; Win64; x64; rv:56.0) Gecko/20100101 Firefox/56.0"
77.50.251.129 - - [20/Oct/2017:15:29:22 +0300] "GET / HTTP/1.1" 200 739 "-" "Mozilla/5.0 (Windows NT 6.1; Win64; x64; rv:56.0) Gecko/20100101 Firefox/56.0"
77.50.251.129 - - [20/Oct/2017:15:29:23 +0300] "GET / HTTP/1.1" 200 739 "-" "Mozilla/5.0 (Windows NT 6.1; Win64; x64; rv:56.0) Gecko/20100101 Firefox/56.0"
40.77.167.131 - - [20/Oct/2017:15:41:59 +0300] "GET / HTTP/1.1" 404 152 "-" "Mozilla/5.0 (compatible; bingbot/2.0; +http://www.bing.com/bingbot.htm)"
77.50.251.129 - - [20/Oct/2017:15:50:20 +0300] "GET /admin/ HTTP/1.1" 404 152 "-" "Mozilla/5.0 (Windows NT 6.1; Win64; x64; rv:56.0) Gecko/20100101 Firefox/56.0"
83.149.21.199 - - [20/Oct/2017:16:21:24 +0300] "GET /ozsybry/skachat_knigi_vagin_3309_0.jpg HTTP/1.1" 404 209 "http://statuspress.do.am/blog/intim_skaner_programma_dlja_prosvechivanija_odezhdy_s_pomoshhju_mobilnoj/2014-03-02-44" "Mozilla/5.0 (Linux; Android 5.1.1; SM-G531H Build/LMY48B) AppleWebKit/537.36 (KHTML, like Gecko) Chrome/61.0.3163.98 Mobile Safari/537.36"
207.46.13.33 - - [20/Oct/2017:16:33:03 +0300] "GET / HTTP/1.1" 404 152 "-" "Mozilla/5.0 (compatible; bingbot/2.0; +http://www.bing.com/bingbot.htm)"
31.130.18.58 - - [20/Oct/2017:16:50:59 +0300] "GET /seminars/ HTTP/1.0" 404 580 "http://www.bi-grouplabs.ru/seminars/" "Mozilla/5.0 (Windows NT 6.1; WOW64) AppleWebKit/537.36 (KHTML, like Gecko) Chrome/56.0.2924.87 Safari/537.36"
31.130.18.58 - - [20/Oct/2017:16:50:59 +0300] "GET / HTTP/1.0" 404 580 "http://www.bi-grouplabs.ru/" "Mozilla/5.0 (Windows NT 6.1; WOW64) AppleWebKit/537.36 (KHTML, like Gecko) Chrome/56.0.2924.87 Safari/537.36"
31.130.18.58 - - [20/Oct/2017:16:50:59 +0300] "GET / HTTP/1.0" 404 580 "http://www.bi-grouplabs.ru/" "Mozilla/5.0 (Windows NT 6.1; WOW64) AppleWebKit/537.36 (KHTML, like Gecko) Chrome/56.0.2924.87 Safari/537.36"
31.130.18.58 - - [20/Oct/2017:16:51:00 +0300] "GET / HTTP/1.0" 404 580 "http://forum.bi-grouplabs.ru/" "Mozilla/5.0 (Windows NT 6.1; WOW64) AppleWebKit/537.36 (KHTML, like Gecko) Chrome/56.0.2924.87 Safari/537.36"
77.50.251.129 - - [20/Oct/2017:16:58:22 +0300] "GET / HTTP/1.1" 404 152 "-" "Mozilla/5.0 (Windows NT 6.1; Win64; x64; rv:56.0) Gecko/20100101 Firefox/56.0"
95.108.129.196 - - [20/Oct/2017:17:02:22 +0300] "GET / HTTP/1.1" 404 152 "-" "Mozilla/5.0 (compatible; YandexMetrika/2.0; +http://yandex.com/bots mtmon01e.yandex.ru)"
46.229.164.99 - - [20/Oct/2017:17:03:16 +0300] "GET /robots.txt HTTP/1.1" 404 152 "-" "Mozilla/5.0 (compatible; SemrushBot/1.2~bl; +http://www.semrush.com/bot.html)"
46.229.164.98 - - [20/Oct/2017:17:04:06 +0300] "GET /robots.txt HTTP/1.1" 404 152 "-" "Mozilla/5.0 (compatible; SemrushBot/1.2~bl; +http://www.semrush.com/bot.html)"
77.50.251.129 - - [20/Oct/2017:17:06:29 +0300] "GET / HTTP/1.1" 200 739 "-" "Mozilla/5.0 (Windows NT 6.1; Win64; x64; rv:56.0) Gecko/20100101 Firefox/56.0"
77.50.251.129 - - [20/Oct/2017:17:06:31 +0300] "GET / HTTP/1.1" 200 739 "-" "Mozilla/5.0 (Windows NT 6.1; Win64; x64; rv:56.0) Gecko/20100101 Firefox/56.0"
77.50.251.129 - - [20/Oct/2017:17:06:33 +0300] "GET / HTTP/1.1" 200 739 "-" "Mozilla/5.0 (Windows NT 6.1; Win64; x64; rv:56.0) Gecko/20100101 Firefox/56.0"
77.50.251.129 - - [20/Oct/2017:17:06:35 +0300] "GET / HTTP/1.1" 200 739 "-" "Mozilla/5.0 (Windows NT 6.1; Win64; x64; rv:56.0) Gecko/20100101 Firefox/56.0"
77.50.251.129 - - [20/Oct/2017:17:06:36 +0300] "GET / HTTP/1.1" 200 739 "-" "Mozilla/5.0 (Windows NT 6.1; Win64; x64; rv:56.0) Gecko/20100101 Firefox/56.0"
77.50.251.129 - - [20/Oct/2017:17:09:00 +0300] "GET / HTTP/1.1" 200 739 "-" "Mozilla/5.0 (Windows NT 6.1; Win64; x64; rv:56.0) Gecko/20100101 Firefox/56.0"
77.50.251.129 - - [20/Oct/2017:17:09:02 +0300] "GET / HTTP/1.1" 200 739 "-" "Mozilla/5.0 (Windows NT 6.1; Win64; x64; rv:56.0) Gecko/20100101 Firefox/56.0"
77.50.251.129 - - [20/Oct/2017:17:09:03 +0300] "GET / HTTP/1.1" 200 739 "-" "Mozilla/5.0 (Windows NT 6.1; Win64; x64; rv:56.0) Gecko/20100101 Firefox/56.0"
77.50.251.129 - - [20/Oct/2017:17:09:06 +0300] "GET / HTTP/1.1" 200 739 "-" "Mozilla/5.0 (Windows NT 6.1; Win64; x64; rv:56.0) Gecko/20100101 Firefox/56.0"
77.50.251.129 - - [20/Oct/2017:17:10:37 +0300] "GET / HTTP/1.1" 200 739 "-" "Mozilla/5.0 (Windows NT 6.1; Win64; x64; rv:56.0) Gecko/20100101 Firefox/56.0"
77.50.251.129 - - [20/Oct/2017:17:10:38 +0300] "GET / HTTP/1.1" 200 739 "-" "Mozilla/5.0 (Windows NT 6.1; Win64; x64; rv:56.0) Gecko/20100101 Firefox/56.0"
77.50.251.129 - - [20/Oct/2017:17:10:40 +0300] "GET / HTTP/1.1" 200 739 "-" "Mozilla/5.0 (Windows NT 6.1; Win64; x64; rv:56.0) Gecko/20100101 Firefox/56.0"
77.50.251.129 - - [20/Oct/2017:17:10:41 +0300] "GET / HTTP/1.1" 200 739 "-" "Mozilla/5.0 (Windows NT 6.1; Win64; x64; rv:56.0) Gecko/20100101 Firefox/56.0"
95.133.241.115 - - [20/Oct/2017:17:14:07 +0300] "GET /Rech/Bookmakers/ HTTP/1.1" 404 152 "-" "Mozilla/5.0 (iPhone; CPU iPhone OS 11_0_2 like Mac OS X) AppleWebKit/604.1.38 (KHTML, like Gecko) Version/11.0 Mobile/15A421 Safari/604.1"
95.133.241.115 - - [20/Oct/2017:17:14:07 +0300] "GET /apple-touch-icon-120x120-precomposed.png HTTP/1.1" 404 152 "-" "MobileSafari/604.1 CFNetwork/887 Darwin/17.0.0"
95.133.241.115 - - [20/Oct/2017:17:14:08 +0300] "GET /apple-touch-icon-120x120.png HTTP/1.1" 404 152 "-" "MobileSafari/604.1 CFNetwork/887 Darwin/17.0.0"
95.133.241.115 - - [20/Oct/2017:17:14:08 +0300] "GET /apple-touch-icon-precomposed.png HTTP/1.1" 404 152 "-" "MobileSafari/604.1 CFNetwork/887 Darwin/17.0.0"
95.133.241.115 - - [20/Oct/2017:17:14:08 +0300] "GET /apple-touch-icon.png HTTP/1.1" 404 152 "-" "MobileSafari/604.1 CFNetwork/887 Darwin/17.0.0"
95.133.241.115 - - [20/Oct/2017:17:14:08 +0300] "GET /favicon.ico HTTP/1.1" 404 152 "-" "MobileSafari/604.1 CFNetwork/887 Darwin/17.0.0"
95.133.241.115 - - [20/Oct/2017:17:14:08 +0300] "GET /apple-touch-icon-120x120-precomposed.png HTTP/1.1" 404 152 "-" "MobileSafari/604.1 CFNetwork/887 Darwin/17.0.0"
95.133.241.115 - - [20/Oct/2017:17:14:08 +0300] "GET /apple-touch-icon-120x120.png HTTP/1.1" 404 152 "-" "MobileSafari/604.1 CFNetwork/887 Darwin/17.0.0"
95.133.241.115 - - [20/Oct/2017:17:14:08 +0300] "GET /apple-touch-icon-precomposed.png HTTP/1.1" 404 152 "-" "MobileSafari/604.1 CFNetwork/887 Darwin/17.0.0"
95.133.241.115 - - [20/Oct/2017:17:14:08 +0300] "GET /apple-touch-icon.png HTTP/1.1" 404 152 "-" "MobileSafari/604.1 CFNetwork/887 Darwin/17.0.0"
95.133.241.115 - - [20/Oct/2017:17:14:08 +0300] "GET /favicon.ico HTTP/1.1" 404 152 "-" "MobileSafari/604.1 CFNetwork/887 Darwin/17.0.0"
77.50.251.129 - - [20/Oct/2017:17:14:44 +0300] "GET / HTTP/1.1" 200 633 "-" "Mozilla/5.0 (Windows NT 6.1; Win64; x64; rv:56.0) Gecko/20100101 Firefox/56.0"
77.50.251.129 - - [20/Oct/2017:17:14:46 +0300] "GET / HTTP/1.1" 200 633 "-" "Mozilla/5.0 (Windows NT 6.1; Win64; x64; rv:56.0) Gecko/20100101 Firefox/56.0"
77.50.251.129 - - [20/Oct/2017:17:15:13 +0300] "GET / HTTP/1.1" 200 633 "-" "Mozilla/5.0 (Windows NT 6.1; Win64; x64; rv:56.0) Gecko/20100101 Firefox/56.0"
77.50.251.129 - - [20/Oct/2017:17:15:15 +0300] "GET / HTTP/1.1" 200 633 "-" "Mozilla/5.0 (Windows NT 6.1; Win64; x64; rv:56.0) Gecko/20100101 Firefox/56.0"
77.50.251.129 - - [20/Oct/2017:17:15:21 +0300] "GET /admin/ HTTP/1.1" 302 0 "-" "Mozilla/5.0 (Windows NT 6.1; Win64; x64; rv:56.0) Gecko/20100101 Firefox/56.0"
77.50.251.129 - - [20/Oct/2017:17:15:21 +0300] "GET /admin/login/?next=/admin/ HTTP/1.1" 200 872 "-" "Mozilla/5.0 (Windows NT 6.1; Win64; x64; rv:56.0) Gecko/20100101 Firefox/56.0"
77.50.251.129 - - [20/Oct/2017:17:15:21 +0300] "GET /static/admin/css/base.css HTTP/1.1" 200 16066 "http://digital-human.ru/admin/login/?next=/admin/" "Mozilla/5.0 (Windows NT 6.1; Win64; x64; rv:56.0) Gecko/20100101 Firefox/56.0"
77.50.251.129 - - [20/Oct/2017:17:15:21 +0300] "GET /static/admin/css/login.css HTTP/1.1" 200 1203 "http://digital-human.ru/admin/login/?next=/admin/" "Mozilla/5.0 (Windows NT 6.1; Win64; x64; rv:56.0) Gecko/20100101 Firefox/56.0"
77.50.251.129 - - [20/Oct/2017:17:15:22 +0300] "GET /static/admin/css/fonts.css HTTP/1.1" 200 423 "http://digital-human.ru/static/admin/css/base.css" "Mozilla/5.0 (Windows NT 6.1; Win64; x64; rv:56.0) Gecko/20100101 Firefox/56.0"
77.50.251.129 - - [20/Oct/2017:17:15:22 +0300] "GET /static/admin/fonts/Roboto-Regular-webfont.woff HTTP/1.1" 200 80304 "http://digital-human.ru/static/admin/css/fonts.css" "Mozilla/5.0 (Windows NT 6.1; Win64; x64; rv:56.0) Gecko/20100101 Firefox/56.0"
77.50.251.129 - - [20/Oct/2017:17:15:22 +0300] "GET /static/admin/fonts/Roboto-Light-webfont.woff HTTP/1.1" 200 81348 "http://digital-human.ru/static/admin/css/fonts.css" "Mozilla/5.0 (Windows NT 6.1; Win64; x64; rv:56.0) Gecko/20100101 Firefox/56.0"
77.50.251.129 - - [20/Oct/2017:17:15:27 +0300] "GET / HTTP/1.1" 200 633 "-" "Mozilla/5.0 (Windows NT 6.1; Win64; x64; rv:56.0) Gecko/20100101 Firefox/56.0"
77.50.251.129 - - [20/Oct/2017:17:16:28 +0300] "GET / HTTP/1.1" 500 118845 "-" "Mozilla/5.0 (Windows NT 6.1; Win64; x64; rv:56.0) Gecko/20100101 Firefox/56.0"
217.69.134.155 - - [20/Oct/2017:17:20:47 +0300] "GET /robots.txt HTTP/1.1" 404 152 "-" "Mozilla/5.0 (compatible; Linux x86_64; Mail.RU_Bot/2.0; +http://go.mail.ru/help/robots)"
217.69.134.175 - - [20/Oct/2017:17:20:48 +0300] "GET /obuchalki/viewtopic-8843.html HTTP/1.1" 404 152 "-" "Mozilla/5.0 (compatible; Linux x86_64; Mail.RU_Bot/2.0; +http://go.mail.ru/help/robots)"
217.69.134.161 - - [20/Oct/2017:17:20:49 +0300] "GET /ozsybry/skachat_naruto_personazhey_dlya_mugena_2900_0.jpg HTTP/1.1" 404 152 "-" "Mozilla/5.0 (compatible; Linux x86_64; Mail.RU_Bot/2.0; +http://go.mail.ru/help/robots)"
52.41.211.72 - - [20/Oct/2017:17:23:24 +0300] "GET / HTTP/1.1" 404 152 "http://www.google.com/search?hl=fr&q=dictionary+english" "Magic Browser"
52.41.211.72 - - [20/Oct/2017:17:23:25 +0300] "GET / HTTP/1.1" 404 152 "-" "Magic Browser"
77.50.251.129 - - [20/Oct/2017:17:28:42 +0300] "GET / HTTP/1.1" 200 634 "-" "Mozilla/5.0 (Windows NT 6.1; Win64; x64; rv:56.0) Gecko/20100101 Firefox/56.0"
77.50.251.129 - - [20/Oct/2017:17:28:44 +0300] "GET / HTTP/1.1" 200 634 "-" "Mozilla/5.0 (Windows NT 6.1; Win64; x64; rv:56.0) Gecko/20100101 Firefox/56.0"
77.50.251.129 - - [20/Oct/2017:17:28:54 +0300] "GET /blog HTTP/1.1" 404 988 "-" "Mozilla/5.0 (Windows NT 6.1; Win64; x64; rv:56.0) Gecko/20100101 Firefox/56.0"
77.50.251.129 - - [20/Oct/2017:17:29:09 +0300] "GET / HTTP/1.1" 200 634 "-" "Mozilla/5.0 (Windows NT 6.1; Win64; x64; rv:56.0) Gecko/20100101 Firefox/56.0"
77.50.251.129 - - [20/Oct/2017:17:29:46 +0300] "GET / HTTP/1.1" 200 634 "-" "Mozilla/5.0 (Windows NT 6.1; Win64; x64; rv:56.0) Gecko/20100101 Firefox/56.0"
77.50.251.129 - - [20/Oct/2017:17:29:48 +0300] "GET / HTTP/1.1" 200 634 "-" "Mozilla/5.0 (Windows NT 6.1; Win64; x64; rv:56.0) Gecko/20100101 Firefox/56.0"
95.108.129.196 - - [20/Oct/2017:17:40:21 +0300] "GET / HTTP/1.1" 404 152 "-" "Mozilla/5.0 (compatible; YandexMetrika/2.0; +http://yandex.com/bots mtmon01e.yandex.ru)"
163.172.255.19 - - [20/Oct/2017:17:58:01 +0300] "GET /administrator/components/com_maianmedia/utilities/charts/php-ofc-library/ofc_upload_image.php HTTP/1.1" 404 209 "http://www.bi-grouplabs.ru/administrator/components/com_maianmedia/utilities/charts/php-ofc-library/ofc_upload_image.php" "Mozilla/5.0 (Windows NT 6.1; WOW64) AppleWebKit/537.36 (KHTML, like Gecko) Chrome/42.0.2311.152 Safari/537.36"
37.9.118.29 - - [20/Oct/2017:17:59:46 +0300] "GET / HTTP/1.1" 404 152 "-" "Mozilla/5.0 (compatible; YandexMetrika/2.0; +http://yandex.com/bots)"
37.9.118.29 - - [20/Oct/2017:17:59:49 +0300] "GET / HTTP/1.1" 404 152 "-" "Mozilla/5.0 (compatible; YandexMetrika/2.0; +http://yandex.com/bots)"
178.154.224.71 - - [20/Oct/2017:18:00:39 +0300] "GET / HTTP/1.1" 404 152 "-" "Mozilla/5.0 (compatible; YandexMetrika/2.0; +http://yandex.com/bots mtmon01f.yandex.ru)"
31.129.170.42 - - [20/Oct/2017:18:19:20 +0300] "GET /component/user/remind.html HTTP/1.0" 404 580 "-" "Mozilla/5.0 (Windows NT 6.3; WOW64) AppleWebKit/537.36 (KHTML, like Gecko) Chrome/50.0.2661.102 Safari/537.36"
31.129.170.42 - - [20/Oct/2017:18:19:20 +0300] "GET / HTTP/1.0" 404 580 "-" "Mozilla/5.0 (Windows NT 6.3; WOW64) AppleWebKit/537.36 (KHTML, like Gecko) Chrome/50.0.2661.102 Safari/537.36"
31.129.170.42 - - [20/Oct/2017:18:19:20 +0300] "GET /component/user/ HTTP/1.0" 404 580 "-" "Mozilla/5.0 (Windows NT 6.3; WOW64) AppleWebKit/537.36 (KHTML, like Gecko) Chrome/50.0.2661.102 Safari/537.36"
31.129.170.42 - - [20/Oct/2017:18:19:20 +0300] "GET /component/ HTTP/1.0" 404 580 "-" "Mozilla/5.0 (Windows NT 6.3; WOW64) AppleWebKit/537.36 (KHTML, like Gecko) Chrome/50.0.2661.102 Safari/537.36"
178.154.224.71 - - [20/Oct/2017:18:30:34 +0300] "GET / HTTP/1.1" 404 152 "-" "Mozilla/5.0 (compatible; YandexMetrika/2.0; +http://yandex.com/bots mtmon01f.yandex.ru)"
95.108.129.196 - - [20/Oct/2017:18:57:56 +0300] "GET / HTTP/1.1" 404 152 "-" "Mozilla/5.0 (compatible; YandexMetrika/2.0; +http://yandex.com/bots mtmon01e.yandex.ru)"
40.77.167.47 - - [20/Oct/2017:19:12:38 +0300] "GET /robots.txt HTTP/1.1" 404 152 "-" "Mozilla/5.0 (compatible; bingbot/2.0; +http://www.bing.com/bingbot.htm)"
37.9.118.28 - - [20/Oct/2017:19:12:49 +0300] "GET / HTTP/1.1" 404 152 "-" "Mozilla/5.0 (compatible; YandexMetrika/2.0; +http://yandex.com/bots mtmon01i.yandex.ru)"
168.1.128.51 - - [20/Oct/2017:19:14:49 +0300] "GET / HTTP/1.0" 404 178 "-" "Mozilla/5.0 (Windows NT 6.1; rv:31.0) Gecko/20100101 Firefox/31.0"
111.125.243.59 - - [20/Oct/2017:19:28:15 +0300] "GET / HTTP/1.1" 404 178 "-" "-"
111.125.243.59 - - [20/Oct/2017:19:28:15 +0300] "\x00" 400 182 "-" "-"
111.125.243.59 - - [20/Oct/2017:19:28:16 +0300] "POST /command.php HTTP/1.1" 404 178 "-" "-"
111.125.243.59 - - [20/Oct/2017:19:28:17 +0300] "\x00" 400 182 "-" "-"
111.125.243.59 - - [20/Oct/2017:19:28:17 +0300] "GET /system.ini?loginuse&loginpas HTTP/1.1" 404 178 "-" "-"
111.125.243.59 - - [20/Oct/2017:19:28:17 +0300] "\x00" 400 182 "-" "-"
111.125.243.59 - - [20/Oct/2017:19:28:17 +0300] "GET /upgrade_handle.php?cmd=writeuploaddir&uploaddir=%27;echo+nuuo+123456;%27 HTTP/1.1" 404 178 "-" "-"
111.125.243.59 - - [20/Oct/2017:19:28:18 +0300] "\x00" 400 182 "-" "-"
111.125.243.59 - - [20/Oct/2017:19:28:18 +0300] "GET /board.cgi?cmd=cat%20/etc/passwd HTTP/1.1" 404 178 "-" "-"
111.125.243.59 - - [20/Oct/2017:19:28:18 +0300] "\x00" 400 182 "-" "-"
111.125.243.59 - - [20/Oct/2017:19:28:19 +0300] "POST /hedwig.cgi HTTP/1.1" 404 178 "-" "-"
111.125.243.59 - - [20/Oct/2017:19:28:19 +0300] "\x00" 400 182 "-" "-"
111.125.243.59 - - [20/Oct/2017:19:28:19 +0300] "POST /apply.cgi HTTP/1.1" 404 178 "-" "-"
111.125.243.59 - - [20/Oct/2017:19:28:20 +0300] "submit_button=Diagnostics&change_action=gozila_cgi&submit_type=start_ping&action=&commit=0&nowait=1&ping_ip=%3b%20AAA***BBB|||%20%3b&ping_size=&ping_times=5&traceroute_ip=\x00" 400 182 "-" "-"
111.125.243.59 - - [20/Oct/2017:19:28:20 +0300] "GET /setup.cgi?next_file=netgear.cfg&todo=syscmd&curpath=/&currentsetting.htm=1&cmd=echo+dgn+123456 HTTP/1.1" 404 178 "-" "-"
111.125.243.59 - - [20/Oct/2017:19:28:22 +0300] "\x00" 400 182 "-" "-"
111.125.243.59 - - [20/Oct/2017:19:28:22 +0300] "GET /cgi-bin/user/Config.cgi?.cab&action=get&category=Account.* HTTP/1.1" 404 178 "-" "-"
111.125.243.59 - - [20/Oct/2017:19:28:23 +0300] "\x00" 400 182 "-" "-"
111.125.243.59 - - [20/Oct/2017:19:28:23 +0300] "GET /shell?echo+jaws+123456;cat+/proc/cpuinfo HTTP/1.1" 404 178 "-" "-"
111.125.243.59 - - [20/Oct/2017:19:28:23 +0300] "\x00" 400 182 "-" "-"
124.236.176.137 - - [20/Oct/2017:19:31:47 +0300] "GET / HTTP/1.1" 404 152 "-" "Mozilla/5.0 (iPhone; CPU iPhone OS 9_1 like Mac OS X) AppleWebKit/601.1.46 (KHTML, like Gecko) Version/9.0 Mobile/13B143 Safari/601.1"
124.93.96.216 - - [20/Oct/2017:19:38:54 +0300] "GET / HTTP/1.1" 404 209 "-" "Mozilla/4.0 (compatible; MSIE 9.0; Windows NT 6.1; Trident/5.0)"
37.9.118.28 - - [20/Oct/2017:19:56:59 +0300] "GET / HTTP/1.1" 404 152 "-" "Mozilla/5.0 (compatible; YandexMetrika/2.0; +http://yandex.com/bots mtmon01i.yandex.ru)"
185.46.170.234 - - [20/Oct/2017:19:58:46 +0300] "GET / HTTP/1.1" 404 178 "-" "curl/7.17.1 (mips-unknown-linux-gnu) libcurl/7.17.1 OpenSSL/0.9.8i zlib/1.2.3"
163.172.255.19 - - [20/Oct/2017:20:11:48 +0300] "GET /administrator/components/com_maianmedia/utilities/charts/php-ofc-library/ofc_upload_image.php HTTP/1.1" 404 209 "http://high-tech.su/administrator/components/com_maianmedia/utilities/charts/php-ofc-library/ofc_upload_image.php" "Mozilla/5.0 (Windows NT 6.1; WOW64) AppleWebKit/537.36 (KHTML, like Gecko) Chrome/42.0.2311.152 Safari/537.36"
151.80.238.152 - - [20/Oct/2017:20:30:55 +0300] "GET /id_rsa HTTP/1.1" 404 209 "-" "Mozilla/5.0 (Windows NT 10.0; Win64; x64) AppleWebKit/537.36 (KHTML, like Gecko) Chrome/56.0.2924.87 Safari/537.36"
151.80.238.152 - - [20/Oct/2017:20:30:55 +0300] "GET /.ssh/id_rsa HTTP/1.1" 404 209 "-" "Mozilla/5.0 (Windows NT 10.0; Win64; x64) AppleWebKit/537.36 (KHTML, like Gecko) Chrome/56.0.2924.87 Safari/537.36"
151.80.238.152 - - [20/Oct/2017:20:30:56 +0300] "GET /root/.ssh/id_rsa HTTP/1.1" 404 209 "-" "Mozilla/5.0 (Windows NT 10.0; Win64; x64) AppleWebKit/537.36 (KHTML, like Gecko) Chrome/56.0.2924.87 Safari/537.36"
151.80.238.152 - - [20/Oct/2017:20:30:56 +0300] "GET /id_dsa HTTP/1.1" 404 209 "-" "Mozilla/5.0 (Windows NT 10.0; Win64; x64) AppleWebKit/537.36 (KHTML, like Gecko) Chrome/56.0.2924.87 Safari/537.36"
151.80.238.152 - - [20/Oct/2017:20:30:57 +0300] "GET /.ssh/id_dsa HTTP/1.1" 404 209 "-" "Mozilla/5.0 (Windows NT 10.0; Win64; x64) AppleWebKit/537.36 (KHTML, like Gecko) Chrome/56.0.2924.87 Safari/537.36"
151.80.238.152 - - [20/Oct/2017:20:30:57 +0300] "GET /root/.ssh/id_dsa HTTP/1.1" 404 209 "-" "Mozilla/5.0 (Windows NT 10.0; Win64; x64) AppleWebKit/537.36 (KHTML, like Gecko) Chrome/56.0.2924.87 Safari/537.36"
95.133.241.115 - - [20/Oct/2017:20:43:42 +0300] "GET /Rech/Bookmakers/ HTTP/1.1" 404 152 "-" "Mozilla/5.0 (iPhone; CPU iPhone OS 11_0_2 like Mac OS X) AppleWebKit/604.1.38 (KHTML, like Gecko) Version/11.0 Mobile/15A421 Safari/604.1"
95.133.241.115 - - [20/Oct/2017:20:43:42 +0300] "GET /apple-touch-icon-120x120-precomposed.png HTTP/1.1" 404 152 "-" "MobileSafari/604.1 CFNetwork/887 Darwin/17.0.0"
95.133.241.115 - - [20/Oct/2017:20:43:43 +0300] "GET /apple-touch-icon-120x120.png HTTP/1.1" 404 152 "-" "MobileSafari/604.1 CFNetwork/887 Darwin/17.0.0"
95.133.241.115 - - [20/Oct/2017:20:43:43 +0300] "GET /apple-touch-icon-precomposed.png HTTP/1.1" 404 152 "-" "MobileSafari/604.1 CFNetwork/887 Darwin/17.0.0"
95.133.241.115 - - [20/Oct/2017:20:43:43 +0300] "GET /apple-touch-icon.png HTTP/1.1" 404 152 "-" "MobileSafari/604.1 CFNetwork/887 Darwin/17.0.0"
95.133.241.115 - - [20/Oct/2017:20:43:43 +0300] "GET /favicon.ico HTTP/1.1" 404 152 "-" "MobileSafari/604.1 CFNetwork/887 Darwin/17.0.0"
95.133.241.115 - - [20/Oct/2017:20:43:43 +0300] "GET /apple-touch-icon-120x120-precomposed.png HTTP/1.1" 404 152 "-" "MobileSafari/604.1 CFNetwork/887 Darwin/17.0.0"
95.133.241.115 - - [20/Oct/2017:20:43:43 +0300] "GET /apple-touch-icon-120x120.png HTTP/1.1" 404 152 "-" "MobileSafari/604.1 CFNetwork/887 Darwin/17.0.0"
95.133.241.115 - - [20/Oct/2017:20:43:43 +0300] "GET /apple-touch-icon-precomposed.png HTTP/1.1" 404 152 "-" "MobileSafari/604.1 CFNetwork/887 Darwin/17.0.0"
95.133.241.115 - - [20/Oct/2017:20:43:43 +0300] "GET /apple-touch-icon.png HTTP/1.1" 404 152 "-" "MobileSafari/604.1 CFNetwork/887 Darwin/17.0.0"
95.133.241.115 - - [20/Oct/2017:20:43:43 +0300] "GET /favicon.ico HTTP/1.1" 404 152 "-" "MobileSafari/604.1 CFNetwork/887 Darwin/17.0.0"
178.154.224.71 - - [20/Oct/2017:20:50:57 +0300] "GET / HTTP/1.1" 404 152 "-" "Mozilla/5.0 (compatible; YandexMetrika/2.0; +http://yandex.com/bots mtmon01f.yandex.ru)"
37.9.113.163 - - [20/Oct/2017:21:06:11 +0300] "GET / HTTP/1.1" 404 152 "-" "Mozilla/5.0 (compatible; YandexMetrika/2.0; +http://yandex.com/bots yabs01)"
177.73.245.78 - - [20/Oct/2017:21:09:37 +0300] "GET / HTTP/1.1" 404 178 "-" "curl/7.17.1 (mips-unknown-linux-gnu) libcurl/7.17.1 OpenSSL/0.9.8i zlib/1.2.3"
52.41.211.72 - - [20/Oct/2017:21:15:09 +0300] "GET / HTTP/1.1" 404 152 "http://www.google.com/search?hl=fr&q=dictionary+english" "Magic Browser"
52.41.211.72 - - [20/Oct/2017:21:15:09 +0300] "GET / HTTP/1.1" 404 152 "-" "Magic Browser"
93.115.95.206 - - [20/Oct/2017:21:24:37 +0300] "GET /ozsybry/foto_sovremennyh_tankov_rossii_14822_0.jpg HTTP/1.1" 404 152 "http://applicationonweb.weebly.com/blog/category/all" "Mozilla/5.0 (Windows NT 6.1; rv:52.0) Gecko/20100101 Firefox/52.0"
77.50.251.129 - - [20/Oct/2017:21:39:21 +0300] "GET /favicon.ico HTTP/1.1" 404 152 "-" "Mozilla/5.0 (Windows NT 6.1; Win64; x64; rv:56.0) Gecko/20100101 Firefox/56.0"
77.50.251.129 - - [20/Oct/2017:21:39:24 +0300] "GET / HTTP/1.1" 404 152 "-" "Mozilla/5.0 (Windows NT 6.1; Win64; x64; rv:56.0) Gecko/20100101 Firefox/56.0"
37.9.118.28 - - [20/Oct/2017:21:51:05 +0300] "GET / HTTP/1.1" 404 152 "-" "Mozilla/5.0 (compatible; YandexMetrika/2.0; +http://yandex.com/bots mtmon01i.yandex.ru)"
77.50.251.129 - - [20/Oct/2017:21:52:35 +0300] "GET / HTTP/1.1" 200 664 "-" "Mozilla/5.0 (Windows NT 6.1; Win64; x64; rv:56.0) Gecko/20100101 Firefox/56.0"
77.50.251.129 - - [20/Oct/2017:21:52:35 +0300] "GET /static/blog/css/blog.css HTTP/1.1" 200 841 "http://digital-human.ru/" "Mozilla/5.0 (Windows NT 6.1; Win64; x64; rv:56.0) Gecko/20100101 Firefox/56.0"
77.50.251.129 - - [20/Oct/2017:21:52:44 +0300] "GET /admin/ HTTP/1.1" 302 0 "-" "Mozilla/5.0 (Windows NT 6.1; Win64; x64; rv:56.0) Gecko/20100101 Firefox/56.0"
77.50.251.129 - - [20/Oct/2017:21:52:44 +0300] "GET /admin/login/?next=/admin/ HTTP/1.1" 200 869 "-" "Mozilla/5.0 (Windows NT 6.1; Win64; x64; rv:56.0) Gecko/20100101 Firefox/56.0"
77.50.251.129 - - [20/Oct/2017:21:52:44 +0300] "GET /static/admin/css/base.css HTTP/1.1" 304 0 "http://digital-human.ru/admin/login/?next=/admin/" "Mozilla/5.0 (Windows NT 6.1; Win64; x64; rv:56.0) Gecko/20100101 Firefox/56.0"
77.50.251.129 - - [20/Oct/2017:21:52:44 +0300] "GET /static/admin/css/login.css HTTP/1.1" 304 0 "http://digital-human.ru/admin/login/?next=/admin/" "Mozilla/5.0 (Windows NT 6.1; Win64; x64; rv:56.0) Gecko/20100101 Firefox/56.0"
77.50.251.129 - - [20/Oct/2017:21:52:44 +0300] "GET /static/admin/css/fonts.css HTTP/1.1" 304 0 "http://digital-human.ru/static/admin/css/base.css" "Mozilla/5.0 (Windows NT 6.1; Win64; x64; rv:56.0) Gecko/20100101 Firefox/56.0"
77.50.251.129 - - [20/Oct/2017:21:52:44 +0300] "GET /static/admin/fonts/Roboto-Regular-webfont.woff HTTP/1.1" 304 0 "http://digital-human.ru/static/admin/css/fonts.css" "Mozilla/5.0 (Windows NT 6.1; Win64; x64; rv:56.0) Gecko/20100101 Firefox/56.0"
77.50.251.129 - - [20/Oct/2017:21:52:44 +0300] "GET /static/admin/fonts/Roboto-Light-webfont.woff HTTP/1.1" 304 0 "http://digital-human.ru/static/admin/css/fonts.css" "Mozilla/5.0 (Windows NT 6.1; Win64; x64; rv:56.0) Gecko/20100101 Firefox/56.0"
77.50.251.129 - - [20/Oct/2017:21:52:57 +0300] "GET / HTTP/1.1" 200 664 "-" "Mozilla/5.0 (Windows NT 6.1; Win64; x64; rv:56.0) Gecko/20100101 Firefox/56.0"
77.50.251.129 - - [20/Oct/2017:21:52:57 +0300] "GET /static/blog/css/blog.css HTTP/1.1" 304 0 "http://digital-human.ru/" "Mozilla/5.0 (Windows NT 6.1; Win64; x64; rv:56.0) Gecko/20100101 Firefox/56.0"
77.50.251.129 - - [20/Oct/2017:21:53:06 +0300] "GET / HTTP/1.1" 200 664 "-" "Mozilla/5.0 (Windows NT 6.1; Win64; x64; rv:56.0) Gecko/20100101 Firefox/56.0"
77.50.251.129 - - [20/Oct/2017:21:53:06 +0300] "GET /static/blog/css/blog.css HTTP/1.1" 304 0 "http://digital-human.ru/" "Mozilla/5.0 (Windows NT 6.1; Win64; x64; rv:56.0) Gecko/20100101 Firefox/56.0"
77.50.251.129 - - [20/Oct/2017:21:53:41 +0300] "GET / HTTP/1.1" 200 664 "-" "Mozilla/5.0 (Windows NT 6.1; Win64; x64; rv:56.0) Gecko/20100101 Firefox/56.0"
77.50.251.129 - - [20/Oct/2017:21:53:41 +0300] "GET /static/blog/css/blog.css HTTP/1.1" 304 0 "http://digital-human.ru/" "Mozilla/5.0 (Windows NT 6.1; Win64; x64; rv:56.0) Gecko/20100101 Firefox/56.0"
77.50.251.129 - - [20/Oct/2017:21:53:42 +0300] "GET / HTTP/1.1" 200 664 "-" "Mozilla/5.0 (Windows NT 6.1; Win64; x64; rv:56.0) Gecko/20100101 Firefox/56.0"
77.50.251.129 - - [20/Oct/2017:21:53:42 +0300] "GET /static/blog/css/blog.css HTTP/1.1" 304 0 "http://digital-human.ru/" "Mozilla/5.0 (Windows NT 6.1; Win64; x64; rv:56.0) Gecko/20100101 Firefox/56.0"
107.167.107.104 - - [20/Oct/2017:21:56:16 +0300] "GET /ozsybry/skachat_vzlom_vormiksa_1634_0.jpg HTTP/1.1" 404 152 "http://distant.gbou-bpt.ru/page-vzlom-sputnikovih-kanalov-skachatj-torrent" "Opera/9.80 (Android; Opera Mini/30.0.2254/73.114; U; ru) Presto/2.12.423 Version/12.16"
107.167.107.104 - - [20/Oct/2017:22:00:33 +0300] "GET /ozsybry/skachat_vzlom_vormiksa_1634_0.jpg HTTP/1.1" 404 152 "http://distant.gbou-bpt.ru/page-vzlom-sputnikovih-kanalov-skachatj-torrent" "Opera/9.80 (Android; Opera Mini/30.0.2254/73.114; U; ru) Presto/2.12.423 Version/12.16"
176.126.252.12 - - [20/Oct/2017:22:01:38 +0300] "GET /id_rsa HTTP/1.1" 404 209 "-" "Mozilla/5.0 (Windows NT 10.0; Win64; x64) AppleWebKit/537.36 (KHTML, like Gecko) Chrome/56.0.2924.87 Safari/537.36"
176.126.252.12 - - [20/Oct/2017:22:01:38 +0300] "GET /.ssh/id_rsa HTTP/1.1" 404 209 "-" "Mozilla/5.0 (Windows NT 10.0; Win64; x64) AppleWebKit/537.36 (KHTML, like Gecko) Chrome/56.0.2924.87 Safari/537.36"
176.126.252.12 - - [20/Oct/2017:22:01:39 +0300] "GET /root/.ssh/id_rsa HTTP/1.1" 404 209 "-" "Mozilla/5.0 (Windows NT 10.0; Win64; x64) AppleWebKit/537.36 (KHTML, like Gecko) Chrome/56.0.2924.87 Safari/537.36"
176.126.252.12 - - [20/Oct/2017:22:01:39 +0300] "GET /id_dsa HTTP/1.1" 404 209 "-" "Mozilla/5.0 (Windows NT 10.0; Win64; x64) AppleWebKit/537.36 (KHTML, like Gecko) Chrome/56.0.2924.87 Safari/537.36"
176.126.252.12 - - [20/Oct/2017:22:01:41 +0300] "GET /.ssh/id_dsa HTTP/1.1" 404 209 "-" "Mozilla/5.0 (Windows NT 10.0; Win64; x64) AppleWebKit/537.36 (KHTML, like Gecko) Chrome/56.0.2924.87 Safari/537.36"
176.126.252.12 - - [20/Oct/2017:22:01:41 +0300] "GET /root/.ssh/id_dsa HTTP/1.1" 404 209 "-" "Mozilla/5.0 (Windows NT 10.0; Win64; x64) AppleWebKit/537.36 (KHTML, like Gecko) Chrome/56.0.2924.87 Safari/537.36"
163.172.4.153 - - [20/Oct/2017:22:09:48 +0300] "GET / HTTP/1.1" 404 152 "http://digital-human.ru/" "Mozilla/5.0 (Windows NT 5.1; rv:52.0) Gecko/20100101 Firefox/52.0"
169.53.184.28 - - [20/Oct/2017:22:10:54 +0300] "GET / HTTP/1.1" 404 178 "-" "-"
31.202.216.197 - - [20/Oct/2017:22:16:47 +0300] "GET / HTTP/1.1" 404 209 "-" "Mozilla/5.0 (Windows NT 6.1) AppleWebKit/537.36 (KHTML, like Gecko) Chrome/52.0.2743.116 Safari/537.36"
31.202.216.197 - - [20/Oct/2017:22:16:47 +0300] "GET /robots.txt HTTP/1.1" 404 209 "-" "Mozilla/5.0 (Windows NT 6.1) AppleWebKit/537.36 (KHTML, like Gecko) Chrome/52.0.2743.116 Safari/537.36"
157.55.39.227 - - [20/Oct/2017:22:25:17 +0300] "GET / HTTP/1.1" 404 152 "-" "Mozilla/5.0 (compatible; bingbot/2.0; +http://www.bing.com/bingbot.htm)"
176.121.192.34 - - [20/Oct/2017:22:30:34 +0300] "GET / HTTP/1.1" 404 178 "-" "curl/7.17.1 (mips-unknown-linux-gnu) libcurl/7.17.1 OpenSSL/0.9.8i zlib/1.2.3"
163.172.255.19 - - [20/Oct/2017:22:44:25 +0300] "GET /administrator/components/com_maianmedia/utilities/charts/php-ofc-library/ofc_upload_image.php HTTP/1.1" 404 209 "http://ai-forecasts.com/administrator/components/com_maianmedia/utilities/charts/php-ofc-library/ofc_upload_image.php" "Mozilla/5.0 (Windows NT 6.1; WOW64) AppleWebKit/537.36 (KHTML, like Gecko) Chrome/42.0.2311.152 Safari/537.36"
85.219.196.236 - - [20/Oct/2017:22:48:18 +0300] "GET / HTTP/1.1" 404 178 "-" "curl/7.17.1 (mips-unknown-linux-gnu) libcurl/7.17.1 OpenSSL/0.9.8i zlib/1.2.3"
42.236.101.234 - - [20/Oct/2017:23:01:25 +0300] "GET / HTTP/1.1" 404 209 "http://www.bi-grouplabs.ru/" "Mozilla/5.0 (Windows NT 6.1; WOW64) AppleWebKit/537.36 (KHTML, like Gecko) Chrome/50.0.2661.102 Safari/537.36; 360Spider"
42.236.101.234 - - [20/Oct/2017:23:01:25 +0300] "GET / HTTP/1.1" 404 209 "http://bi-grouplabs.ru/" "Mozilla/5.0 (Windows NT 6.1; WOW64) AppleWebKit/537.36 (KHTML, like Gecko) Chrome/50.0.2661.102 Safari/537.36; 360Spider"
42.236.54.42 - - [20/Oct/2017:23:06:01 +0300] "GET / HTTP/1.1" 404 209 "http://www.high-tech.su/" "Mozilla/5.0 (Windows NT 6.1; WOW64) AppleWebKit/537.36 (KHTML, like Gecko) Chrome/50.0.2661.102 Safari/537.36; 360Spider"
42.236.54.42 - - [20/Oct/2017:23:06:01 +0300] "GET / HTTP/1.1" 404 209 "http://high-tech.su/" "Mozilla/5.0 (Windows NT 6.1; WOW64) AppleWebKit/537.36 (KHTML, like Gecko) Chrome/50.0.2661.102 Safari/537.36; 360Spider"
107.150.56.226 - - [20/Oct/2017:23:13:48 +0300] "GET /wp-login.php HTTP/1.1" 404 580 "http://ai-forecasts.com/wp-login.php" "Mozilla/4.0 (compatible; MSIE 9.0; Windows NT 6.1; 125LA; .NET CLR 2.0.50727; .NET CLR 3.0.04506.648; .NET CLR 3.5.21022)"
107.150.56.226 - - [20/Oct/2017:23:13:48 +0300] "GET /wp-login.php HTTP/1.1" 404 580 "http://ai-forecasts.com/wp-login.php" "Mozilla/4.0 (compatible; MSIE 9.0; Windows NT 6.1; 125LA; .NET CLR 2.0.50727; .NET CLR 3.0.04506.648; .NET CLR 3.5.21022)"
37.9.118.24 - - [20/Oct/2017:23:13:56 +0300] "GET / HTTP/1.1" 404 152 "-" "Mozilla/5.0 (compatible; YandexMetrika/2.0; +http://yandex.com/bots)"
37.9.118.24 - - [20/Oct/2017:23:13:57 +0300] "GET / HTTP/1.1" 404 152 "-" "Mozilla/5.0 (compatible; YandexMetrika/2.0; +http://yandex.com/bots)"
95.108.129.196 - - [20/Oct/2017:23:15:58 +0300] "GET / HTTP/1.1" 404 152 "-" "Mozilla/5.0 (compatible; YandexMetrika/2.0; +http://yandex.com/bots mtmon01e.yandex.ru)"
34.211.233.244 - - [20/Oct/2017:23:19:57 +0300] "GET / HTTP/1.1" 404 152 "-" "Mozilla/5.0 (X11; Linux i686; rv:47.0) Gecko/20100101 Firefox/47.0"
40.77.167.5 - - [20/Oct/2017:23:24:43 +0300] "GET / HTTP/1.1" 404 152 "-" "Mozilla/5.0 (compatible; bingbot/2.0; +http://www.bing.com/bingbot.htm)"
31.202.216.197 - - [20/Oct/2017:23:42:25 +0300] "GET / HTTP/1.1" 404 209 "-" "Mozilla/5.0 (Windows NT 6.1) AppleWebKit/537.36 (KHTML, like Gecko) Chrome/52.0.2743.116 Safari/537.36"
31.202.216.197 - - [20/Oct/2017:23:42:25 +0300] "GET /robots.txt HTTP/1.1" 404 209 "-" "Mozilla/5.0 (Windows NT 6.1) AppleWebKit/537.36 (KHTML, like Gecko) Chrome/52.0.2743.116 Safari/537.36"
95.133.241.115 - - [20/Oct/2017:23:50:26 +0300] "GET /Rech/Bookmakers/ HTTP/1.1" 404 152 "-" "Mozilla/5.0 (iPhone; CPU iPhone OS 11_0_2 like Mac OS X) AppleWebKit/604.1.38 (KHTML, like Gecko) Version/11.0 Mobile/15A421 Safari/604.1"
95.133.241.115 - - [20/Oct/2017:23:50:26 +0300] "GET /apple-touch-icon-120x120-precomposed.png HTTP/1.1" 404 152 "-" "MobileSafari/604.1 CFNetwork/887 Darwin/17.0.0"
95.133.241.115 - - [20/Oct/2017:23:50:27 +0300] "GET /apple-touch-icon-120x120.png HTTP/1.1" 404 152 "-" "MobileSafari/604.1 CFNetwork/887 Darwin/17.0.0"
95.133.241.115 - - [20/Oct/2017:23:50:27 +0300] "GET /apple-touch-icon-precomposed.png HTTP/1.1" 404 152 "-" "MobileSafari/604.1 CFNetwork/887 Darwin/17.0.0"
95.133.241.115 - - [20/Oct/2017:23:50:27 +0300] "GET /apple-touch-icon.png HTTP/1.1" 404 152 "-" "MobileSafari/604.1 CFNetwork/887 Darwin/17.0.0"
95.108.129.196 - - [20/Oct/2017:23:52:40 +0300] "GET / HTTP/1.1" 404 152 "-" "Mozilla/5.0 (compatible; YandexMetrika/2.0; +http://yandex.com/bots mtmon01e.yandex.ru)"
37.9.113.163 - - [20/Oct/2017:23:59:12 +0300] "GET /robots.txt HTTP/1.1" 404 178 "-" "Mozilla/5.0 (compatible; YandexBot/3.0; +http://yandex.com/bots)"
37.9.113.163 - - [20/Oct/2017:23:59:16 +0300] "GET /Product/crm/data_analysis_CRM/images/segment3.gif HTTP/1.1" 404 152 "-" "Mozilla/5.0 (compatible; YandexImages/3.0; +http://yandex.com/bots)"
178.154.224.71 - - [21/Oct/2017:00:23:45 +0300] "GET / HTTP/1.1" 404 152 "-" "Mozilla/5.0 (compatible; YandexMetrika/2.0; +http://yandex.com/bots mtmon01f.yandex.ru)"
95.133.241.115 - - [21/Oct/2017:00:28:25 +0300] "GET /Rech/Bookmakers/ HTTP/1.1" 404 152 "-" "Mozilla/5.0 (iPhone; CPU iPhone OS 11_0_2 like Mac OS X) AppleWebKit/604.1.38 (KHTML, like Gecko) Version/11.0 Mobile/15A421 Safari/604.1"
95.133.241.115 - - [21/Oct/2017:00:28:25 +0300] "GET /apple-touch-icon-120x120-precomposed.png HTTP/1.1" 404 152 "-" "MobileSafari/604.1 CFNetwork/887 Darwin/17.0.0"
95.133.241.115 - - [21/Oct/2017:00:28:26 +0300] "GET /apple-touch-icon-120x120.png HTTP/1.1" 404 152 "-" "MobileSafari/604.1 CFNetwork/887 Darwin/17.0.0"
95.133.241.115 - - [21/Oct/2017:00:28:26 +0300] "GET /apple-touch-icon-precomposed.png HTTP/1.1" 404 152 "-" "MobileSafari/604.1 CFNetwork/887 Darwin/17.0.0"
95.133.241.115 - - [21/Oct/2017:00:28:26 +0300] "GET /apple-touch-icon.png HTTP/1.1" 404 152 "-" "MobileSafari/604.1 CFNetwork/887 Darwin/17.0.0"
95.133.241.115 - - [21/Oct/2017:00:28:26 +0300] "GET /favicon.ico HTTP/1.1" 404 152 "-" "MobileSafari/604.1 CFNetwork/887 Darwin/17.0.0"
95.133.241.115 - - [21/Oct/2017:00:28:26 +0300] "GET /apple-touch-icon-120x120-precomposed.png HTTP/1.1" 404 152 "-" "MobileSafari/604.1 CFNetwork/887 Darwin/17.0.0"
95.133.241.115 - - [21/Oct/2017:00:28:26 +0300] "GET /apple-touch-icon-120x120.png HTTP/1.1" 404 152 "-" "MobileSafari/604.1 CFNetwork/887 Darwin/17.0.0"
95.133.241.115 - - [21/Oct/2017:00:28:27 +0300] "GET /apple-touch-icon-precomposed.png HTTP/1.1" 404 152 "-" "MobileSafari/604.1 CFNetwork/887 Darwin/17.0.0"
95.133.241.115 - - [21/Oct/2017:00:28:27 +0300] "GET /apple-touch-icon.png HTTP/1.1" 404 152 "-" "MobileSafari/604.1 CFNetwork/887 Darwin/17.0.0"
95.133.241.115 - - [21/Oct/2017:00:28:27 +0300] "GET /favicon.ico HTTP/1.1" 404 152 "-" "MobileSafari/604.1 CFNetwork/887 Darwin/17.0.0"
40.77.167.5 - - [21/Oct/2017:00:36:55 +0300] "GET / HTTP/1.1" 404 152 "-" "Mozilla/5.0 (compatible; bingbot/2.0; +http://www.bing.com/bingbot.htm)"
178.154.224.71 - - [21/Oct/2017:00:50:55 +0300] "GET / HTTP/1.1" 404 152 "-" "Mozilla/5.0 (compatible; YandexMetrika/2.0; +http://yandex.com/bots mtmon01f.yandex.ru)"
95.108.129.196 - - [21/Oct/2017:01:03:07 +0300] "GET / HTTP/1.1" 404 152 "-" "Mozilla/5.0 (compatible; YandexMetrika/2.0; +http://yandex.com/bots mtmon01e.yandex.ru)"
157.55.39.227 - - [21/Oct/2017:01:14:22 +0300] "GET / HTTP/1.1" 404 152 "-" "Mozilla/5.0 (iPhone; CPU iPhone OS 7_0 like Mac OS X) AppleWebKit/537.51.1 (KHTML, like Gecko) Version/7.0 Mobile/11A465 Safari/9537.53 (compatible; bingbot/2.0; +http://www.bing.com/bingbot.htm)"
37.9.118.28 - - [21/Oct/2017:01:30:47 +0300] "GET / HTTP/1.1" 404 152 "-" "Mozilla/5.0 (compatible; YandexMetrika/2.0; +http://yandex.com/bots mtmon01i.yandex.ru)"
95.30.92.181 - - [21/Oct/2017:01:51:51 +0300] "GET / HTTP/1.1" 404 152 "-" "Mozilla/5.0 (Windows NT 6.1; WOW64; rv:38.0) Gecko/20100101 Firefox/38.0"
37.9.118.28 - - [21/Oct/2017:02:13:11 +0300] "GET / HTTP/1.1" 404 152 "-" "Mozilla/5.0 (compatible; YandexMetrika/2.0; +http://yandex.com/bots mtmon01i.yandex.ru)"
177.203.10.148 - - [21/Oct/2017:02:30:15 +0300] "GET / HTTP/1.1" 404 178 "-" "curl/7.17.1 (mips-unknown-linux-gnu) libcurl/7.17.1 OpenSSL/0.9.8i zlib/1.2.3"
185.51.24.84 - - [21/Oct/2017:02:44:12 +0300] "GET / HTTP/1.1" 404 178 "-" "curl/7.17.1 (mips-unknown-linux-gnu) libcurl/7.17.1 OpenSSL/0.9.8i zlib/1.2.3"
18.194.125.101 - - [21/Oct/2017:02:56:36 +0300] "GET /robots.txt HTTP/1.1" 404 152 "-" "Mozilla/5.0 (compatible; Cliqzbot/2.0; +http://cliqz.com/company/cliqzbot)"
18.194.125.101 - - [21/Oct/2017:02:56:37 +0300] "GET /Product/crm/functions_crm.html HTTP/1.1" 404 152 "-" "Mozilla/5.0 (compatible; Cliqzbot/2.0; +http://cliqz.com/company/cliqzbot)"
178.154.224.71 - - [21/Oct/2017:02:58:02 +0300] "GET / HTTP/1.1" 404 152 "-" "Mozilla/5.0 (compatible; YandexMetrika/2.0; +http://yandex.com/bots mtmon01f.yandex.ru)"
180.76.15.152 - - [21/Oct/2017:03:05:01 +0300] "GET /robots.txt HTTP/1.1" 404 152 "-" "Mozilla/5.0 (Windows NT 5.1; rv:6.0.2) Gecko/20100101 Firefox/6.0.2"
54.219.63.77 - - [21/Oct/2017:03:37:17 +0300] "GET /robots.txt HTTP/1.1" 404 209 "-" "Mozilla/5.0 (Windows NT 6.1) AppleWebKit/537.1 (KHTML, like Gecko) Chrome/21.0.1180.89 Safari/537.1; http://spyonweb.com spyonweb@gmail.com"
54.219.63.77 - - [21/Oct/2017:03:37:18 +0300] "GET / HTTP/1.1" 404 209 "-" "Mozilla/5.0 (Windows NT 6.1) AppleWebKit/537.1 (KHTML, like Gecko) Chrome/21.0.1180.89 Safari/537.1; http://spyonweb.com spyonweb@gmail.com"
193.169.52.154 - - [21/Oct/2017:03:42:49 +0300] "GET / HTTP/1.1" 404 209 "-" "Mozilla/5.0 (X11; Linux x86_64) AppleWebKit/537.36 (KHTML, like Gecko) Chrome/34.0.1847.132 Safari/537.36"
180.76.15.5 - - [21/Oct/2017:03:50:42 +0300] "GET /robots.txt HTTP/1.1" 404 152 "-" "Mozilla/5.0 (Windows NT 5.1; rv:6.0.2) Gecko/20100101 Firefox/6.0.2"
37.9.118.28 - - [21/Oct/2017:04:06:57 +0300] "GET / HTTP/1.1" 404 152 "-" "Mozilla/5.0 (compatible; YandexMetrika/2.0; +http://yandex.com/bots mtmon01i.yandex.ru)"
37.9.113.163 - - [21/Oct/2017:04:53:32 +0300] "GET /robots.txt HTTP/1.1" 404 178 "-" "Mozilla/5.0 (compatible; YandexBot/3.0; +http://yandex.com/bots)"
37.9.113.163 - - [21/Oct/2017:04:53:36 +0300] "GET /index.files/plan5.gif HTTP/1.1" 404 152 "-" "Mozilla/5.0 (compatible; YandexImages/3.0; +http://yandex.com/bots)"
34.215.254.66 - - [21/Oct/2017:05:03:14 +0300] "GET / HTTP/1.1" 404 152 "-" "Mozilla/5.0 (X11; Linux x86_64) AppleWebKit/534.34 (KHTML, like Gecko) Qt/4.8.2"
34.215.254.66 - - [21/Oct/2017:05:03:22 +0300] "GET / HTTP/1.1" 404 152 "-" "Mozilla/5.0 (X11; Linux x86_64) AppleWebKit/534.34 (KHTML, like Gecko) Qt/4.8.2"
95.108.129.196 - - [21/Oct/2017:05:21:47 +0300] "GET / HTTP/1.1" 404 152 "-" "Mozilla/5.0 (compatible; YandexMetrika/2.0; +http://yandex.com/bots mtmon01e.yandex.ru)"
213.87.224.5 - - [21/Oct/2017:05:28:40 +0300] "GET /ozsybry/skachat_ezhednevnik_programmu_1471_0.jpg HTTP/1.1" 404 209 "http://softpick.at.ua/blog/svoj_citatnik_ili_soobshhestvo_besplatno_ezhednevnik_programma/2014-02-28-35" "Mozilla/5.0 (Windows NT 6.3; WOW64) AppleWebKit/537.36 (KHTML, like Gecko) Chrome/61.0.3163.100 Safari/537.36 OPR/48.0.2685.39"
52.34.24.33 - - [21/Oct/2017:05:34:38 +0300] "GET / HTTP/1.1" 404 152 "http://www.google.com/search?hl=fr&q=dictionary+english" "Magic Browser"
52.34.24.33 - - [21/Oct/2017:05:34:39 +0300] "GET / HTTP/1.1" 404 152 "-" "Magic Browser"
95.108.129.196 - - [21/Oct/2017:06:06:50 +0300] "GET / HTTP/1.1" 404 152 "-" "Mozilla/5.0 (compatible; YandexMetrika/2.0; +http://yandex.com/bots mtmon01e.yandex.ru)"
176.105.165.145 - - [21/Oct/2017:06:35:52 +0300] "GET / HTTP/1.1" 404 178 "-" "curl/7.17.1 (mips-unknown-linux-gnu) libcurl/7.17.1 OpenSSL/0.9.8i zlib/1.2.3"
178.154.224.71 - - [21/Oct/2017:06:40:26 +0300] "GET / HTTP/1.1" 404 152 "-" "Mozilla/5.0 (compatible; YandexMetrika/2.0; +http://yandex.com/bots mtmon01f.yandex.ru)"
178.154.224.71 - - [21/Oct/2017:06:55:35 +0300] "GET / HTTP/1.1" 404 152 "-" "Mozilla/5.0 (compatible; YandexMetrika/2.0; +http://yandex.com/bots mtmon01f.yandex.ru)"
