178.154.224.71 - - [18/Oct/2017:03:50:40 +0300] "GET / HTTP/1.1" 404 152 "-" "Mozilla/5.0 (compatible; YandexMetrika/2.0; +http://yandex.com/bots mtmon01f.yandex.ru)"
217.69.133.11 - - [18/Oct/2017:03:53:26 +0300] "GET /robots.txt HTTP/1.0" 404 178 "-" "Mozilla/5.0 (compatible; Linux x86_64; Mail.RU_Bot/2.0; +http://go.mail.ru/help/robots)"
217.69.133.13 - - [18/Oct/2017:03:53:28 +0300] "GET /Product/crm/vtiger/vtiger1_10.png HTTP/1.1" 404 152 "-" "Mozilla/5.0 (compatible; Linux x86_64; Mail.RU_Bot/2.0; +http://go.mail.ru/help/robots)"
185.27.216.196 - - [18/Oct/2017:03:53:46 +0300] "GET / HTTP/1.1" 404 178 "-" "curl/7.17.1 (mips-unknown-linux-gnu) libcurl/7.17.1 OpenSSL/0.9.8i zlib/1.2.3"
217.69.133.12 - - [18/Oct/2017:03:58:29 +0300] "GET /index.php/item/itemlist/category/9-management?format=feed HTTP/1.1" 404 152 "-" "Mozilla/5.0 (compatible; Linux x86_64; Mail.RU_Bot/2.0; +http://go.mail.ru/help/robots)"
217.182.132.82 - - [18/Oct/2017:04:01:33 +0300] "GET / HTTP/1.1" 404 152 "-" "Mozilla/5.0 (compatible; AhrefsBot/5.2; +http://ahrefs.com/robot/)"
95.108.129.196 - - [18/Oct/2017:04:15:41 +0300] "GET / HTTP/1.1" 404 152 "-" "Mozilla/5.0 (compatible; YandexMetrika/2.0; +http://yandex.com/bots mtmon01e.yandex.ru)"
176.31.188.197 - - [18/Oct/2017:04:29:38 +0300] "GET /biforum3/ HTTP/1.0" 404 580 "http://www.bi-grouplabs.ru/biforum3/" "Mozilla/5.0 (Windows NT 10.0; Win64; x64) AppleWebKit/537.36 (KHTML, like Gecko) Chrome/57.0.2987.133 Safari/537.36"
176.31.188.197 - - [18/Oct/2017:04:29:39 +0300] "GET / HTTP/1.0" 404 580 "http://www.bi-grouplabs.ru/" "Mozilla/5.0 (Windows NT 10.0; Win64; x64) AppleWebKit/537.36 (KHTML, like Gecko) Chrome/57.0.2987.133 Safari/537.36"
176.31.188.197 - - [18/Oct/2017:04:29:39 +0300] "GET / HTTP/1.0" 404 580 "http://www.bi-grouplabs.ru/" "Mozilla/5.0 (Windows NT 10.0; Win64; x64) AppleWebKit/537.36 (KHTML, like Gecko) Chrome/57.0.2987.133 Safari/537.36"
176.31.188.197 - - [18/Oct/2017:04:29:40 +0300] "GET / HTTP/1.0" 404 580 "http://forum.bi-grouplabs.ru/" "Mozilla/5.0 (Windows NT 10.0; Win64; x64) AppleWebKit/537.36 (KHTML, like Gecko) Chrome/57.0.2987.133 Safari/537.36"
67.23.230.251 - - [18/Oct/2017:04:46:23 +0300] "GET /news/wp-login.php HTTP/1.1" 404 580 "-" "Mozilla/5.0 (Windows NT 6.1; Win64; x64) AppleWebKit/537.36 (KHTML, like Gecko) Chrome/61.0.3163.100 Safari/537.36"
157.55.39.160 - - [18/Oct/2017:04:46:39 +0300] "GET / HTTP/1.1" 404 152 "-" "Mozilla/5.0 (compatible; bingbot/2.0; +http://www.bing.com/bingbot.htm)"
37.9.118.28 - - [18/Oct/2017:05:01:27 +0300] "GET / HTTP/1.1" 404 152 "-" "Mozilla/5.0 (compatible; YandexMetrika/2.0; +http://yandex.com/bots mtmon01i.yandex.ru)"
158.85.81.121 - - [18/Oct/2017:05:12:30 +0300] "GET / HTTP/1.1" 404 178 "-" "-"
151.80.39.18 - - [18/Oct/2017:05:19:57 +0300] "GET /robots.txt HTTP/1.1" 404 152 "-" "Mozilla/5.0 (compatible; AhrefsBot/5.2; +http://ahrefs.com/robot/)"
151.80.39.27 - - [18/Oct/2017:05:19:57 +0300] "GET /robots.txt HTTP/1.1" 404 152 "-" "Mozilla/5.0 (compatible; AhrefsBot/5.2; +http://ahrefs.com/robot/)"
37.9.118.28 - - [18/Oct/2017:05:42:28 +0300] "GET / HTTP/1.1" 404 152 "-" "Mozilla/5.0 (compatible; YandexMetrika/2.0; +http://yandex.com/bots mtmon01i.yandex.ru)"
31.130.18.58 - - [18/Oct/2017:05:48:33 +0300] "GET /seminars/ HTTP/1.0" 404 580 "http://www.bi-grouplabs.ru/seminars/" "Mozilla/5.0 (Windows NT 6.1) AppleWebKit/537.36 (KHTML, like Gecko) Chrome/56.0.2924.87 Safari/537.36 OPR/43.0.2442.1144"
31.130.18.58 - - [18/Oct/2017:05:48:33 +0300] "GET / HTTP/1.0" 404 580 "http://www.bi-grouplabs.ru/" "Mozilla/5.0 (Windows NT 6.1) AppleWebKit/537.36 (KHTML, like Gecko) Chrome/56.0.2924.87 Safari/537.36 OPR/43.0.2442.1144"
31.130.18.58 - - [18/Oct/2017:05:48:34 +0300] "GET / HTTP/1.0" 404 580 "http://www.bi-grouplabs.ru/" "Mozilla/5.0 (Windows NT 6.1) AppleWebKit/537.36 (KHTML, like Gecko) Chrome/56.0.2924.87 Safari/537.36 OPR/43.0.2442.1144"
31.130.18.58 - - [18/Oct/2017:05:48:34 +0300] "GET / HTTP/1.0" 404 580 "http://forum.bi-grouplabs.ru/" "Mozilla/5.0 (Windows NT 6.1) AppleWebKit/537.36 (KHTML, like Gecko) Chrome/56.0.2924.87 Safari/537.36 OPR/43.0.2442.1144"
121.161.175.214 - - [18/Oct/2017:05:48:47 +0300] "GET / HTTP/1.1" 404 178 "-" "-"
121.161.175.214 - - [18/Oct/2017:05:48:47 +0300] "\x00" 400 182 "-" "-"
121.161.175.214 - - [18/Oct/2017:05:48:47 +0300] "POST /command.php HTTP/1.1" 404 178 "-" "-"
121.161.175.214 - - [18/Oct/2017:05:48:48 +0300] "\x00" 400 182 "-" "-"
121.161.175.214 - - [18/Oct/2017:05:48:48 +0300] "GET /system.ini?loginuse&loginpas HTTP/1.1" 404 178 "-" "-"
121.161.175.214 - - [18/Oct/2017:05:48:49 +0300] "\x00" 400 182 "-" "-"
121.161.175.214 - - [18/Oct/2017:05:48:49 +0300] "GET /upgrade_handle.php?cmd=writeuploaddir&uploaddir=%27;echo+nuuo+123456;%27 HTTP/1.1" 404 178 "-" "-"
121.161.175.214 - - [18/Oct/2017:05:48:49 +0300] "\x00" 400 182 "-" "-"
121.161.175.214 - - [18/Oct/2017:05:48:50 +0300] "GET /board.cgi?cmd=cat%20/etc/passwd HTTP/1.1" 404 178 "-" "-"
121.161.175.214 - - [18/Oct/2017:05:48:50 +0300] "\x00" 400 182 "-" "-"
121.161.175.214 - - [18/Oct/2017:05:48:50 +0300] "POST /hedwig.cgi HTTP/1.1" 404 178 "-" "-"
121.161.175.214 - - [18/Oct/2017:05:48:51 +0300] "\x00" 400 182 "-" "-"
121.161.175.214 - - [18/Oct/2017:05:48:51 +0300] "POST /apply.cgi HTTP/1.1" 404 178 "-" "-"
121.161.175.214 - - [18/Oct/2017:05:48:51 +0300] "submit_button=Diagnostics&change_action=gozila_cgi&submit_type=start_ping&action=&commit=0&nowait=1&ping_ip=%3b%20AAA***BBB|||%20%3b&ping_size=&ping_times=5&traceroute_ip=\x00" 400 182 "-" "-"
121.161.175.214 - - [18/Oct/2017:05:48:52 +0300] "GET /setup.cgi?next_file=netgear.cfg&todo=syscmd&curpath=/&currentsetting.htm=1&cmd=echo+dgn+123456 HTTP/1.1" 404 178 "-" "-"
121.161.175.214 - - [18/Oct/2017:05:48:52 +0300] "\x00" 400 182 "-" "-"
121.161.175.214 - - [18/Oct/2017:05:48:53 +0300] "GET /cgi-bin/user/Config.cgi?.cab&action=get&category=Account.* HTTP/1.1" 404 178 "-" "-"
121.161.175.214 - - [18/Oct/2017:05:48:53 +0300] "\x00" 400 182 "-" "-"
121.161.175.214 - - [18/Oct/2017:05:48:53 +0300] "GET /shell?echo+jaws+123456;cat+/proc/cpuinfo HTTP/1.1" 404 178 "-" "-"
121.161.175.214 - - [18/Oct/2017:05:48:54 +0300] "\x00" 400 182 "-" "-"
157.55.39.231 - - [18/Oct/2017:06:00:58 +0300] "GET / HTTP/1.1" 404 152 "-" "Mozilla/5.0 (compatible; bingbot/2.0; +http://www.bing.com/bingbot.htm)"
169.54.233.120 - - [18/Oct/2017:06:03:48 +0300] "GET / HTTP/1.1" 404 178 "-" "-"
151.80.39.119 - - [18/Oct/2017:06:06:51 +0300] "GET /robots.txt HTTP/1.1" 404 152 "-" "Mozilla/5.0 (compatible; AhrefsBot/5.2; +http://ahrefs.com/robot/)"
31.130.18.58 - - [18/Oct/2017:06:09:07 +0300] "GET /seminars/ HTTP/1.0" 404 580 "http://www.bi-grouplabs.ru/seminars/" "Mozilla/5.0 (Windows NT 10.0; Win64; x64) AppleWebKit/537.36 (KHTML, like Gecko) Chrome/57.0.2987.110 Safari/537.36"
31.130.18.58 - - [18/Oct/2017:06:09:07 +0300] "GET / HTTP/1.0" 404 580 "http://www.bi-grouplabs.ru/" "Mozilla/5.0 (Windows NT 10.0; Win64; x64) AppleWebKit/537.36 (KHTML, like Gecko) Chrome/57.0.2987.110 Safari/537.36"
31.130.18.58 - - [18/Oct/2017:06:09:07 +0300] "GET / HTTP/1.0" 404 580 "http://www.bi-grouplabs.ru/" "Mozilla/5.0 (Windows NT 10.0; Win64; x64) AppleWebKit/537.36 (KHTML, like Gecko) Chrome/57.0.2987.110 Safari/537.36"
31.130.18.58 - - [18/Oct/2017:06:09:07 +0300] "GET / HTTP/1.0" 404 580 "http://forum.bi-grouplabs.ru/" "Mozilla/5.0 (Windows NT 10.0; Win64; x64) AppleWebKit/537.36 (KHTML, like Gecko) Chrome/57.0.2987.110 Safari/537.36"
208.80.194.30 - - [18/Oct/2017:06:26:59 +0300] "GET /Rech/plan/forecast_elektra.html HTTP/1.0" 404 178 "-" "Mozilla/5.0 (X11; U; Linux i686; en-US; rv:1.9.2.11) Gecko/20101013 Ubuntu/10.04 (lucid) Firefox/3.6.11"
163.172.255.139 - - [18/Oct/2017:06:38:43 +0300] "GET /administrator/components/com_jnewsletter/includes/openflashchart/php-ofc-library/ofc_upload_image.php HTTP/1.1" 404 209 "http://www.bi-grouplabs.ru/administrator/components/com_jnewsletter/includes/openflashchart/php-ofc-library/ofc_upload_image.php" "Mozilla/5.0 (Windows NT 6.1; WOW64) AppleWebKit/537.36 (KHTML, like Gecko) Chrome/42.0.2311.152 Safari/537.36"
163.172.255.19 - - [18/Oct/2017:06:38:44 +0300] "GET /administrator/components/com_civicrm/civicrm/packages/OpenFlashChart/php-ofc-library/ofc_upload_image.php HTTP/1.1" 404 209 "http://www.bi-grouplabs.ru/administrator/components/com_civicrm/civicrm/packages/OpenFlashChart/php-ofc-library/ofc_upload_image.php" "Mozilla/5.0 (Windows NT 6.1; WOW64) AppleWebKit/537.36 (KHTML, like Gecko) Chrome/42.0.2311.152 Safari/537.36"
67.23.230.251 - - [18/Oct/2017:06:39:32 +0300] "GET /blog/wp-login.php HTTP/1.1" 404 580 "-" "Mozilla/5.0 (Windows NT 6.1; Win64; x64) AppleWebKit/537.36 (KHTML, like Gecko) Chrome/61.0.3163.100 Safari/537.36"
217.69.133.14 - - [18/Oct/2017:06:59:37 +0300] "GET /robots.txt HTTP/1.0" 404 178 "-" "Mozilla/5.0 (compatible; Linux x86_64; Mail.RU_Bot/2.0; +http://go.mail.ru/help/robots)"
217.69.133.10 - - [18/Oct/2017:06:59:38 +0300] "GET /index.php/solutions/categories/itemlist/tag/%D0%AD%D0%BD%D0%B5%D1%80%D0%B3%D0%BE%D1%81%D0%B1%D1%8B%D1%82 HTTP/1.1" 404 152 "-" "Mozilla/5.0 (compatible; Linux x86_64; Mail.RU_Bot/2.0; +http://go.mail.ru/help/robots)"
91.189.112.7 - - [18/Oct/2017:07:02:24 +0300] "GET / HTTP/1.1" 404 580 "-" "Mozilla/5.0 (Macintosh; Intel Mac OS X 10_11_3) AppleWebKit/537.36 (KHTML, like Gecko) Chrome/48.0.2564.109 Safari/537.36"
209.126.136.4 - - [18/Oct/2017:07:02:37 +0300] "GET / HTTP/1.1" 404 209 "-" "Mozilla/5.0 (Windows NT 10.0; Win64; x64) AppleWebKit/537.36 (KHTML, like Gecko) Chrome/57.0.2987.133 Safari/537.36"
178.154.224.71 - - [18/Oct/2017:07:07:19 +0300] "GET / HTTP/1.1" 404 152 "-" "Mozilla/5.0 (compatible; YandexMetrika/2.0; +http://yandex.com/bots mtmon01f.yandex.ru)"
104.218.63.74 - - [18/Oct/2017:07:14:36 +0300] "GET /id_rsa HTTP/1.1" 404 209 "-" "Mozilla/5.0 (Windows NT 10.0; Win64; x64) AppleWebKit/537.36 (KHTML, like Gecko) Chrome/56.0.2924.87 Safari/537.36"
104.218.63.74 - - [18/Oct/2017:07:14:37 +0300] "GET /.ssh/id_rsa HTTP/1.1" 404 209 "-" "Mozilla/5.0 (Windows NT 10.0; Win64; x64) AppleWebKit/537.36 (KHTML, like Gecko) Chrome/56.0.2924.87 Safari/537.36"
104.218.63.74 - - [18/Oct/2017:07:14:37 +0300] "GET /root/.ssh/id_rsa HTTP/1.1" 404 209 "-" "Mozilla/5.0 (Windows NT 10.0; Win64; x64) AppleWebKit/537.36 (KHTML, like Gecko) Chrome/56.0.2924.87 Safari/537.36"
104.218.63.74 - - [18/Oct/2017:07:14:38 +0300] "GET /id_dsa HTTP/1.1" 404 209 "-" "Mozilla/5.0 (Windows NT 10.0; Win64; x64) AppleWebKit/537.36 (KHTML, like Gecko) Chrome/56.0.2924.87 Safari/537.36"
104.218.63.74 - - [18/Oct/2017:07:14:38 +0300] "GET /.ssh/id_dsa HTTP/1.1" 404 209 "-" "Mozilla/5.0 (Windows NT 10.0; Win64; x64) AppleWebKit/537.36 (KHTML, like Gecko) Chrome/56.0.2924.87 Safari/537.36"
104.218.63.74 - - [18/Oct/2017:07:14:38 +0300] "GET /root/.ssh/id_dsa HTTP/1.1" 404 209 "-" "Mozilla/5.0 (Windows NT 10.0; Win64; x64) AppleWebKit/537.36 (KHTML, like Gecko) Chrome/56.0.2924.87 Safari/537.36"
151.80.39.147 - - [18/Oct/2017:07:18:02 +0300] "GET /robots.txt HTTP/1.1" 404 152 "-" "Mozilla/5.0 (compatible; AhrefsBot/5.2; +http://ahrefs.com/robot/)"
51.255.65.74 - - [18/Oct/2017:07:18:10 +0300] "GET /blog.html HTTP/1.1" 404 152 "-" "Mozilla/5.0 (compatible; AhrefsBot/5.2; +http://ahrefs.com/robot/)"
157.55.39.155 - - [18/Oct/2017:07:23:46 +0300] "GET /ozsybry/skachat_standartnaya_paint_3885_0.jpg HTTP/1.1" 404 152 "-" "Mozilla/5.0 (compatible; bingbot/2.0; +http://www.bing.com/bingbot.htm)"
5.196.87.70 - - [18/Oct/2017:07:44:38 +0300] "GET /robots.txt HTTP/1.1" 404 152 "-" "Mozilla/5.0 (compatible; AhrefsBot/5.2; +http://ahrefs.com/robot/)"
5.196.87.21 - - [18/Oct/2017:07:44:38 +0300] "GET /robots.txt HTTP/1.1" 404 152 "-" "Mozilla/5.0 (compatible; AhrefsBot/5.2; +http://ahrefs.com/robot/)"
37.9.118.28 - - [18/Oct/2017:07:44:43 +0300] "GET / HTTP/1.1" 404 152 "-" "Mozilla/5.0 (compatible; YandexMetrika/2.0; +http://yandex.com/bots mtmon01i.yandex.ru)"
212.193.117.227 - - [18/Oct/2017:07:45:13 +0300] "GET / HTTP/1.1" 404 152 "" "Mozilla/5.0 (compatible; statdom.ru/Bot; +http://statdom.ru/bot.html)"
35.162.70.167 - - [18/Oct/2017:07:49:32 +0300] "GET / HTTP/1.1" 404 152 "http://www.google.com/search?hl=fr&q=dictionary+english" "Magic Browser"
35.162.70.167 - - [18/Oct/2017:07:49:33 +0300] "GET / HTTP/1.1" 404 152 "-" "Magic Browser"
67.23.230.251 - - [18/Oct/2017:07:55:02 +0300] "GET /site/wp-login.php HTTP/1.1" 404 580 "-" "Mozilla/5.0 (Windows NT 6.1; Win64; x64) AppleWebKit/537.36 (KHTML, like Gecko) Chrome/61.0.3163.100 Safari/537.36"
124.235.138.234 - - [18/Oct/2017:07:59:37 +0300] "GET / HTTP/1.0" 404 178 "-" "-"
125.46.156.81 - - [18/Oct/2017:07:59:54 +0300] "GET / HTTP/1.1" 404 209 "-" "Mozilla/5.0 (Windows NT 6.1) AppleWebKit/537.1 (KHTML, like Gecko) Chrome/21.0.1180.89 Safari/537.1"
80.77.163.133 - - [18/Oct/2017:08:05:05 +0300] "GET /index.php/ HTTP/1.0" 404 178 "http://www.bi-grouplabs.ru/index.php/" "Mozilla/5.0 (Windows NT 6.1; WOW64; rv:52.0) Gecko/20100101 Firefox/52.0"
80.77.163.133 - - [18/Oct/2017:08:05:05 +0300] "GET / HTTP/1.0" 404 178 "http://www.bi-grouplabs.ru/" "Mozilla/5.0 (Windows NT 6.1; WOW64; rv:52.0) Gecko/20100101 Firefox/52.0"
80.77.163.133 - - [18/Oct/2017:08:05:05 +0300] "GET / HTTP/1.0" 404 178 "http://www.bi-grouplabs.ru/" "Mozilla/5.0 (Windows NT 6.1; WOW64; rv:52.0) Gecko/20100101 Firefox/52.0"
80.77.163.133 - - [18/Oct/2017:08:05:05 +0300] "GET / HTTP/1.0" 404 178 "http://forum.bi-grouplabs.ru/" "Mozilla/5.0 (Windows NT 6.1; WOW64; rv:52.0) Gecko/20100101 Firefox/52.0"
37.9.118.24 - - [18/Oct/2017:08:05:24 +0300] "GET / HTTP/1.1" 404 152 "-" "Mozilla/5.0 (compatible; YandexMetrika/2.0; +http://yandex.com/bots)"
37.9.118.24 - - [18/Oct/2017:08:05:31 +0300] "GET / HTTP/1.1" 404 152 "-" "Mozilla/5.0 (compatible; YandexMetrika/2.0; +http://yandex.com/bots)"
46.105.98.166 - - [18/Oct/2017:08:06:11 +0300] "GET /robots.txt HTTP/1.0" 404 178 "-" ""
46.105.98.166 - - [18/Oct/2017:08:06:11 +0300] "GET / HTTP/1.1" 404 178 "-" "Mozilla/5.0 (X11; U; Linux i586; de; rv:5.0) Gecko/20100101 Firefox/5.0"
66.249.76.127 - - [18/Oct/2017:08:07:55 +0300] "GET /robots.txt HTTP/1.1" 404 152 "-" "Mozilla/5.0 (compatible; Googlebot/2.1; +http://www.google.com/bot.html)"
66.249.64.130 - - [18/Oct/2017:08:07:55 +0300] "GET /Technology/ HTTP/1.1" 404 152 "-" "Mozilla/5.0 (compatible; Googlebot/2.1; +http://www.google.com/bot.html)"
164.132.161.37 - - [18/Oct/2017:08:28:24 +0300] "GET /web-links/2-robotics-links/1-robocraft.html HTTP/1.1" 404 152 "-" "Mozilla/5.0 (compatible; AhrefsBot/5.2; +http://ahrefs.com/robot/)"
217.69.133.14 - - [18/Oct/2017:08:38:17 +0300] "GET /robots.txt HTTP/1.0" 404 178 "-" "Mozilla/5.0 (compatible; Linux x86_64; Mail.RU_Bot/2.0; +http://go.mail.ru/help/robots)"
217.69.133.15 - - [18/Oct/2017:08:38:21 +0300] "GET /index.php/solutions/categories/item/39-bi-trader-petrochemistry HTTP/1.1" 404 152 "-" "Mozilla/5.0 (compatible; Linux x86_64; Mail.RU_Bot/2.0; +http://go.mail.ru/help/robots)"
217.69.133.12 - - [18/Oct/2017:08:38:22 +0300] "GET /index.php/solutions/data-analysis/itemlist/tag/financial HTTP/1.1" 404 152 "-" "Mozilla/5.0 (compatible; Linux x86_64; Mail.RU_Bot/2.0; +http://go.mail.ru/help/robots)"
217.69.133.14 - - [18/Oct/2017:08:38:23 +0300] "GET /robots.txt HTTP/1.0" 404 178 "-" "Mozilla/5.0 (compatible; Linux x86_64; Mail.RU_Bot/2.0; +http://go.mail.ru/help/robots)"
163.172.255.139 - - [18/Oct/2017:08:49:43 +0300] "GET /administrator/components/com_jnewsletter/includes/openflashchart/php-ofc-library/ofc_upload_image.php HTTP/1.1" 404 209 "http://high-tech.su/administrator/components/com_jnewsletter/includes/openflashchart/php-ofc-library/ofc_upload_image.php" "Mozilla/5.0 (Windows NT 6.1; WOW64) AppleWebKit/537.36 (KHTML, like Gecko) Chrome/42.0.2311.152 Safari/537.36"
163.172.255.19 - - [18/Oct/2017:08:49:44 +0300] "GET /administrator/components/com_civicrm/civicrm/packages/OpenFlashChart/php-ofc-library/ofc_upload_image.php HTTP/1.1" 404 209 "http://high-tech.su/administrator/components/com_civicrm/civicrm/packages/OpenFlashChart/php-ofc-library/ofc_upload_image.php" "Mozilla/5.0 (Windows NT 6.1; WOW64) AppleWebKit/537.36 (KHTML, like Gecko) Chrome/42.0.2311.152 Safari/537.36"
46.0.9.136 - - [18/Oct/2017:08:55:52 +0300] "GET /index.php/ HTTP/1.0" 404 580 "http://www.bi-grouplabs.ru/index.php/" "Mozilla/5.0 (Windows NT 10.0; Win64; x64) AppleWebKit/537.36 (KHTML, like Gecko) Chrome/58.0.3029.81 Safari/537.36"
46.0.9.136 - - [18/Oct/2017:08:55:52 +0300] "GET / HTTP/1.0" 404 580 "http://www.bi-grouplabs.ru/" "Mozilla/5.0 (Windows NT 10.0; Win64; x64) AppleWebKit/537.36 (KHTML, like Gecko) Chrome/58.0.3029.81 Safari/537.36"
46.0.9.136 - - [18/Oct/2017:08:55:52 +0300] "GET / HTTP/1.0" 404 580 "http://www.bi-grouplabs.ru/" "Mozilla/5.0 (Windows NT 10.0; Win64; x64) AppleWebKit/537.36 (KHTML, like Gecko) Chrome/58.0.3029.81 Safari/537.36"
46.0.9.136 - - [18/Oct/2017:08:55:53 +0300] "GET / HTTP/1.0" 404 580 "http://forum.bi-grouplabs.ru/" "Mozilla/5.0 (Windows NT 10.0; Win64; x64) AppleWebKit/537.36 (KHTML, like Gecko) Chrome/58.0.3029.81 Safari/537.36"
91.250.39.226 - - [18/Oct/2017:08:58:20 +0300] "GET / HTTP/1.1" 404 178 "-" "Mozilla/5.0 (Windows NT 6.1; rv:10.0.1) Gecko/20100101 Firefox/10.0.1"
95.108.129.196 - - [18/Oct/2017:09:03:45 +0300] "GET / HTTP/1.1" 404 152 "-" "Mozilla/5.0 (compatible; YandexMetrika/2.0; +http://yandex.com/bots mtmon01e.yandex.ru)"
52.41.211.72 - - [18/Oct/2017:09:05:55 +0300] "GET / HTTP/1.1" 404 152 "http://www.google.com/search?hl=fr&q=dictionary+english" "Magic Browser"
52.41.211.72 - - [18/Oct/2017:09:05:55 +0300] "GET / HTTP/1.1" 404 152 "-" "Magic Browser"
67.23.230.251 - - [18/Oct/2017:09:07:08 +0300] "GET /site/wp-login.php HTTP/1.1" 404 580 "-" "Mozilla/5.0 (Windows NT 6.1; Win64; x64) AppleWebKit/537.36 (KHTML, like Gecko) Chrome/61.0.3163.100 Safari/537.36"
216.244.66.239 - - [18/Oct/2017:09:09:10 +0300] "GET /robots.txt HTTP/1.1" 404 178 "-" "Mozilla/5.0 (compatible; DotBot/1.1; http://www.opensiteexplorer.org/dotbot, help@moz.com)"
66.249.64.158 - - [18/Oct/2017:09:14:06 +0300] "GET /Library/Zadeh.pdf HTTP/1.1" 404 152 "-" "Googlebot/2.1 (+http://www.google.com/bot.html)"
216.244.66.239 - - [18/Oct/2017:09:16:30 +0300] "GET /forum HTTP/1.1" 404 178 "-" "Mozilla/5.0 (compatible; DotBot/1.1; http://www.opensiteexplorer.org/dotbot, help@moz.com)"
157.55.39.155 - - [18/Oct/2017:09:21:26 +0300] "GET / HTTP/1.1" 404 152 "-" "Mozilla/5.0 (compatible; bingbot/2.0; +http://www.bing.com/bingbot.htm)"
95.108.129.196 - - [18/Oct/2017:09:32:47 +0300] "GET / HTTP/1.1" 404 152 "-" "Mozilla/5.0 (compatible; YandexMetrika/2.0; +http://yandex.com/bots mtmon01e.yandex.ru)"
178.54.74.53 - - [18/Oct/2017:09:36:45 +0300] "GET /Rech/Bookmakers/ HTTP/1.1" 404 152 "-" "Mozilla/5.0 (iPhone; CPU iPhone OS 11_0_2 like Mac OS X) AppleWebKit/604.1.38 (KHTML, like Gecko) Version/11.0 Mobile/15A421 Safari/604.1"
178.54.74.53 - - [18/Oct/2017:09:36:47 +0300] "GET /apple-touch-icon-120x120-precomposed.png HTTP/1.1" 404 152 "-" "MobileSafari/604.1 CFNetwork/887 Darwin/17.0.0"
178.54.74.53 - - [18/Oct/2017:09:36:47 +0300] "GET /apple-touch-icon-120x120.png HTTP/1.1" 404 152 "-" "MobileSafari/604.1 CFNetwork/887 Darwin/17.0.0"
178.54.74.53 - - [18/Oct/2017:09:36:47 +0300] "GET /apple-touch-icon-precomposed.png HTTP/1.1" 404 152 "-" "MobileSafari/604.1 CFNetwork/887 Darwin/17.0.0"
178.54.74.53 - - [18/Oct/2017:09:36:47 +0300] "GET /apple-touch-icon.png HTTP/1.1" 404 152 "-" "MobileSafari/604.1 CFNetwork/887 Darwin/17.0.0"
178.54.74.53 - - [18/Oct/2017:09:36:47 +0300] "GET /favicon.ico HTTP/1.1" 404 152 "-" "MobileSafari/604.1 CFNetwork/887 Darwin/17.0.0"
178.54.74.53 - - [18/Oct/2017:09:36:48 +0300] "GET /apple-touch-icon-120x120-precomposed.png HTTP/1.1" 404 152 "-" "MobileSafari/604.1 CFNetwork/887 Darwin/17.0.0"
178.54.74.53 - - [18/Oct/2017:09:36:48 +0300] "GET /apple-touch-icon-120x120.png HTTP/1.1" 404 152 "-" "MobileSafari/604.1 CFNetwork/887 Darwin/17.0.0"
178.54.74.53 - - [18/Oct/2017:09:36:48 +0300] "GET /apple-touch-icon-precomposed.png HTTP/1.1" 404 152 "-" "MobileSafari/604.1 CFNetwork/887 Darwin/17.0.0"
178.54.74.53 - - [18/Oct/2017:09:36:48 +0300] "GET /apple-touch-icon.png HTTP/1.1" 404 152 "-" "MobileSafari/604.1 CFNetwork/887 Darwin/17.0.0"
178.54.74.53 - - [18/Oct/2017:09:36:48 +0300] "GET /favicon.ico HTTP/1.1" 404 152 "-" "MobileSafari/604.1 CFNetwork/887 Darwin/17.0.0"
94.181.45.166 - - [18/Oct/2017:09:50:54 +0300] "GET / HTTP/1.1" 404 209 "-" "Mozilla/5.0 (Windows NT 5.1) AppleWebKit/535.6 (KHTML, like Gecko) Chrome/16.0.897.0 Safari/535.6"
77.50.251.129 - - [18/Oct/2017:09:56:34 +0300] "GET / HTTP/1.1" 404 152 "http://digital-human.ru/" "Mozilla/5.0 (Windows NT 6.1; WOW64; rv:56.0) Gecko/20100101 Firefox/56.0"
77.50.251.129 - - [18/Oct/2017:09:56:35 +0300] "GET /favicon.ico HTTP/1.1" 404 152 "-" "Mozilla/5.0 (Windows NT 6.1; WOW64; rv:56.0) Gecko/20100101 Firefox/56.0"
178.154.224.71 - - [18/Oct/2017:09:56:46 +0300] "GET / HTTP/1.1" 404 152 "-" "Mozilla/5.0 (compatible; YandexMetrika/2.0; +http://yandex.com/bots mtmon01f.yandex.ru)"
77.50.251.129 - - [18/Oct/2017:09:57:20 +0300] "GET / HTTP/1.1" 404 152 "http://digital-human.ru/" "Mozilla/5.0 (Windows NT 6.1; WOW64; rv:56.0) Gecko/20100101 Firefox/56.0"
67.23.230.251 - - [18/Oct/2017:09:58:43 +0300] "GET /site/wp-login.php HTTP/1.1" 404 580 "-" "Mozilla/5.0 (Windows NT 6.1; Win64; x64) AppleWebKit/537.36 (KHTML, like Gecko) Chrome/61.0.3163.100 Safari/537.36"
45.55.14.13 - - [18/Oct/2017:09:59:37 +0300] "GET / HTTP/1.1" 404 152 "-" "Mozilla/5.0 zgrab/0.x"
77.50.251.129 - - [18/Oct/2017:10:02:19 +0300] "GET / HTTP/1.1" 200 509 "http://digital-human.ru/" "Mozilla/5.0 (Windows NT 6.1; WOW64; rv:56.0) Gecko/20100101 Firefox/56.0"
77.50.251.129 - - [18/Oct/2017:10:02:20 +0300] "GET /static/blog/css/blog.css HTTP/1.1" 404 152 "http://digital-human.ru/" "Mozilla/5.0 (Windows NT 6.1; WOW64; rv:56.0) Gecko/20100101 Firefox/56.0"
77.50.251.129 - - [18/Oct/2017:10:02:23 +0300] "GET / HTTP/1.1" 200 509 "http://digital-human.ru/" "Mozilla/5.0 (Windows NT 6.1; WOW64; rv:56.0) Gecko/20100101 Firefox/56.0"
77.50.251.129 - - [18/Oct/2017:10:02:23 +0300] "GET /static/blog/css/blog.css HTTP/1.1" 404 152 "http://digital-human.ru/" "Mozilla/5.0 (Windows NT 6.1; WOW64; rv:56.0) Gecko/20100101 Firefox/56.0"
77.50.251.129 - - [18/Oct/2017:10:02:30 +0300] "GET /admin HTTP/1.1" 301 0 "-" "Mozilla/5.0 (Windows NT 6.1; WOW64; rv:56.0) Gecko/20100101 Firefox/56.0"
77.50.251.129 - - [18/Oct/2017:10:02:30 +0300] "GET /admin/ HTTP/1.1" 200 1209 "-" "Mozilla/5.0 (Windows NT 6.1; WOW64; rv:56.0) Gecko/20100101 Firefox/56.0"
77.50.251.129 - - [18/Oct/2017:10:02:31 +0300] "GET /static/admin/css/base.css HTTP/1.1" 404 152 "http://digital-human.ru/admin/" "Mozilla/5.0 (Windows NT 6.1; WOW64; rv:56.0) Gecko/20100101 Firefox/56.0"
77.50.251.129 - - [18/Oct/2017:10:02:31 +0300] "GET /static/admin/css/dashboard.css HTTP/1.1" 404 152 "http://digital-human.ru/admin/" "Mozilla/5.0 (Windows NT 6.1; WOW64; rv:56.0) Gecko/20100101 Firefox/56.0"
77.50.251.129 - - [18/Oct/2017:10:03:31 +0300] "GET / HTTP/1.1" 200 509 "http://digital-human.ru/" "Mozilla/5.0 (Windows NT 6.1; WOW64; rv:56.0) Gecko/20100101 Firefox/56.0"
77.50.251.129 - - [18/Oct/2017:10:03:31 +0300] "GET /static/blog/css/blog.css HTTP/1.1" 404 152 "http://digital-human.ru/" "Mozilla/5.0 (Windows NT 6.1; WOW64; rv:56.0) Gecko/20100101 Firefox/56.0"
77.50.251.129 - - [18/Oct/2017:10:03:33 +0300] "GET / HTTP/1.1" 200 509 "http://digital-human.ru/" "Mozilla/5.0 (Windows NT 6.1; WOW64; rv:56.0) Gecko/20100101 Firefox/56.0"
77.50.251.129 - - [18/Oct/2017:10:03:33 +0300] "GET /static/blog/css/blog.css HTTP/1.1" 404 152 "http://digital-human.ru/" "Mozilla/5.0 (Windows NT 6.1; WOW64; rv:56.0) Gecko/20100101 Firefox/56.0"
178.154.224.71 - - [18/Oct/2017:10:05:26 +0300] "GET / HTTP/1.1" 404 152 "-" "Mozilla/5.0 (compatible; YandexMetrika/2.0; +http://yandex.com/bots mtmon01f.yandex.ru)"
217.69.133.18 - - [18/Oct/2017:10:06:01 +0300] "GET /robots.txt HTTP/1.0" 404 178 "-" "Mozilla/5.0 (compatible; Linux x86_64; Mail.RU_Bot/2.0; +http://go.mail.ru/help/robots)"
217.69.133.10 - - [18/Oct/2017:10:06:02 +0300] "GET /robots.txt HTTP/1.0" 404 178 "-" "Mozilla/5.0 (compatible; Linux x86_64; Mail.RU_Bot/2.0; +http://go.mail.ru/help/robots)"
217.69.133.13 - - [18/Oct/2017:10:06:03 +0300] "GET /index.php/item/itemlist/tag/%D0%9F%D1%80%D0%BE%D0%B3%D0%BD%D0%BE%D0%B7%D0%B8%D1%80%D0%BE%D0%B2%D0%B0%D0%BD%D0%B8%D0%B5/item/item HTTP/1.1" 404 152 "-" "Mozilla/5.0 (compatible; Linux x86_64; Mail.RU_Bot/2.0; +http://go.mail.ru/help/robots)"
217.69.133.193 - - [18/Oct/2017:10:06:04 +0300] "GET /index.php/categories/metallurgy/item/41-recommendatory-system/categories/metallurgy/ HTTP/1.1" 404 152 "-" "Mozilla/5.0 (compatible; Linux x86_64; Mail.RU_Bot/2.0; +http://go.mail.ru/help/robots)"
157.55.39.155 - - [18/Oct/2017:10:09:40 +0300] "GET / HTTP/1.1" 404 152 "-" "Mozilla/5.0 (compatible; bingbot/2.0; +http://www.bing.com/bingbot.htm)"
217.69.133.15 - - [18/Oct/2017:10:11:07 +0300] "GET /index.php/solutions/data-analysis HTTP/1.1" 404 152 "-" "Mozilla/5.0 (compatible; Linux x86_64; Mail.RU_Bot/2.0; +http://go.mail.ru/help/robots)"
217.69.133.15 - - [18/Oct/2017:10:11:16 +0300] "GET /index.php/solutions/categories/solutions/categories HTTP/1.1" 404 152 "-" "Mozilla/5.0 (compatible; Linux x86_64; Mail.RU_Bot/2.0; +http://go.mail.ru/help/robots)"
77.50.251.129 - - [18/Oct/2017:10:12:54 +0300] "GET / HTTP/1.1" 200 552 "http://digital-human.ru/" "Mozilla/5.0 (Windows NT 6.1; WOW64; rv:56.0) Gecko/20100101 Firefox/56.0"
77.50.251.129 - - [18/Oct/2017:10:12:54 +0300] "GET /static/blog/css/blog.css HTTP/1.1" 404 152 "http://digital-human.ru/" "Mozilla/5.0 (Windows NT 6.1; WOW64; rv:56.0) Gecko/20100101 Firefox/56.0"
77.50.251.129 - - [18/Oct/2017:10:12:54 +0300] "GET /static/my_app/example.jpg HTTP/1.1" 404 152 "http://digital-human.ru/" "Mozilla/5.0 (Windows NT 6.1; WOW64; rv:56.0) Gecko/20100101 Firefox/56.0"
77.50.251.129 - - [18/Oct/2017:10:12:56 +0300] "GET / HTTP/1.1" 200 552 "http://digital-human.ru/" "Mozilla/5.0 (Windows NT 6.1; WOW64; rv:56.0) Gecko/20100101 Firefox/56.0"
77.50.251.129 - - [18/Oct/2017:10:12:56 +0300] "GET /static/blog/css/blog.css HTTP/1.1" 404 152 "http://digital-human.ru/" "Mozilla/5.0 (Windows NT 6.1; WOW64; rv:56.0) Gecko/20100101 Firefox/56.0"
77.50.251.129 - - [18/Oct/2017:10:12:56 +0300] "GET /static/my_app/example.jpg HTTP/1.1" 404 152 "http://digital-human.ru/" "Mozilla/5.0 (Windows NT 6.1; WOW64; rv:56.0) Gecko/20100101 Firefox/56.0"
67.23.230.251 - - [18/Oct/2017:10:20:29 +0300] "GET /blog/wp-login.php HTTP/1.1" 404 580 "-" "Mozilla/5.0 (Windows NT 6.1; Win64; x64) AppleWebKit/537.36 (KHTML, like Gecko) Chrome/61.0.3163.100 Safari/537.36"
193.169.52.154 - - [18/Oct/2017:10:21:49 +0300] "GET / HTTP/1.1" 404 209 "-" "Mozilla/5.0 (X11; Linux x86_64) AppleWebKit/537.36 (KHTML, like Gecko) Chrome/34.0.1847.132 Safari/537.36"
67.23.230.251 - - [18/Oct/2017:10:27:55 +0300] "GET /site/wp-login.php HTTP/1.1" 400 37 "-" "Mozilla/5.0 (Windows NT 6.1; Win64; x64) AppleWebKit/537.36 (KHTML, like Gecko) Chrome/61.0.3163.100 Safari/537.36"
77.50.251.129 - - [18/Oct/2017:10:28:02 +0300] "GET / HTTP/1.1" 200 552 "http://digital-human.ru/" "Mozilla/5.0 (Windows NT 6.1; WOW64; rv:56.0) Gecko/20100101 Firefox/56.0"
77.50.251.129 - - [18/Oct/2017:10:28:02 +0300] "GET /static/my_app/example.jpg HTTP/1.1" 404 152 "http://digital-human.ru/" "Mozilla/5.0 (Windows NT 6.1; WOW64; rv:56.0) Gecko/20100101 Firefox/56.0"
77.50.251.129 - - [18/Oct/2017:10:28:02 +0300] "GET /static/blog/css/blog.css HTTP/1.1" 404 152 "http://digital-human.ru/" "Mozilla/5.0 (Windows NT 6.1; WOW64; rv:56.0) Gecko/20100101 Firefox/56.0"
77.50.251.129 - - [18/Oct/2017:10:28:04 +0300] "GET / HTTP/1.1" 200 552 "http://digital-human.ru/" "Mozilla/5.0 (Windows NT 6.1; WOW64; rv:56.0) Gecko/20100101 Firefox/56.0"
77.50.251.129 - - [18/Oct/2017:10:28:04 +0300] "GET /static/blog/css/blog.css HTTP/1.1" 404 152 "http://digital-human.ru/" "Mozilla/5.0 (Windows NT 6.1; WOW64; rv:56.0) Gecko/20100101 Firefox/56.0"
77.50.251.129 - - [18/Oct/2017:10:28:04 +0300] "GET /static/my_app/example.jpg HTTP/1.1" 404 152 "http://digital-human.ru/" "Mozilla/5.0 (Windows NT 6.1; WOW64; rv:56.0) Gecko/20100101 Firefox/56.0"
77.50.251.129 - - [18/Oct/2017:10:28:05 +0300] "GET / HTTP/1.1" 200 552 "http://digital-human.ru/" "Mozilla/5.0 (Windows NT 6.1; WOW64; rv:56.0) Gecko/20100101 Firefox/56.0"
77.50.251.129 - - [18/Oct/2017:10:28:05 +0300] "GET /static/blog/css/blog.css HTTP/1.1" 404 152 "http://digital-human.ru/" "Mozilla/5.0 (Windows NT 6.1; WOW64; rv:56.0) Gecko/20100101 Firefox/56.0"
77.50.251.129 - - [18/Oct/2017:10:28:05 +0300] "GET /static/my_app/example.jpg HTTP/1.1" 404 152 "http://digital-human.ru/" "Mozilla/5.0 (Windows NT 6.1; WOW64; rv:56.0) Gecko/20100101 Firefox/56.0"
95.108.129.196 - - [18/Oct/2017:10:33:58 +0300] "GET / HTTP/1.1" 404 152 "-" "Mozilla/5.0 (compatible; YandexMetrika/2.0; +http://yandex.com/bots mtmon01e.yandex.ru)"
77.50.251.129 - - [18/Oct/2017:10:39:40 +0300] "GET / HTTP/1.1" 404 152 "http://digital-human.ru/" "Mozilla/5.0 (Windows NT 6.1; WOW64; rv:56.0) Gecko/20100101 Firefox/56.0"
77.50.251.129 - - [18/Oct/2017:10:39:42 +0300] "GET / HTTP/1.1" 404 152 "http://digital-human.ru/" "Mozilla/5.0 (Windows NT 6.1; WOW64; rv:56.0) Gecko/20100101 Firefox/56.0"
77.50.251.129 - - [18/Oct/2017:10:41:20 +0300] "GET / HTTP/1.1" 200 552 "http://digital-human.ru/" "Mozilla/5.0 (Windows NT 6.1; WOW64; rv:56.0) Gecko/20100101 Firefox/56.0"
77.50.251.129 - - [18/Oct/2017:10:41:20 +0300] "GET /static/blog/css/blog.css HTTP/1.1" 404 152 "http://digital-human.ru/" "Mozilla/5.0 (Windows NT 6.1; WOW64; rv:56.0) Gecko/20100101 Firefox/56.0"
77.50.251.129 - - [18/Oct/2017:10:41:20 +0300] "GET /static/my_app/example.jpg HTTP/1.1" 404 152 "http://digital-human.ru/" "Mozilla/5.0 (Windows NT 6.1; WOW64; rv:56.0) Gecko/20100101 Firefox/56.0"
77.50.251.129 - - [18/Oct/2017:10:41:21 +0300] "GET / HTTP/1.1" 200 552 "http://digital-human.ru/" "Mozilla/5.0 (Windows NT 6.1; WOW64; rv:56.0) Gecko/20100101 Firefox/56.0"
77.50.251.129 - - [18/Oct/2017:10:41:22 +0300] "GET /static/blog/css/blog.css HTTP/1.1" 404 152 "http://digital-human.ru/" "Mozilla/5.0 (Windows NT 6.1; WOW64; rv:56.0) Gecko/20100101 Firefox/56.0"
77.50.251.129 - - [18/Oct/2017:10:41:22 +0300] "GET /static/my_app/example.jpg HTTP/1.1" 404 152 "http://digital-human.ru/" "Mozilla/5.0 (Windows NT 6.1; WOW64; rv:56.0) Gecko/20100101 Firefox/56.0"
77.50.251.129 - - [18/Oct/2017:10:41:23 +0300] "GET / HTTP/1.1" 200 552 "http://digital-human.ru/" "Mozilla/5.0 (Windows NT 6.1; WOW64; rv:56.0) Gecko/20100101 Firefox/56.0"
77.50.251.129 - - [18/Oct/2017:10:41:23 +0300] "GET /static/blog/css/blog.css HTTP/1.1" 404 152 "http://digital-human.ru/" "Mozilla/5.0 (Windows NT 6.1; WOW64; rv:56.0) Gecko/20100101 Firefox/56.0"
77.50.251.129 - - [18/Oct/2017:10:41:23 +0300] "GET /static/my_app/example.jpg HTTP/1.1" 404 152 "http://digital-human.ru/" "Mozilla/5.0 (Windows NT 6.1; WOW64; rv:56.0) Gecko/20100101 Firefox/56.0"
77.50.251.129 - - [18/Oct/2017:10:42:45 +0300] "GET / HTTP/1.1" 200 552 "http://digital-human.ru/" "Mozilla/5.0 (Windows NT 6.1; WOW64; rv:56.0) Gecko/20100101 Firefox/56.0"
77.50.251.129 - - [18/Oct/2017:10:42:45 +0300] "GET /static/blog/css/blog.css HTTP/1.1" 404 152 "http://digital-human.ru/" "Mozilla/5.0 (Windows NT 6.1; WOW64; rv:56.0) Gecko/20100101 Firefox/56.0"
77.50.251.129 - - [18/Oct/2017:10:42:45 +0300] "GET /static/my_app/example.jpg HTTP/1.1" 404 152 "http://digital-human.ru/" "Mozilla/5.0 (Windows NT 6.1; WOW64; rv:56.0) Gecko/20100101 Firefox/56.0"
77.50.251.129 - - [18/Oct/2017:10:42:46 +0300] "GET / HTTP/1.1" 200 552 "http://digital-human.ru/" "Mozilla/5.0 (Windows NT 6.1; WOW64; rv:56.0) Gecko/20100101 Firefox/56.0"
77.50.251.129 - - [18/Oct/2017:10:42:46 +0300] "GET /static/blog/css/blog.css HTTP/1.1" 404 152 "http://digital-human.ru/" "Mozilla/5.0 (Windows NT 6.1; WOW64; rv:56.0) Gecko/20100101 Firefox/56.0"
77.50.251.129 - - [18/Oct/2017:10:42:46 +0300] "GET /static/my_app/example.jpg HTTP/1.1" 404 152 "http://digital-human.ru/" "Mozilla/5.0 (Windows NT 6.1; WOW64; rv:56.0) Gecko/20100101 Firefox/56.0"
77.50.251.129 - - [18/Oct/2017:10:51:47 +0300] "GET / HTTP/1.1" 200 552 "http://digital-human.ru/" "Mozilla/5.0 (Windows NT 6.1; WOW64; rv:56.0) Gecko/20100101 Firefox/56.0"
77.50.251.129 - - [18/Oct/2017:10:51:47 +0300] "GET /static/blog/css/blog.css HTTP/1.1" 404 152 "http://digital-human.ru/" "Mozilla/5.0 (Windows NT 6.1; WOW64; rv:56.0) Gecko/20100101 Firefox/56.0"
77.50.251.129 - - [18/Oct/2017:10:51:47 +0300] "GET /static/my_app/example.jpg HTTP/1.1" 404 152 "http://digital-human.ru/" "Mozilla/5.0 (Windows NT 6.1; WOW64; rv:56.0) Gecko/20100101 Firefox/56.0"
77.50.251.129 - - [18/Oct/2017:10:51:48 +0300] "GET / HTTP/1.1" 200 552 "http://digital-human.ru/" "Mozilla/5.0 (Windows NT 6.1; WOW64; rv:56.0) Gecko/20100101 Firefox/56.0"
77.50.251.129 - - [18/Oct/2017:10:51:48 +0300] "GET /static/blog/css/blog.css HTTP/1.1" 404 152 "http://digital-human.ru/" "Mozilla/5.0 (Windows NT 6.1; WOW64; rv:56.0) Gecko/20100101 Firefox/56.0"
77.50.251.129 - - [18/Oct/2017:10:51:48 +0300] "GET /static/my_app/example.jpg HTTP/1.1" 404 152 "http://digital-human.ru/" "Mozilla/5.0 (Windows NT 6.1; WOW64; rv:56.0) Gecko/20100101 Firefox/56.0"
91.250.39.226 - - [18/Oct/2017:10:53:18 +0300] "GET / HTTP/1.1" 404 178 "-" "Mozilla/5.0 (Windows NT 6.1; rv:10.0.1) Gecko/20100101 Firefox/10.0.1"
77.50.251.129 - - [18/Oct/2017:10:53:52 +0300] "GET / HTTP/1.1" 200 552 "http://digital-human.ru/" "Mozilla/5.0 (Windows NT 6.1; WOW64; rv:56.0) Gecko/20100101 Firefox/56.0"
77.50.251.129 - - [18/Oct/2017:10:53:52 +0300] "GET /static/blog/css/blog.css HTTP/1.1" 404 152 "http://digital-human.ru/" "Mozilla/5.0 (Windows NT 6.1; WOW64; rv:56.0) Gecko/20100101 Firefox/56.0"
77.50.251.129 - - [18/Oct/2017:10:53:52 +0300] "GET /static/my_app/example.jpg HTTP/1.1" 404 152 "http://digital-human.ru/" "Mozilla/5.0 (Windows NT 6.1; WOW64; rv:56.0) Gecko/20100101 Firefox/56.0"
77.50.251.129 - - [18/Oct/2017:10:53:53 +0300] "GET / HTTP/1.1" 200 552 "http://digital-human.ru/" "Mozilla/5.0 (Windows NT 6.1; WOW64; rv:56.0) Gecko/20100101 Firefox/56.0"
77.50.251.129 - - [18/Oct/2017:10:53:54 +0300] "GET /static/blog/css/blog.css HTTP/1.1" 404 152 "http://digital-human.ru/" "Mozilla/5.0 (Windows NT 6.1; WOW64; rv:56.0) Gecko/20100101 Firefox/56.0"
77.50.251.129 - - [18/Oct/2017:10:53:54 +0300] "GET /static/my_app/example.jpg HTTP/1.1" 404 152 "http://digital-human.ru/" "Mozilla/5.0 (Windows NT 6.1; WOW64; rv:56.0) Gecko/20100101 Firefox/56.0"
77.50.251.129 - - [18/Oct/2017:11:00:13 +0300] "GET / HTTP/1.1" 200 552 "http://digital-human.ru/" "Mozilla/5.0 (Windows NT 6.1; WOW64; rv:56.0) Gecko/20100101 Firefox/56.0"
77.50.251.129 - - [18/Oct/2017:11:00:13 +0300] "GET /static/blog/css/blog.css HTTP/1.1" 404 152 "http://digital-human.ru/" "Mozilla/5.0 (Windows NT 6.1; WOW64; rv:56.0) Gecko/20100101 Firefox/56.0"
77.50.251.129 - - [18/Oct/2017:11:00:13 +0300] "GET /static/my_app/example.jpg HTTP/1.1" 404 152 "http://digital-human.ru/" "Mozilla/5.0 (Windows NT 6.1; WOW64; rv:56.0) Gecko/20100101 Firefox/56.0"
77.50.251.129 - - [18/Oct/2017:11:00:14 +0300] "GET / HTTP/1.1" 200 552 "http://digital-human.ru/" "Mozilla/5.0 (Windows NT 6.1; WOW64; rv:56.0) Gecko/20100101 Firefox/56.0"
77.50.251.129 - - [18/Oct/2017:11:00:14 +0300] "GET /static/blog/css/blog.css HTTP/1.1" 404 152 "http://digital-human.ru/" "Mozilla/5.0 (Windows NT 6.1; WOW64; rv:56.0) Gecko/20100101 Firefox/56.0"
77.50.251.129 - - [18/Oct/2017:11:00:14 +0300] "GET /static/my_app/example.jpg HTTP/1.1" 404 152 "http://digital-human.ru/" "Mozilla/5.0 (Windows NT 6.1; WOW64; rv:56.0) Gecko/20100101 Firefox/56.0"
77.50.251.129 - - [18/Oct/2017:11:00:16 +0300] "GET / HTTP/1.1" 200 552 "http://digital-human.ru/" "Mozilla/5.0 (Windows NT 6.1; WOW64; rv:56.0) Gecko/20100101 Firefox/56.0"
77.50.251.129 - - [18/Oct/2017:11:00:16 +0300] "GET /static/blog/css/blog.css HTTP/1.1" 404 152 "http://digital-human.ru/" "Mozilla/5.0 (Windows NT 6.1; WOW64; rv:56.0) Gecko/20100101 Firefox/56.0"
77.50.251.129 - - [18/Oct/2017:11:00:16 +0300] "GET /static/my_app/example.jpg HTTP/1.1" 404 152 "http://digital-human.ru/" "Mozilla/5.0 (Windows NT 6.1; WOW64; rv:56.0) Gecko/20100101 Firefox/56.0"
77.50.251.129 - - [18/Oct/2017:11:00:17 +0300] "GET / HTTP/1.1" 200 552 "http://digital-human.ru/" "Mozilla/5.0 (Windows NT 6.1; WOW64; rv:56.0) Gecko/20100101 Firefox/56.0"
77.50.251.129 - - [18/Oct/2017:11:00:17 +0300] "GET /static/blog/css/blog.css HTTP/1.1" 404 152 "http://digital-human.ru/" "Mozilla/5.0 (Windows NT 6.1; WOW64; rv:56.0) Gecko/20100101 Firefox/56.0"
77.50.251.129 - - [18/Oct/2017:11:00:17 +0300] "GET /static/my_app/example.jpg HTTP/1.1" 404 152 "http://digital-human.ru/" "Mozilla/5.0 (Windows NT 6.1; WOW64; rv:56.0) Gecko/20100101 Firefox/56.0"
77.50.251.129 - - [18/Oct/2017:11:02:21 +0300] "GET / HTTP/1.1" 200 552 "http://digital-human.ru/" "Mozilla/5.0 (Windows NT 6.1; WOW64; rv:56.0) Gecko/20100101 Firefox/56.0"
77.50.251.129 - - [18/Oct/2017:11:02:21 +0300] "GET /static/blog/css/blog.css HTTP/1.1" 404 152 "http://digital-human.ru/" "Mozilla/5.0 (Windows NT 6.1; WOW64; rv:56.0) Gecko/20100101 Firefox/56.0"
77.50.251.129 - - [18/Oct/2017:11:02:21 +0300] "GET /static/my_app/example.jpg HTTP/1.1" 404 152 "http://digital-human.ru/" "Mozilla/5.0 (Windows NT 6.1; WOW64; rv:56.0) Gecko/20100101 Firefox/56.0"
77.50.251.129 - - [18/Oct/2017:11:02:23 +0300] "GET / HTTP/1.1" 200 552 "http://digital-human.ru/" "Mozilla/5.0 (Windows NT 6.1; WOW64; rv:56.0) Gecko/20100101 Firefox/56.0"
77.50.251.129 - - [18/Oct/2017:11:02:23 +0300] "GET /static/blog/css/blog.css HTTP/1.1" 404 152 "http://digital-human.ru/" "Mozilla/5.0 (Windows NT 6.1; WOW64; rv:56.0) Gecko/20100101 Firefox/56.0"
77.50.251.129 - - [18/Oct/2017:11:02:23 +0300] "GET /static/my_app/example.jpg HTTP/1.1" 404 152 "http://digital-human.ru/" "Mozilla/5.0 (Windows NT 6.1; WOW64; rv:56.0) Gecko/20100101 Firefox/56.0"
77.50.251.129 - - [18/Oct/2017:11:02:24 +0300] "GET / HTTP/1.1" 200 552 "http://digital-human.ru/" "Mozilla/5.0 (Windows NT 6.1; WOW64; rv:56.0) Gecko/20100101 Firefox/56.0"
77.50.251.129 - - [18/Oct/2017:11:02:24 +0300] "GET /static/blog/css/blog.css HTTP/1.1" 404 152 "http://digital-human.ru/" "Mozilla/5.0 (Windows NT 6.1; WOW64; rv:56.0) Gecko/20100101 Firefox/56.0"
77.50.251.129 - - [18/Oct/2017:11:02:24 +0300] "GET /static/my_app/example.jpg HTTP/1.1" 404 152 "http://digital-human.ru/" "Mozilla/5.0 (Windows NT 6.1; WOW64; rv:56.0) Gecko/20100101 Firefox/56.0"
77.50.251.129 - - [18/Oct/2017:11:03:11 +0300] "GET / HTTP/1.1" 200 552 "http://digital-human.ru/" "Mozilla/5.0 (Windows NT 6.1; WOW64; rv:56.0) Gecko/20100101 Firefox/56.0"
77.50.251.129 - - [18/Oct/2017:11:03:11 +0300] "GET /static/blog/css/blog.css HTTP/1.1" 404 152 "http://digital-human.ru/" "Mozilla/5.0 (Windows NT 6.1; WOW64; rv:56.0) Gecko/20100101 Firefox/56.0"
77.50.251.129 - - [18/Oct/2017:11:03:11 +0300] "GET /static/my_app/example.jpg HTTP/1.1" 404 152 "http://digital-human.ru/" "Mozilla/5.0 (Windows NT 6.1; WOW64; rv:56.0) Gecko/20100101 Firefox/56.0"
77.50.251.129 - - [18/Oct/2017:11:03:12 +0300] "GET / HTTP/1.1" 200 552 "http://digital-human.ru/" "Mozilla/5.0 (Windows NT 6.1; WOW64; rv:56.0) Gecko/20100101 Firefox/56.0"
77.50.251.129 - - [18/Oct/2017:11:03:12 +0300] "GET /static/blog/css/blog.css HTTP/1.1" 404 152 "http://digital-human.ru/" "Mozilla/5.0 (Windows NT 6.1; WOW64; rv:56.0) Gecko/20100101 Firefox/56.0"
77.50.251.129 - - [18/Oct/2017:11:03:12 +0300] "GET /static/my_app/example.jpg HTTP/1.1" 404 152 "http://digital-human.ru/" "Mozilla/5.0 (Windows NT 6.1; WOW64; rv:56.0) Gecko/20100101 Firefox/56.0"
67.23.230.251 - - [18/Oct/2017:11:04:50 +0300] "GET /blog/wp-login.php HTTP/1.1" 404 580 "-" "Mozilla/5.0 (Windows NT 6.1; Win64; x64) AppleWebKit/537.36 (KHTML, like Gecko) Chrome/61.0.3163.100 Safari/537.36"
31.207.47.17 - - [18/Oct/2017:11:09:04 +0300] "\x03\x00\x00*%\xE0\x00\x00\x00\x00\x00Cookie: mstshash=Test" 400 182 "-" "-"
31.207.47.17 - - [18/Oct/2017:11:09:05 +0300] "\x03\x00\x00*%\xE0\x00\x00\x00\x00\x00Cookie: mstshash=Test" 400 182 "-" "-"
163.172.255.19 - - [18/Oct/2017:11:10:37 +0300] "GET /administrator/components/com_civicrm/civicrm/packages/OpenFlashChart/php-ofc-library/ofc_upload_image.php HTTP/1.1" 404 209 "http://ai-forecasts.com/administrator/components/com_civicrm/civicrm/packages/OpenFlashChart/php-ofc-library/ofc_upload_image.php" "Mozilla/5.0 (Windows NT 6.1; WOW64) AppleWebKit/537.36 (KHTML, like Gecko) Chrome/42.0.2311.152 Safari/537.36"
77.50.251.129 - - [18/Oct/2017:11:13:33 +0300] "GET / HTTP/1.1" 200 552 "http://digital-human.ru/" "Mozilla/5.0 (Windows NT 6.1; WOW64; rv:56.0) Gecko/20100101 Firefox/56.0"
77.50.251.129 - - [18/Oct/2017:11:13:33 +0300] "GET /static/blog/css/blog.css HTTP/1.1" 404 152 "http://digital-human.ru/" "Mozilla/5.0 (Windows NT 6.1; WOW64; rv:56.0) Gecko/20100101 Firefox/56.0"
77.50.251.129 - - [18/Oct/2017:11:13:33 +0300] "GET /static/my_app/example.jpg HTTP/1.1" 404 152 "http://digital-human.ru/" "Mozilla/5.0 (Windows NT 6.1; WOW64; rv:56.0) Gecko/20100101 Firefox/56.0"
77.50.251.129 - - [18/Oct/2017:11:13:34 +0300] "GET / HTTP/1.1" 200 552 "http://digital-human.ru/" "Mozilla/5.0 (Windows NT 6.1; WOW64; rv:56.0) Gecko/20100101 Firefox/56.0"
77.50.251.129 - - [18/Oct/2017:11:13:34 +0300] "GET /static/blog/css/blog.css HTTP/1.1" 404 152 "http://digital-human.ru/" "Mozilla/5.0 (Windows NT 6.1; WOW64; rv:56.0) Gecko/20100101 Firefox/56.0"
77.50.251.129 - - [18/Oct/2017:11:13:34 +0300] "GET /static/my_app/example.jpg HTTP/1.1" 404 152 "http://digital-human.ru/" "Mozilla/5.0 (Windows NT 6.1; WOW64; rv:56.0) Gecko/20100101 Firefox/56.0"
77.50.251.129 - - [18/Oct/2017:11:13:35 +0300] "GET / HTTP/1.1" 200 552 "http://digital-human.ru/" "Mozilla/5.0 (Windows NT 6.1; WOW64; rv:56.0) Gecko/20100101 Firefox/56.0"
77.50.251.129 - - [18/Oct/2017:11:13:35 +0300] "GET /static/blog/css/blog.css HTTP/1.1" 404 152 "http://digital-human.ru/" "Mozilla/5.0 (Windows NT 6.1; WOW64; rv:56.0) Gecko/20100101 Firefox/56.0"
77.50.251.129 - - [18/Oct/2017:11:13:35 +0300] "GET /static/my_app/example.jpg HTTP/1.1" 404 152 "http://digital-human.ru/" "Mozilla/5.0 (Windows NT 6.1; WOW64; rv:56.0) Gecko/20100101 Firefox/56.0"
163.172.255.139 - - [18/Oct/2017:11:15:20 +0300] "GET /administrator/components/com_jnewsletter/includes/openflashchart/php-ofc-library/ofc_upload_image.php HTTP/1.1" 404 209 "http://ai-forecasts.com/administrator/components/com_jnewsletter/includes/openflashchart/php-ofc-library/ofc_upload_image.php" "Mozilla/5.0 (Windows NT 6.1; WOW64) AppleWebKit/537.36 (KHTML, like Gecko) Chrome/42.0.2311.152 Safari/537.36"
37.9.118.28 - - [18/Oct/2017:11:22:06 +0300] "GET / HTTP/1.1" 404 152 "-" "Mozilla/5.0 (compatible; YandexMetrika/2.0; +http://yandex.com/bots mtmon01i.yandex.ru)"
77.50.251.129 - - [18/Oct/2017:11:23:19 +0300] "GET / HTTP/1.1" 200 552 "http://digital-human.ru/" "Mozilla/5.0 (Windows NT 6.1; WOW64; rv:56.0) Gecko/20100101 Firefox/56.0"
77.50.251.129 - - [18/Oct/2017:11:23:19 +0300] "GET /static/my_app/example.jpg HTTP/1.1" 404 152 "http://digital-human.ru/" "Mozilla/5.0 (Windows NT 6.1; WOW64; rv:56.0) Gecko/20100101 Firefox/56.0"
77.50.251.129 - - [18/Oct/2017:11:23:19 +0300] "GET /static/blog/css/blog.css HTTP/1.1" 404 152 "http://digital-human.ru/" "Mozilla/5.0 (Windows NT 6.1; WOW64; rv:56.0) Gecko/20100101 Firefox/56.0"
77.50.251.129 - - [18/Oct/2017:11:23:21 +0300] "GET / HTTP/1.1" 200 552 "http://digital-human.ru/" "Mozilla/5.0 (Windows NT 6.1; WOW64; rv:56.0) Gecko/20100101 Firefox/56.0"
77.50.251.129 - - [18/Oct/2017:11:23:21 +0300] "GET /static/blog/css/blog.css HTTP/1.1" 404 152 "http://digital-human.ru/" "Mozilla/5.0 (Windows NT 6.1; WOW64; rv:56.0) Gecko/20100101 Firefox/56.0"
77.50.251.129 - - [18/Oct/2017:11:23:21 +0300] "GET /static/my_app/example.jpg HTTP/1.1" 404 152 "http://digital-human.ru/" "Mozilla/5.0 (Windows NT 6.1; WOW64; rv:56.0) Gecko/20100101 Firefox/56.0"
77.50.251.129 - - [18/Oct/2017:11:24:02 +0300] "GET / HTTP/1.1" 200 552 "http://digital-human.ru/" "Mozilla/5.0 (Windows NT 6.1; WOW64; rv:56.0) Gecko/20100101 Firefox/56.0"
77.50.251.129 - - [18/Oct/2017:11:24:02 +0300] "GET /static/blog/css/blog.css HTTP/1.1" 404 152 "http://digital-human.ru/" "Mozilla/5.0 (Windows NT 6.1; WOW64; rv:56.0) Gecko/20100101 Firefox/56.0"
77.50.251.129 - - [18/Oct/2017:11:24:02 +0300] "GET /static/my_app/example.jpg HTTP/1.1" 404 152 "http://digital-human.ru/" "Mozilla/5.0 (Windows NT 6.1; WOW64; rv:56.0) Gecko/20100101 Firefox/56.0"
77.50.251.129 - - [18/Oct/2017:11:24:03 +0300] "GET / HTTP/1.1" 200 552 "http://digital-human.ru/" "Mozilla/5.0 (Windows NT 6.1; WOW64; rv:56.0) Gecko/20100101 Firefox/56.0"
77.50.251.129 - - [18/Oct/2017:11:24:03 +0300] "GET /static/blog/css/blog.css HTTP/1.1" 404 152 "http://digital-human.ru/" "Mozilla/5.0 (Windows NT 6.1; WOW64; rv:56.0) Gecko/20100101 Firefox/56.0"
77.50.251.129 - - [18/Oct/2017:11:24:03 +0300] "GET /static/my_app/example.jpg HTTP/1.1" 404 152 "http://digital-human.ru/" "Mozilla/5.0 (Windows NT 6.1; WOW64; rv:56.0) Gecko/20100101 Firefox/56.0"
77.50.251.129 - - [18/Oct/2017:11:24:04 +0300] "GET / HTTP/1.1" 200 552 "http://digital-human.ru/" "Mozilla/5.0 (Windows NT 6.1; WOW64; rv:56.0) Gecko/20100101 Firefox/56.0"
77.50.251.129 - - [18/Oct/2017:11:24:04 +0300] "GET /static/blog/css/blog.css HTTP/1.1" 404 152 "http://digital-human.ru/" "Mozilla/5.0 (Windows NT 6.1; WOW64; rv:56.0) Gecko/20100101 Firefox/56.0"
77.50.251.129 - - [18/Oct/2017:11:24:04 +0300] "GET /static/my_app/example.jpg HTTP/1.1" 404 152 "http://digital-human.ru/" "Mozilla/5.0 (Windows NT 6.1; WOW64; rv:56.0) Gecko/20100101 Firefox/56.0"
77.50.251.129 - - [18/Oct/2017:11:32:05 +0300] "GET / HTTP/1.1" 200 551 "http://digital-human.ru/" "Mozilla/5.0 (Windows NT 6.1; WOW64; rv:56.0) Gecko/20100101 Firefox/56.0"
77.50.251.129 - - [18/Oct/2017:11:32:05 +0300] "GET /blog/css/blog.css HTTP/1.1" 404 113 "http://digital-human.ru/" "Mozilla/5.0 (Windows NT 6.1; WOW64; rv:56.0) Gecko/20100101 Firefox/56.0"
77.50.251.129 - - [18/Oct/2017:11:32:05 +0300] "GET /static/my_app/example.jpg HTTP/1.1" 404 152 "http://digital-human.ru/" "Mozilla/5.0 (Windows NT 6.1; WOW64; rv:56.0) Gecko/20100101 Firefox/56.0"
77.50.251.129 - - [18/Oct/2017:11:32:06 +0300] "GET / HTTP/1.1" 200 551 "http://digital-human.ru/" "Mozilla/5.0 (Windows NT 6.1; WOW64; rv:56.0) Gecko/20100101 Firefox/56.0"
77.50.251.129 - - [18/Oct/2017:11:32:06 +0300] "GET /blog/css/blog.css HTTP/1.1" 404 113 "http://digital-human.ru/" "Mozilla/5.0 (Windows NT 6.1; WOW64; rv:56.0) Gecko/20100101 Firefox/56.0"
77.50.251.129 - - [18/Oct/2017:11:32:06 +0300] "GET /static/my_app/example.jpg HTTP/1.1" 404 152 "http://digital-human.ru/" "Mozilla/5.0 (Windows NT 6.1; WOW64; rv:56.0) Gecko/20100101 Firefox/56.0"
77.50.251.129 - - [18/Oct/2017:11:32:07 +0300] "GET / HTTP/1.1" 200 551 "http://digital-human.ru/" "Mozilla/5.0 (Windows NT 6.1; WOW64; rv:56.0) Gecko/20100101 Firefox/56.0"
77.50.251.129 - - [18/Oct/2017:11:32:07 +0300] "GET /blog/css/blog.css HTTP/1.1" 404 113 "http://digital-human.ru/" "Mozilla/5.0 (Windows NT 6.1; WOW64; rv:56.0) Gecko/20100101 Firefox/56.0"
77.50.251.129 - - [18/Oct/2017:11:32:07 +0300] "GET /static/my_app/example.jpg HTTP/1.1" 404 152 "http://digital-human.ru/" "Mozilla/5.0 (Windows NT 6.1; WOW64; rv:56.0) Gecko/20100101 Firefox/56.0"
77.50.251.129 - - [18/Oct/2017:11:32:08 +0300] "GET / HTTP/1.1" 200 551 "http://digital-human.ru/" "Mozilla/5.0 (Windows NT 6.1; WOW64; rv:56.0) Gecko/20100101 Firefox/56.0"
77.50.251.129 - - [18/Oct/2017:11:32:08 +0300] "GET /blog/css/blog.css HTTP/1.1" 404 113 "http://digital-human.ru/" "Mozilla/5.0 (Windows NT 6.1; WOW64; rv:56.0) Gecko/20100101 Firefox/56.0"
77.50.251.129 - - [18/Oct/2017:11:32:08 +0300] "GET /static/my_app/example.jpg HTTP/1.1" 404 152 "http://digital-human.ru/" "Mozilla/5.0 (Windows NT 6.1; WOW64; rv:56.0) Gecko/20100101 Firefox/56.0"
77.50.251.129 - - [18/Oct/2017:11:41:10 +0300] "GET / HTTP/1.1" 200 551 "http://digital-human.ru/" "Mozilla/5.0 (Windows NT 6.1; WOW64; rv:56.0) Gecko/20100101 Firefox/56.0"
77.50.251.129 - - [18/Oct/2017:11:41:11 +0300] "GET /static/my_app/example.jpg HTTP/1.1" 404 152 "http://digital-human.ru/" "Mozilla/5.0 (Windows NT 6.1; WOW64; rv:56.0) Gecko/20100101 Firefox/56.0"
77.50.251.129 - - [18/Oct/2017:11:41:11 +0300] "GET /blog/css/blog.css HTTP/1.1" 404 113 "http://digital-human.ru/" "Mozilla/5.0 (Windows NT 6.1; WOW64; rv:56.0) Gecko/20100101 Firefox/56.0"
77.50.251.129 - - [18/Oct/2017:11:41:12 +0300] "GET / HTTP/1.1" 200 551 "http://digital-human.ru/" "Mozilla/5.0 (Windows NT 6.1; WOW64; rv:56.0) Gecko/20100101 Firefox/56.0"
77.50.251.129 - - [18/Oct/2017:11:41:12 +0300] "GET /blog/css/blog.css HTTP/1.1" 404 113 "http://digital-human.ru/" "Mozilla/5.0 (Windows NT 6.1; WOW64; rv:56.0) Gecko/20100101 Firefox/56.0"
77.50.251.129 - - [18/Oct/2017:11:41:12 +0300] "GET /static/my_app/example.jpg HTTP/1.1" 404 152 "http://digital-human.ru/" "Mozilla/5.0 (Windows NT 6.1; WOW64; rv:56.0) Gecko/20100101 Firefox/56.0"
77.50.251.129 - - [18/Oct/2017:11:41:13 +0300] "GET / HTTP/1.1" 200 551 "http://digital-human.ru/" "Mozilla/5.0 (Windows NT 6.1; WOW64; rv:56.0) Gecko/20100101 Firefox/56.0"
77.50.251.129 - - [18/Oct/2017:11:41:13 +0300] "GET /blog/css/blog.css HTTP/1.1" 404 113 "http://digital-human.ru/" "Mozilla/5.0 (Windows NT 6.1; WOW64; rv:56.0) Gecko/20100101 Firefox/56.0"
77.50.251.129 - - [18/Oct/2017:11:41:13 +0300] "GET /static/my_app/example.jpg HTTP/1.1" 404 152 "http://digital-human.ru/" "Mozilla/5.0 (Windows NT 6.1; WOW64; rv:56.0) Gecko/20100101 Firefox/56.0"
77.50.251.129 - - [18/Oct/2017:11:41:14 +0300] "GET / HTTP/1.1" 200 551 "http://digital-human.ru/" "Mozilla/5.0 (Windows NT 6.1; WOW64; rv:56.0) Gecko/20100101 Firefox/56.0"
