2017/10/17 10:25:33 [crit] 690#690: *347 connect() to unix:/dh/run/gunicorn.sock failed (2: No such file or directory) while connecting to upstream, client: 158.140.168.127, server: digital-human.ru, request: "GET /cgi-bin/user/Config.cgi?.cab&action=get&category=Account.* HTTP/1.1", upstream: "http://unix:/dh/run/gunicorn.sock:/cgi-bin/user/Config.cgi?.cab&action=get&category=Account.*", host: "37.46.131.12:80"
2017/10/17 10:25:33 [error] 690#690: *347 open() "/dh/static/500.html" failed (2: No such file or directory), client: 158.140.168.127, server: digital-human.ru, request: "GET /cgi-bin/user/Config.cgi?.cab&action=get&category=Account.* HTTP/1.1", upstream: "http://unix:/dh/run/gunicorn.sock/cgi-bin/user/Config.cgi?.cab&action=get&category=Account.*", host: "37.46.131.12:80"
2017/10/17 10:26:02 [crit] 690#690: *349 connect() to unix:/dh/run/gunicorn.sock failed (2: No such file or directory) while connecting to upstream, client: 158.140.168.127, server: digital-human.ru, request: "GET /shell?echo+jaws+123456;cat+/proc/cpuinfo HTTP/1.1", upstream: "http://unix:/dh/run/gunicorn.sock:/shell?echo+jaws+123456;cat+/proc/cpuinfo", host: "37.46.131.12:80"
2017/10/17 10:26:02 [error] 690#690: *349 open() "/dh/static/500.html" failed (2: No such file or directory), client: 158.140.168.127, server: digital-human.ru, request: "GET /shell?echo+jaws+123456;cat+/proc/cpuinfo HTTP/1.1", upstream: "http://unix:/dh/run/gunicorn.sock/shell?echo+jaws+123456;cat+/proc/cpuinfo", host: "37.46.131.12:80"
2017/10/17 10:41:31 [crit] 690#690: *352 connect() to unix:/dh/run/gunicorn.sock failed (2: No such file or directory) while connecting to upstream, client: 217.69.133.10, server: digital-human.ru, request: "GET /robots.txt HTTP/1.0", upstream: "http://unix:/dh/run/gunicorn.sock:/robots.txt", host: "www.bi-grouplabs.ru"
2017/10/17 10:41:31 [error] 690#690: *352 open() "/dh/static/500.html" failed (2: No such file or directory), client: 217.69.133.10, server: digital-human.ru, request: "GET /robots.txt HTTP/1.0", upstream: "http://unix:/dh/run/gunicorn.sock/robots.txt", host: "www.bi-grouplabs.ru"
2017/10/17 10:41:32 [crit] 690#690: *354 connect() to unix:/dh/run/gunicorn.sock failed (2: No such file or directory) while connecting to upstream, client: 217.69.133.11, server: digital-human.ru, request: "GET /index.php/categories/financial-adviser/item/42-ars-more/ HTTP/1.1", upstream: "http://unix:/dh/run/gunicorn.sock:/index.php/categories/financial-adviser/item/42-ars-more/", host: "www.bi-grouplabs.ru"
2017/10/17 10:41:32 [error] 690#690: *354 open() "/dh/static/500.html" failed (2: No such file or directory), client: 217.69.133.11, server: digital-human.ru, request: "GET /index.php/categories/financial-adviser/item/42-ars-more/ HTTP/1.1", upstream: "http://unix:/dh/run/gunicorn.sock/index.php/categories/financial-adviser/item/42-ars-more/", host: "www.bi-grouplabs.ru"
2017/10/17 10:47:58 [crit] 690#690: *356 connect() to unix:/dh/run/gunicorn.sock failed (2: No such file or directory) while connecting to upstream, client: 207.46.13.116, server: digital-human.ru, request: "GET / HTTP/1.1", upstream: "http://unix:/dh/run/gunicorn.sock:/", host: "ai-forecasts.com"
2017/10/17 10:47:58 [error] 690#690: *356 open() "/dh/static/500.html" failed (2: No such file or directory), client: 207.46.13.116, server: digital-human.ru, request: "GET / HTTP/1.1", upstream: "http://unix:/dh/run/gunicorn.sock/", host: "ai-forecasts.com"
2017/10/17 10:50:13 [crit] 690#690: *358 connect() to unix:/dh/run/gunicorn.sock failed (2: No such file or directory) while connecting to upstream, client: 193.169.52.154, server: digital-human.ru, request: "GET / HTTP/1.1", upstream: "http://unix:/dh/run/gunicorn.sock:/", host: "digital-human.ru"
2017/10/17 10:50:13 [error] 690#690: *358 open() "/dh/static/500.html" failed (2: No such file or directory), client: 193.169.52.154, server: digital-human.ru, request: "GET / HTTP/1.1", upstream: "http://unix:/dh/run/gunicorn.sock/", host: "digital-human.ru"
2017/10/17 10:56:22 [crit] 690#690: *360 connect() to unix:/dh/run/gunicorn.sock failed (2: No such file or directory) while connecting to upstream, client: 23.129.64.15, server: digital-human.ru, request: "GET /id_rsa HTTP/1.1", upstream: "http://unix:/dh/run/gunicorn.sock:/id_rsa", host: "www.high-tech.su"
2017/10/17 10:56:22 [error] 690#690: *360 open() "/dh/static/500.html" failed (2: No such file or directory), client: 23.129.64.15, server: digital-human.ru, request: "GET /id_rsa HTTP/1.1", upstream: "http://unix:/dh/run/gunicorn.sock/id_rsa", host: "www.high-tech.su"
2017/10/17 10:56:23 [crit] 690#690: *360 connect() to unix:/dh/run/gunicorn.sock failed (2: No such file or directory) while connecting to upstream, client: 23.129.64.15, server: digital-human.ru, request: "GET /.ssh/id_rsa HTTP/1.1", upstream: "http://unix:/dh/run/gunicorn.sock:/.ssh/id_rsa", host: "www.high-tech.su"
2017/10/17 10:56:23 [error] 690#690: *360 open() "/dh/static/500.html" failed (2: No such file or directory), client: 23.129.64.15, server: digital-human.ru, request: "GET /.ssh/id_rsa HTTP/1.1", upstream: "http://unix:/dh/run/gunicorn.sock/.ssh/id_rsa", host: "www.high-tech.su"
2017/10/17 10:56:24 [crit] 690#690: *360 connect() to unix:/dh/run/gunicorn.sock failed (2: No such file or directory) while connecting to upstream, client: 23.129.64.15, server: digital-human.ru, request: "GET /root/.ssh/id_rsa HTTP/1.1", upstream: "http://unix:/dh/run/gunicorn.sock:/root/.ssh/id_rsa", host: "www.high-tech.su"
2017/10/17 10:56:24 [error] 690#690: *360 open() "/dh/static/500.html" failed (2: No such file or directory), client: 23.129.64.15, server: digital-human.ru, request: "GET /root/.ssh/id_rsa HTTP/1.1", upstream: "http://unix:/dh/run/gunicorn.sock/root/.ssh/id_rsa", host: "www.high-tech.su"
2017/10/17 10:56:25 [crit] 690#690: *360 connect() to unix:/dh/run/gunicorn.sock failed (2: No such file or directory) while connecting to upstream, client: 23.129.64.15, server: digital-human.ru, request: "GET /id_dsa HTTP/1.1", upstream: "http://unix:/dh/run/gunicorn.sock:/id_dsa", host: "www.high-tech.su"
2017/10/17 10:56:25 [error] 690#690: *360 open() "/dh/static/500.html" failed (2: No such file or directory), client: 23.129.64.15, server: digital-human.ru, request: "GET /id_dsa HTTP/1.1", upstream: "http://unix:/dh/run/gunicorn.sock/id_dsa", host: "www.high-tech.su"
2017/10/17 10:56:26 [crit] 690#690: *360 connect() to unix:/dh/run/gunicorn.sock failed (2: No such file or directory) while connecting to upstream, client: 23.129.64.15, server: digital-human.ru, request: "GET /.ssh/id_dsa HTTP/1.1", upstream: "http://unix:/dh/run/gunicorn.sock:/.ssh/id_dsa", host: "www.high-tech.su"
2017/10/17 10:56:26 [error] 690#690: *360 open() "/dh/static/500.html" failed (2: No such file or directory), client: 23.129.64.15, server: digital-human.ru, request: "GET /.ssh/id_dsa HTTP/1.1", upstream: "http://unix:/dh/run/gunicorn.sock/.ssh/id_dsa", host: "www.high-tech.su"
2017/10/17 10:56:26 [crit] 690#690: *360 connect() to unix:/dh/run/gunicorn.sock failed (2: No such file or directory) while connecting to upstream, client: 23.129.64.15, server: digital-human.ru, request: "GET /root/.ssh/id_dsa HTTP/1.1", upstream: "http://unix:/dh/run/gunicorn.sock:/root/.ssh/id_dsa", host: "www.high-tech.su"
2017/10/17 10:56:26 [error] 690#690: *360 open() "/dh/static/500.html" failed (2: No such file or directory), client: 23.129.64.15, server: digital-human.ru, request: "GET /root/.ssh/id_dsa HTTP/1.1", upstream: "http://unix:/dh/run/gunicorn.sock/root/.ssh/id_dsa", host: "www.high-tech.su"
2017/10/17 11:06:41 [crit] 690#690: *367 connect() to unix:/dh/run/gunicorn.sock failed (2: No such file or directory) while connecting to upstream, client: 37.9.118.28, server: digital-human.ru, request: "GET / HTTP/1.1", upstream: "http://unix:/dh/run/gunicorn.sock:/", host: "ai-forecasts.com"
2017/10/17 11:06:41 [error] 690#690: *367 open() "/dh/static/500.html" failed (2: No such file or directory), client: 37.9.118.28, server: digital-human.ru, request: "GET / HTTP/1.1", upstream: "http://unix:/dh/run/gunicorn.sock/", host: "ai-forecasts.com"
2017/10/17 11:21:21 [crit] 690#690: *369 connect() to unix:/dh/run/gunicorn.sock failed (2: No such file or directory) while connecting to upstream, client: 67.23.230.251, server: digital-human.ru, request: "GET /new/wp-login.php HTTP/1.1", upstream: "http://unix:/dh/run/gunicorn.sock:/new/wp-login.php", host: "high-tech.su"
2017/10/17 11:21:21 [error] 690#690: *369 open() "/dh/static/500.html" failed (2: No such file or directory), client: 67.23.230.251, server: digital-human.ru, request: "GET /new/wp-login.php HTTP/1.1", upstream: "http://unix:/dh/run/gunicorn.sock/new/wp-login.php", host: "high-tech.su"
2017/10/17 11:21:45 [crit] 690#690: *371 connect() to unix:/dh/run/gunicorn.sock failed (2: No such file or directory) while connecting to upstream, client: 77.50.251.129, server: digital-human.ru, request: "GET / HTTP/1.1", upstream: "http://unix:/dh/run/gunicorn.sock:/", host: "digital-human.ru"
2017/10/17 11:21:45 [error] 690#690: *371 open() "/dh/static/500.html" failed (2: No such file or directory), client: 77.50.251.129, server: digital-human.ru, request: "GET / HTTP/1.1", upstream: "http://unix:/dh/run/gunicorn.sock/", host: "digital-human.ru"
2017/10/17 11:21:46 [crit] 690#690: *371 connect() to unix:/dh/run/gunicorn.sock failed (2: No such file or directory) while connecting to upstream, client: 77.50.251.129, server: digital-human.ru, request: "GET /favicon.ico HTTP/1.1", upstream: "http://unix:/dh/run/gunicorn.sock:/favicon.ico", host: "digital-human.ru"
2017/10/17 11:21:46 [error] 690#690: *371 open() "/dh/static/500.html" failed (2: No such file or directory), client: 77.50.251.129, server: digital-human.ru, request: "GET /favicon.ico HTTP/1.1", upstream: "http://unix:/dh/run/gunicorn.sock/favicon.ico", host: "digital-human.ru"
2017/10/17 11:21:49 [crit] 690#690: *371 connect() to unix:/dh/run/gunicorn.sock failed (2: No such file or directory) while connecting to upstream, client: 77.50.251.129, server: digital-human.ru, request: "GET / HTTP/1.1", upstream: "http://unix:/dh/run/gunicorn.sock:/", host: "digital-human.ru"
2017/10/17 11:21:49 [error] 690#690: *371 open() "/dh/static/500.html" failed (2: No such file or directory), client: 77.50.251.129, server: digital-human.ru, request: "GET / HTTP/1.1", upstream: "http://unix:/dh/run/gunicorn.sock/", host: "digital-human.ru"
2017/10/17 11:27:59 [crit] 690#690: *375 connect() to unix:/dh/run/gunicorn.sock failed (2: No such file or directory) while connecting to upstream, client: 147.135.138.75, server: digital-human.ru, request: "GET /wp-login.php HTTP/1.1", upstream: "http://unix:/dh/run/gunicorn.sock:/wp-login.php", host: "bi-grouplabs.ru"
2017/10/17 11:27:59 [error] 690#690: *375 open() "/dh/static/500.html" failed (2: No such file or directory), client: 147.135.138.75, server: digital-human.ru, request: "GET /wp-login.php HTTP/1.1", upstream: "http://unix:/dh/run/gunicorn.sock/wp-login.php", host: "bi-grouplabs.ru"
2017/10/17 11:28:21 [crit] 690#690: *375 connect() to unix:/dh/run/gunicorn.sock failed (2: No such file or directory) while connecting to upstream, client: 147.135.138.75, server: digital-human.ru, request: "GET /administrator/ HTTP/1.1", upstream: "http://unix:/dh/run/gunicorn.sock:/administrator/", host: "bi-grouplabs.ru"
2017/10/17 11:28:21 [error] 690#690: *375 open() "/dh/static/500.html" failed (2: No such file or directory), client: 147.135.138.75, server: digital-human.ru, request: "GET /administrator/ HTTP/1.1", upstream: "http://unix:/dh/run/gunicorn.sock/administrator/", host: "bi-grouplabs.ru"
2017/10/17 11:28:42 [crit] 690#690: *378 connect() to unix:/dh/run/gunicorn.sock failed (2: No such file or directory) while connecting to upstream, client: 77.50.251.129, server: digital-human.ru, request: "GET / HTTP/1.1", upstream: "http://unix:/dh/run/gunicorn.sock:/", host: "digital-human.ru"
2017/10/17 11:28:42 [error] 690#690: *378 open() "/dh/static/500.html" failed (2: No such file or directory), client: 77.50.251.129, server: digital-human.ru, request: "GET / HTTP/1.1", upstream: "http://unix:/dh/run/gunicorn.sock/", host: "digital-human.ru"
2017/10/17 11:28:43 [crit] 690#690: *378 connect() to unix:/dh/run/gunicorn.sock failed (2: No such file or directory) while connecting to upstream, client: 77.50.251.129, server: digital-human.ru, request: "GET / HTTP/1.1", upstream: "http://unix:/dh/run/gunicorn.sock:/", host: "digital-human.ru"
2017/10/17 11:28:43 [error] 690#690: *378 open() "/dh/static/500.html" failed (2: No such file or directory), client: 77.50.251.129, server: digital-human.ru, request: "GET / HTTP/1.1", upstream: "http://unix:/dh/run/gunicorn.sock/", host: "digital-human.ru"
2017/10/17 11:28:44 [crit] 690#690: *378 connect() to unix:/dh/run/gunicorn.sock failed (2: No such file or directory) while connecting to upstream, client: 77.50.251.129, server: digital-human.ru, request: "GET / HTTP/1.1", upstream: "http://unix:/dh/run/gunicorn.sock:/", host: "digital-human.ru"
2017/10/17 11:28:44 [error] 690#690: *378 open() "/dh/static/500.html" failed (2: No such file or directory), client: 77.50.251.129, server: digital-human.ru, request: "GET / HTTP/1.1", upstream: "http://unix:/dh/run/gunicorn.sock/", host: "digital-human.ru"
2017/10/17 11:28:48 [crit] 690#690: *375 connect() to unix:/dh/run/gunicorn.sock failed (2: No such file or directory) while connecting to upstream, client: 147.135.138.75, server: digital-human.ru, request: "GET /admin.php HTTP/1.1", upstream: "http://unix:/dh/run/gunicorn.sock:/admin.php", host: "bi-grouplabs.ru"
2017/10/17 11:28:48 [error] 690#690: *375 open() "/dh/static/500.html" failed (2: No such file or directory), client: 147.135.138.75, server: digital-human.ru, request: "GET /admin.php HTTP/1.1", upstream: "http://unix:/dh/run/gunicorn.sock/admin.php", host: "bi-grouplabs.ru"
2017/10/17 11:33:15 [crit] 690#690: *383 connect() to unix:/dh/run/gunicorn.sock failed (2: No such file or directory) while connecting to upstream, client: 62.201.196.74, server: digital-human.ru, request: "GET / HTTP/1.1", upstream: "http://unix:/dh/run/gunicorn.sock:/", host: "037.046.131.012"
2017/10/17 11:33:15 [error] 690#690: *383 open() "/dh/static/500.html" failed (2: No such file or directory), client: 62.201.196.74, server: digital-human.ru, request: "GET / HTTP/1.1", upstream: "http://unix:/dh/run/gunicorn.sock/", host: "037.046.131.012"
2017/10/17 11:43:34 [crit] 690#690: *385 connect() to unix:/dh/run/gunicorn.sock failed (2: No such file or directory) while connecting to upstream, client: 89.78.213.56, server: digital-human.ru, request: "GET /forum/topic?id=9 HTTP/1.0", upstream: "http://unix:/dh/run/gunicorn.sock:/forum/topic?id=9", host: "high-tech.su", referrer: "http://high-tech.su/forum/topic?id=9"
2017/10/17 11:43:34 [error] 690#690: *385 open() "/dh/static/500.html" failed (2: No such file or directory), client: 89.78.213.56, server: digital-human.ru, request: "GET /forum/topic?id=9 HTTP/1.0", upstream: "http://unix:/dh/run/gunicorn.sock/forum/topic?id=9", host: "high-tech.su", referrer: "http://high-tech.su/forum/topic?id=9"
2017/10/17 11:43:34 [crit] 690#690: *387 connect() to unix:/dh/run/gunicorn.sock failed (2: No such file or directory) while connecting to upstream, client: 89.78.213.56, server: digital-human.ru, request: "GET / HTTP/1.0", upstream: "http://unix:/dh/run/gunicorn.sock:/", host: "high-tech.su", referrer: "http://high-tech.su/"
2017/10/17 11:43:34 [error] 690#690: *387 open() "/dh/static/500.html" failed (2: No such file or directory), client: 89.78.213.56, server: digital-human.ru, request: "GET / HTTP/1.0", upstream: "http://unix:/dh/run/gunicorn.sock/", host: "high-tech.su", referrer: "http://high-tech.su/"
2017/10/17 11:43:34 [crit] 690#690: *389 connect() to unix:/dh/run/gunicorn.sock failed (2: No such file or directory) while connecting to upstream, client: 89.78.213.56, server: digital-human.ru, request: "GET / HTTP/1.0", upstream: "http://unix:/dh/run/gunicorn.sock:/", host: "high-tech.su", referrer: "http://high-tech.su/"
2017/10/17 11:43:34 [error] 690#690: *389 open() "/dh/static/500.html" failed (2: No such file or directory), client: 89.78.213.56, server: digital-human.ru, request: "GET / HTTP/1.0", upstream: "http://unix:/dh/run/gunicorn.sock/", host: "high-tech.su", referrer: "http://high-tech.su/"
2017/10/17 11:43:34 [crit] 690#690: *391 connect() to unix:/dh/run/gunicorn.sock failed (2: No such file or directory) while connecting to upstream, client: 89.78.213.56, server: digital-human.ru, request: "GET / HTTP/1.0", upstream: "http://unix:/dh/run/gunicorn.sock:/", host: "forum.high-tech.su", referrer: "http://forum.high-tech.su/"
2017/10/17 11:43:34 [error] 690#690: *391 open() "/dh/static/500.html" failed (2: No such file or directory), client: 89.78.213.56, server: digital-human.ru, request: "GET / HTTP/1.0", upstream: "http://unix:/dh/run/gunicorn.sock/", host: "forum.high-tech.su", referrer: "http://forum.high-tech.su/"
2017/10/17 11:44:31 [crit] 690#690: *393 connect() to unix:/dh/run/gunicorn.sock failed (2: No such file or directory) while connecting to upstream, client: 144.76.80.151, server: digital-human.ru, request: "GET /robots.txt HTTP/1.0", upstream: "http://unix:/dh/run/gunicorn.sock:/robots.txt", host: "www.bi-grouplabs.ru"
2017/10/17 11:44:31 [error] 690#690: *393 open() "/dh/static/500.html" failed (2: No such file or directory), client: 144.76.80.151, server: digital-human.ru, request: "GET /robots.txt HTTP/1.0", upstream: "http://unix:/dh/run/gunicorn.sock/robots.txt", host: "www.bi-grouplabs.ru"
2017/10/17 11:45:36 [error] 690#690: *397 open() "/dh/static/static/admin/css/base.css" failed (2: No such file or directory), client: 77.50.251.129, server: digital-human.ru, request: "GET /static/admin/css/base.css HTTP/1.1", host: "digital-human.ru", referrer: "http://digital-human.ru/admin/login/?next=/admin/"
2017/10/17 11:45:36 [error] 690#690: *397 open() "/dh/static/static/admin/css/login.css" failed (2: No such file or directory), client: 77.50.251.129, server: digital-human.ru, request: "GET /static/admin/css/login.css HTTP/1.1", host: "digital-human.ru", referrer: "http://digital-human.ru/admin/login/?next=/admin/"
2017/10/17 11:47:25 [crit] 690#690: *404 connect() to unix:/dh/run/gunicorn.sock failed (2: No such file or directory) while connecting to upstream, client: 88.198.22.8, server: digital-human.ru, request: "GET /robots.txt HTTP/1.0", upstream: "http://unix:/dh/run/gunicorn.sock:/robots.txt", host: "www.bi-grouplabs.ru"
2017/10/17 11:47:25 [error] 690#690: *404 open() "/dh/static/500.html" failed (2: No such file or directory), client: 88.198.22.8, server: digital-human.ru, request: "GET /robots.txt HTTP/1.0", upstream: "http://unix:/dh/run/gunicorn.sock/robots.txt", host: "www.bi-grouplabs.ru"
2017/10/17 11:47:55 [crit] 690#690: *406 connect() to unix:/dh/run/gunicorn.sock failed (2: No such file or directory) while connecting to upstream, client: 77.50.251.129, server: digital-human.ru, request: "GET / HTTP/1.1", upstream: "http://unix:/dh/run/gunicorn.sock:/", host: "digital-human.ru"
2017/10/17 11:47:55 [error] 690#690: *406 open() "/dh/static/500.html" failed (2: No such file or directory), client: 77.50.251.129, server: digital-human.ru, request: "GET / HTTP/1.1", upstream: "http://unix:/dh/run/gunicorn.sock/", host: "digital-human.ru"
2017/10/17 11:47:57 [crit] 690#690: *406 connect() to unix:/dh/run/gunicorn.sock failed (2: No such file or directory) while connecting to upstream, client: 77.50.251.129, server: digital-human.ru, request: "GET / HTTP/1.1", upstream: "http://unix:/dh/run/gunicorn.sock:/", host: "digital-human.ru"
2017/10/17 11:47:57 [error] 690#690: *406 open() "/dh/static/500.html" failed (2: No such file or directory), client: 77.50.251.129, server: digital-human.ru, request: "GET / HTTP/1.1", upstream: "http://unix:/dh/run/gunicorn.sock/", host: "digital-human.ru"
2017/10/17 11:50:42 [crit] 690#690: *409 connect() to unix:/dh/run/gunicorn.sock failed (2: No such file or directory) while connecting to upstream, client: 67.23.230.251, server: digital-human.ru, request: "GET /new/wp-login.php HTTP/1.1", upstream: "http://unix:/dh/run/gunicorn.sock:/new/wp-login.php", host: "news.high-tech.su"
2017/10/17 11:50:42 [error] 690#690: *409 open() "/dh/static/500.html" failed (2: No such file or directory), client: 67.23.230.251, server: digital-human.ru, request: "GET /new/wp-login.php HTTP/1.1", upstream: "http://unix:/dh/run/gunicorn.sock/new/wp-login.php", host: "news.high-tech.su"
2017/10/17 11:52:33 [crit] 690#690: *411 connect() to unix:/dh/run/gunicorn.sock failed (2: No such file or directory) while connecting to upstream, client: 173.208.242.186, server: digital-human.ru, request: "GET /wp-login.php HTTP/1.1", upstream: "http://unix:/dh/run/gunicorn.sock:/wp-login.php", host: "high-tech.su", referrer: "http://high-tech.su/wp-login.php"
2017/10/17 11:52:33 [error] 690#690: *411 open() "/dh/static/500.html" failed (2: No such file or directory), client: 173.208.242.186, server: digital-human.ru, request: "GET /wp-login.php HTTP/1.1", upstream: "http://unix:/dh/run/gunicorn.sock/wp-login.php", host: "high-tech.su", referrer: "http://high-tech.su/wp-login.php"
2017/10/17 11:52:33 [crit] 690#690: *411 connect() to unix:/dh/run/gunicorn.sock failed (2: No such file or directory) while connecting to upstream, client: 173.208.242.186, server: digital-human.ru, request: "GET /wp-login.php HTTP/1.1", upstream: "http://unix:/dh/run/gunicorn.sock:/wp-login.php", host: "high-tech.su", referrer: "http://high-tech.su/wp-login.php"
2017/10/17 11:52:33 [error] 690#690: *411 open() "/dh/static/500.html" failed (2: No such file or directory), client: 173.208.242.186, server: digital-human.ru, request: "GET /wp-login.php HTTP/1.1", upstream: "http://unix:/dh/run/gunicorn.sock/wp-login.php", host: "high-tech.su", referrer: "http://high-tech.su/wp-login.php"
2017/10/17 11:53:11 [crit] 690#690: *414 connect() to unix:/dh/run/gunicorn.sock failed (2: No such file or directory) while connecting to upstream, client: 37.9.113.163, server: digital-human.ru, request: "GET /robots.txt HTTP/1.1", upstream: "http://unix:/dh/run/gunicorn.sock:/robots.txt", host: "bi-grouplabs.ru"
2017/10/17 11:53:11 [error] 690#690: *414 open() "/dh/static/500.html" failed (2: No such file or directory), client: 37.9.113.163, server: digital-human.ru, request: "GET /robots.txt HTTP/1.1", upstream: "http://unix:/dh/run/gunicorn.sock/robots.txt", host: "bi-grouplabs.ru"
2017/10/17 11:53:15 [crit] 690#690: *414 connect() to unix:/dh/run/gunicorn.sock failed (2: No such file or directory) while connecting to upstream, client: 37.9.113.163, server: digital-human.ru, request: "GET /Product/crm/data_analysis_CRM/images/prognoz4.gif HTTP/1.1", upstream: "http://unix:/dh/run/gunicorn.sock:/Product/crm/data_analysis_CRM/images/prognoz4.gif", host: "bi-grouplabs.ru"
2017/10/17 11:53:15 [error] 690#690: *414 open() "/dh/static/500.html" failed (2: No such file or directory), client: 37.9.113.163, server: digital-human.ru, request: "GET /Product/crm/data_analysis_CRM/images/prognoz4.gif HTTP/1.1", upstream: "http://unix:/dh/run/gunicorn.sock/Product/crm/data_analysis_CRM/images/prognoz4.gif", host: "bi-grouplabs.ru"
2017/10/17 12:08:21 [crit] 690#690: *417 connect() to unix:/dh/run/gunicorn.sock failed (2: No such file or directory) while connecting to upstream, client: 141.8.142.46, server: digital-human.ru, request: "GET /templates/bi_business/favicon.ico HTTP/1.1", upstream: "http://unix:/dh/run/gunicorn.sock:/templates/bi_business/favicon.ico", host: "bi-grouplabs.ru"
2017/10/17 12:08:21 [error] 690#690: *417 open() "/dh/static/500.html" failed (2: No such file or directory), client: 141.8.142.46, server: digital-human.ru, request: "GET /templates/bi_business/favicon.ico HTTP/1.1", upstream: "http://unix:/dh/run/gunicorn.sock/templates/bi_business/favicon.ico", host: "bi-grouplabs.ru"
2017/10/17 12:12:30 [crit] 690#690: *419 connect() to unix:/dh/run/gunicorn.sock failed (2: No such file or directory) while connecting to upstream, client: 217.69.133.18, server: digital-human.ru, request: "GET /robots.txt HTTP/1.0", upstream: "http://unix:/dh/run/gunicorn.sock:/robots.txt", host: "www.bi-grouplabs.ru"
2017/10/17 12:12:30 [error] 690#690: *419 open() "/dh/static/500.html" failed (2: No such file or directory), client: 217.69.133.18, server: digital-human.ru, request: "GET /robots.txt HTTP/1.0", upstream: "http://unix:/dh/run/gunicorn.sock/robots.txt", host: "www.bi-grouplabs.ru"
2017/10/17 12:12:31 [crit] 690#690: *421 connect() to unix:/dh/run/gunicorn.sock failed (2: No such file or directory) while connecting to upstream, client: 217.69.133.12, server: digital-human.ru, request: "GET /Rech/electricity/forecast_elektra4_l.jpg HTTP/1.1", upstream: "http://unix:/dh/run/gunicorn.sock:/Rech/electricity/forecast_elektra4_l.jpg", host: "www.bi-grouplabs.ru"
2017/10/17 12:12:31 [error] 690#690: *421 open() "/dh/static/500.html" failed (2: No such file or directory), client: 217.69.133.12, server: digital-human.ru, request: "GET /Rech/electricity/forecast_elektra4_l.jpg HTTP/1.1", upstream: "http://unix:/dh/run/gunicorn.sock/Rech/electricity/forecast_elektra4_l.jpg", host: "www.bi-grouplabs.ru"
2017/10/17 12:17:38 [crit] 690#690: *423 connect() to unix:/dh/run/gunicorn.sock failed (2: No such file or directory) while connecting to upstream, client: 217.69.133.15, server: digital-human.ru, request: "GET /ResourceHead/CRM/CRM4.html HTTP/1.1", upstream: "http://unix:/dh/run/gunicorn.sock:/ResourceHead/CRM/CRM4.html", host: "www.bi-grouplabs.ru"
2017/10/17 12:17:38 [error] 690#690: *423 open() "/dh/static/500.html" failed (2: No such file or directory), client: 217.69.133.15, server: digital-human.ru, request: "GET /ResourceHead/CRM/CRM4.html HTTP/1.1", upstream: "http://unix:/dh/run/gunicorn.sock/ResourceHead/CRM/CRM4.html", host: "www.bi-grouplabs.ru"
2017/10/17 12:21:39 [crit] 690#690: *425 connect() to unix:/dh/run/gunicorn.sock failed (2: No such file or directory) while connecting to upstream, client: 178.154.224.71, server: digital-human.ru, request: "GET / HTTP/1.1", upstream: "http://unix:/dh/run/gunicorn.sock:/", host: "ai-forecasts.com"
2017/10/17 12:21:39 [error] 690#690: *425 open() "/dh/static/500.html" failed (2: No such file or directory), client: 178.154.224.71, server: digital-human.ru, request: "GET / HTTP/1.1", upstream: "http://unix:/dh/run/gunicorn.sock/", host: "ai-forecasts.com"
2017/10/17 12:37:13 [crit] 690#690: *427 connect() to unix:/dh/run/gunicorn.sock failed (2: No such file or directory) while connecting to upstream, client: 207.46.13.157, server: digital-human.ru, request: "GET /Product/crm/functions_crm.html HTTP/1.1", upstream: "http://unix:/dh/run/gunicorn.sock:/Product/crm/functions_crm.html", host: "www.bi-grouplabs.ru"
2017/10/17 12:37:13 [error] 690#690: *427 open() "/dh/static/500.html" failed (2: No such file or directory), client: 207.46.13.157, server: digital-human.ru, request: "GET /Product/crm/functions_crm.html HTTP/1.1", upstream: "http://unix:/dh/run/gunicorn.sock/Product/crm/functions_crm.html", host: "www.bi-grouplabs.ru"
2017/10/17 12:42:31 [crit] 690#690: *429 connect() to unix:/dh/run/gunicorn.sock failed (2: No such file or directory) while connecting to upstream, client: 77.50.251.129, server: digital-human.ru, request: "GET /admin/ HTTP/1.1", upstream: "http://unix:/dh/run/gunicorn.sock:/admin/", host: "digital-human.ru"
2017/10/17 12:42:31 [error] 690#690: *429 open() "/dh/static/500.html" failed (2: No such file or directory), client: 77.50.251.129, server: digital-human.ru, request: "GET /admin/ HTTP/1.1", upstream: "http://unix:/dh/run/gunicorn.sock/admin/", host: "digital-human.ru"
2017/10/17 12:43:07 [error] 690#690: *429 open() "/dh/static/static/admin/css/base.css" failed (2: No such file or directory), client: 77.50.251.129, server: digital-human.ru, request: "GET /static/admin/css/base.css HTTP/1.1", host: "digital-human.ru", referrer: "http://digital-human.ru/admin/login/?next=/admin/"
2017/10/17 12:43:08 [error] 690#690: *433 open() "/dh/static/static/admin/css/login.css" failed (2: No such file or directory), client: 77.50.251.129, server: digital-human.ru, request: "GET /static/admin/css/login.css HTTP/1.1", host: "digital-human.ru", referrer: "http://digital-human.ru/admin/login/?next=/admin/"
2017/10/17 12:43:11 [error] 690#690: *429 open() "/dh/static/static/admin/css/base.css" failed (2: No such file or directory), client: 77.50.251.129, server: digital-human.ru, request: "GET /static/admin/css/base.css HTTP/1.1", host: "digital-human.ru", referrer: "http://digital-human.ru/admin/login/?next=/admin/"
2017/10/17 12:43:11 [error] 690#690: *433 open() "/dh/static/static/admin/css/login.css" failed (2: No such file or directory), client: 77.50.251.129, server: digital-human.ru, request: "GET /static/admin/css/login.css HTTP/1.1", host: "digital-human.ru", referrer: "http://digital-human.ru/admin/login/?next=/admin/"
2017/10/17 12:43:12 [error] 690#690: *429 open() "/dh/static/static/admin/css/base.css" failed (2: No such file or directory), client: 77.50.251.129, server: digital-human.ru, request: "GET /static/admin/css/base.css HTTP/1.1", host: "digital-human.ru", referrer: "http://digital-human.ru/admin/login/?next=/admin/"
2017/10/17 12:43:12 [error] 690#690: *433 open() "/dh/static/static/admin/css/login.css" failed (2: No such file or directory), client: 77.50.251.129, server: digital-human.ru, request: "GET /static/admin/css/login.css HTTP/1.1", host: "digital-human.ru", referrer: "http://digital-human.ru/admin/login/?next=/admin/"
2017/10/17 12:53:01 [error] 690#690: *437 open() "/dh/static/static/admin/css/base.css" failed (2: No such file or directory), client: 77.50.251.129, server: digital-human.ru, request: "GET /static/admin/css/base.css HTTP/1.1", host: "digital-human.ru", referrer: "http://digital-human.ru/admin/"
2017/10/17 12:53:01 [error] 690#690: *440 open() "/dh/static/static/admin/css/dashboard.css" failed (2: No such file or directory), client: 77.50.251.129, server: digital-human.ru, request: "GET /static/admin/css/dashboard.css HTTP/1.1", host: "digital-human.ru", referrer: "http://digital-human.ru/admin/"
2017/10/17 12:58:08 [error] 690#690: *441 open() "/dh/static/static/admin/css/base.css" failed (2: No such file or directory), client: 77.50.251.129, server: digital-human.ru, request: "GET /static/admin/css/base.css HTTP/1.1", host: "digital-human.ru", referrer: "http://digital-human.ru/admin/blog/post/add/"
2017/10/17 12:58:09 [error] 690#690: *441 open() "/dh/static/static/admin/css/forms.css" failed (2: No such file or directory), client: 77.50.251.129, server: digital-human.ru, request: "GET /static/admin/css/forms.css HTTP/1.1", host: "digital-human.ru", referrer: "http://digital-human.ru/admin/blog/post/add/"
2017/10/17 12:58:09 [error] 690#690: *444 open() "/dh/static/static/admin/js/core.js" failed (2: No such file or directory), client: 77.50.251.129, server: digital-human.ru, request: "GET /static/admin/js/core.js HTTP/1.1", host: "digital-human.ru", referrer: "http://digital-human.ru/admin/blog/post/add/"
2017/10/17 12:58:09 [error] 690#690: *445 open() "/dh/static/static/admin/js/vendor/jquery/jquery.js" failed (2: No such file or directory), client: 77.50.251.129, server: digital-human.ru, request: "GET /static/admin/js/vendor/jquery/jquery.js HTTP/1.1", host: "digital-human.ru", referrer: "http://digital-human.ru/admin/blog/post/add/"
2017/10/17 12:58:09 [error] 690#690: *441 open() "/dh/static/static/admin/js/jquery.init.js" failed (2: No such file or directory), client: 77.50.251.129, server: digital-human.ru, request: "GET /static/admin/js/jquery.init.js HTTP/1.1", host: "digital-human.ru", referrer: "http://digital-human.ru/admin/blog/post/add/"
2017/10/17 12:58:09 [error] 690#690: *447 open() "/dh/static/static/admin/js/admin/RelatedObjectLookups.js" failed (2: No such file or directory), client: 77.50.251.129, server: digital-human.ru, request: "GET /static/admin/js/admin/RelatedObjectLookups.js HTTP/1.1", host: "digital-human.ru", referrer: "http://digital-human.ru/admin/blog/post/add/"
2017/10/17 12:58:09 [error] 690#690: *448 open() "/dh/static/static/admin/js/actions.js" failed (2: No such file or directory), client: 77.50.251.129, server: digital-human.ru, request: "GET /static/admin/js/actions.js HTTP/1.1", host: "digital-human.ru", referrer: "http://digital-human.ru/admin/blog/post/add/"
2017/10/17 12:58:09 [error] 690#690: *449 open() "/dh/static/static/admin/js/urlify.js" failed (2: No such file or directory), client: 77.50.251.129, server: digital-human.ru, request: "GET /static/admin/js/urlify.js HTTP/1.1", host: "digital-human.ru", referrer: "http://digital-human.ru/admin/blog/post/add/"
2017/10/17 12:58:09 [error] 690#690: *441 open() "/dh/static/static/admin/js/prepopulate.js" failed (2: No such file or directory), client: 77.50.251.129, server: digital-human.ru, request: "GET /static/admin/js/prepopulate.js HTTP/1.1", host: "digital-human.ru", referrer: "http://digital-human.ru/admin/blog/post/add/"
2017/10/17 12:58:09 [error] 690#690: *444 open() "/dh/static/static/admin/js/vendor/xregexp/xregexp.js" failed (2: No such file or directory), client: 77.50.251.129, server: digital-human.ru, request: "GET /static/admin/js/vendor/xregexp/xregexp.js HTTP/1.1", host: "digital-human.ru", referrer: "http://digital-human.ru/admin/blog/post/add/"
2017/10/17 12:58:09 [error] 690#690: *443 open() "/dh/static/static/admin/js/calendar.js" failed (2: No such file or directory), client: 77.50.251.129, server: digital-human.ru, request: "GET /static/admin/js/calendar.js HTTP/1.1", host: "digital-human.ru", referrer: "http://digital-human.ru/admin/blog/post/add/"
2017/10/17 12:58:09 [error] 690#690: *445 open() "/dh/static/static/admin/js/admin/DateTimeShortcuts.js" failed (2: No such file or directory), client: 77.50.251.129, server: digital-human.ru, request: "GET /static/admin/js/admin/DateTimeShortcuts.js HTTP/1.1", host: "digital-human.ru", referrer: "http://digital-human.ru/admin/blog/post/add/"
2017/10/17 12:58:09 [error] 690#690: *447 open() "/dh/static/static/admin/js/change_form.js" failed (2: No such file or directory), client: 77.50.251.129, server: digital-human.ru, request: "GET /static/admin/js/change_form.js HTTP/1.1", host: "digital-human.ru", referrer: "http://digital-human.ru/admin/blog/post/add/"
2017/10/17 12:58:09 [error] 690#690: *448 open() "/dh/static/static/admin/js/prepopulate_init.js" failed (2: No such file or directory), client: 77.50.251.129, server: digital-human.ru, request: "GET /static/admin/js/prepopulate_init.js HTTP/1.1", host: "digital-human.ru", referrer: "http://digital-human.ru/admin/blog/post/add/"
2017/10/17 12:58:09 [error] 690#690: *443 open() "/dh/static/static/admin/img/icon-changelink.svg" failed (2: No such file or directory), client: 77.50.251.129, server: digital-human.ru, request: "GET /static/admin/img/icon-changelink.svg HTTP/1.1", host: "digital-human.ru", referrer: "http://digital-human.ru/admin/blog/post/add/"
2017/10/17 12:58:09 [error] 690#690: *449 open() "/dh/static/static/admin/img/icon-addlink.svg" failed (2: No such file or directory), client: 77.50.251.129, server: digital-human.ru, request: "GET /static/admin/img/icon-addlink.svg HTTP/1.1", host: "digital-human.ru", referrer: "http://digital-human.ru/admin/blog/post/add/"
2017/10/17 12:58:09 [error] 690#690: *443 open() "/dh/static/static/admin/js/core.js" failed (2: No such file or directory), client: 77.50.251.129, server: digital-human.ru, request: "GET /static/admin/js/core.js HTTP/1.1", host: "digital-human.ru", referrer: "http://digital-human.ru/admin/blog/post/add/"
2017/10/17 12:58:09 [error] 690#690: *443 open() "/dh/static/static/admin/js/vendor/jquery/jquery.js" failed (2: No such file or directory), client: 77.50.251.129, server: digital-human.ru, request: "GET /static/admin/js/vendor/jquery/jquery.js HTTP/1.1", host: "digital-human.ru", referrer: "http://digital-human.ru/admin/blog/post/add/"
2017/10/17 12:58:09 [error] 690#690: *443 open() "/dh/static/static/admin/js/jquery.init.js" failed (2: No such file or directory), client: 77.50.251.129, server: digital-human.ru, request: "GET /static/admin/js/jquery.init.js HTTP/1.1", host: "digital-human.ru", referrer: "http://digital-human.ru/admin/blog/post/add/"
2017/10/17 12:58:09 [error] 690#690: *443 open() "/dh/static/static/admin/js/admin/RelatedObjectLookups.js" failed (2: No such file or directory), client: 77.50.251.129, server: digital-human.ru, request: "GET /static/admin/js/admin/RelatedObjectLookups.js HTTP/1.1", host: "digital-human.ru", referrer: "http://digital-human.ru/admin/blog/post/add/"
2017/10/17 12:58:09 [error] 690#690: *443 open() "/dh/static/static/admin/js/actions.js" failed (2: No such file or directory), client: 77.50.251.129, server: digital-human.ru, request: "GET /static/admin/js/actions.js HTTP/1.1", host: "digital-human.ru", referrer: "http://digital-human.ru/admin/blog/post/add/"
2017/10/17 12:58:09 [error] 690#690: *443 open() "/dh/static/static/admin/js/urlify.js" failed (2: No such file or directory), client: 77.50.251.129, server: digital-human.ru, request: "GET /static/admin/js/urlify.js HTTP/1.1", host: "digital-human.ru", referrer: "http://digital-human.ru/admin/blog/post/add/"
2017/10/17 12:58:09 [error] 690#690: *443 open() "/dh/static/static/admin/js/prepopulate.js" failed (2: No such file or directory), client: 77.50.251.129, server: digital-human.ru, request: "GET /static/admin/js/prepopulate.js HTTP/1.1", host: "digital-human.ru", referrer: "http://digital-human.ru/admin/blog/post/add/"
2017/10/17 12:58:09 [error] 690#690: *443 open() "/dh/static/static/admin/js/vendor/xregexp/xregexp.js" failed (2: No such file or directory), client: 77.50.251.129, server: digital-human.ru, request: "GET /static/admin/js/vendor/xregexp/xregexp.js HTTP/1.1", host: "digital-human.ru", referrer: "http://digital-human.ru/admin/blog/post/add/"
2017/10/17 12:58:09 [error] 690#690: *443 open() "/dh/static/static/admin/js/calendar.js" failed (2: No such file or directory), client: 77.50.251.129, server: digital-human.ru, request: "GET /static/admin/js/calendar.js HTTP/1.1", host: "digital-human.ru", referrer: "http://digital-human.ru/admin/blog/post/add/"
2017/10/17 12:58:09 [error] 690#690: *443 open() "/dh/static/static/admin/js/admin/DateTimeShortcuts.js" failed (2: No such file or directory), client: 77.50.251.129, server: digital-human.ru, request: "GET /static/admin/js/admin/DateTimeShortcuts.js HTTP/1.1", host: "digital-human.ru", referrer: "http://digital-human.ru/admin/blog/post/add/"
2017/10/17 12:58:09 [error] 690#690: *443 open() "/dh/static/static/admin/img/icon-changelink.svg" failed (2: No such file or directory), client: 77.50.251.129, server: digital-human.ru, request: "GET /static/admin/img/icon-changelink.svg HTTP/1.1", host: "digital-human.ru", referrer: "http://digital-human.ru/admin/blog/post/add/"
2017/10/17 12:58:09 [error] 690#690: *441 open() "/dh/static/static/admin/img/icon-addlink.svg" failed (2: No such file or directory), client: 77.50.251.129, server: digital-human.ru, request: "GET /static/admin/img/icon-addlink.svg HTTP/1.1", host: "digital-human.ru", referrer: "http://digital-human.ru/admin/blog/post/add/"
2017/10/17 12:58:09 [error] 690#690: *444 open() "/dh/static/static/admin/js/change_form.js" failed (2: No such file or directory), client: 77.50.251.129, server: digital-human.ru, request: "GET /static/admin/js/change_form.js HTTP/1.1", host: "digital-human.ru", referrer: "http://digital-human.ru/admin/blog/post/add/"
2017/10/17 12:58:09 [error] 690#690: *443 open() "/dh/static/static/admin/js/prepopulate_init.js" failed (2: No such file or directory), client: 77.50.251.129, server: digital-human.ru, request: "GET /static/admin/js/prepopulate_init.js HTTP/1.1", host: "digital-human.ru", referrer: "http://digital-human.ru/admin/blog/post/add/"
2017/10/17 12:58:51 [error] 690#690: *451 upstream prematurely closed connection while reading response header from upstream, client: 37.9.118.28, server: digital-human.ru, request: "GET / HTTP/1.1", upstream: "http://unix:/dh/run/gunicorn.sock:/", host: "high-tech.su"
2017/10/17 12:58:51 [error] 690#690: *451 open() "/dh/static/500.html" failed (2: No such file or directory), client: 37.9.118.28, server: digital-human.ru, request: "GET / HTTP/1.1", upstream: "http://unix:/dh/run/gunicorn.sock/", host: "high-tech.su"
2017/10/17 12:59:26 [error] 690#690: *453 open() "/dh/static/static/admin/css/base.css" failed (2: No such file or directory), client: 77.50.251.129, server: digital-human.ru, request: "GET /static/admin/css/base.css HTTP/1.1", host: "digital-human.ru", referrer: "http://digital-human.ru/admin/auth/user/add/?_to_field=id&_popup=1"
2017/10/17 12:59:26 [error] 690#690: *455 open() "/dh/static/static/admin/css/forms.css" failed (2: No such file or directory), client: 77.50.251.129, server: digital-human.ru, request: "GET /static/admin/css/forms.css HTTP/1.1", host: "digital-human.ru", referrer: "http://digital-human.ru/admin/auth/user/add/?_to_field=id&_popup=1"
2017/10/17 12:59:26 [error] 690#690: *456 open() "/dh/static/static/admin/js/core.js" failed (2: No such file or directory), client: 77.50.251.129, server: digital-human.ru, request: "GET /static/admin/js/core.js HTTP/1.1", host: "digital-human.ru", referrer: "http://digital-human.ru/admin/auth/user/add/?_to_field=id&_popup=1"
2017/10/17 12:59:26 [error] 690#690: *455 open() "/dh/static/static/admin/js/vendor/jquery/jquery.js" failed (2: No such file or directory), client: 77.50.251.129, server: digital-human.ru, request: "GET /static/admin/js/vendor/jquery/jquery.js HTTP/1.1", host: "digital-human.ru", referrer: "http://digital-human.ru/admin/auth/user/add/?_to_field=id&_popup=1"
2017/10/17 12:59:26 [error] 690#690: *456 open() "/dh/static/static/admin/js/jquery.init.js" failed (2: No such file or directory), client: 77.50.251.129, server: digital-human.ru, request: "GET /static/admin/js/jquery.init.js HTTP/1.1", host: "digital-human.ru", referrer: "http://digital-human.ru/admin/auth/user/add/?_to_field=id&_popup=1"
2017/10/17 12:59:26 [error] 690#690: *453 open() "/dh/static/static/admin/js/admin/RelatedObjectLookups.js" failed (2: No such file or directory), client: 77.50.251.129, server: digital-human.ru, request: "GET /static/admin/js/admin/RelatedObjectLookups.js HTTP/1.1", host: "digital-human.ru", referrer: "http://digital-human.ru/admin/auth/user/add/?_to_field=id&_popup=1"
2017/10/17 12:59:26 [error] 690#690: *455 open() "/dh/static/static/admin/js/actions.js" failed (2: No such file or directory), client: 77.50.251.129, server: digital-human.ru, request: "GET /static/admin/js/actions.js HTTP/1.1", host: "digital-human.ru", referrer: "http://digital-human.ru/admin/auth/user/add/?_to_field=id&_popup=1"
2017/10/17 12:59:26 [error] 690#690: *458 open() "/dh/static/static/admin/js/urlify.js" failed (2: No such file or directory), client: 77.50.251.129, server: digital-human.ru, request: "GET /static/admin/js/urlify.js HTTP/1.1", host: "digital-human.ru", referrer: "http://digital-human.ru/admin/auth/user/add/?_to_field=id&_popup=1"
2017/10/17 12:59:26 [error] 690#690: *459 open() "/dh/static/static/admin/js/prepopulate.js" failed (2: No such file or directory), client: 77.50.251.129, server: digital-human.ru, request: "GET /static/admin/js/prepopulate.js HTTP/1.1", host: "digital-human.ru", referrer: "http://digital-human.ru/admin/auth/user/add/?_to_field=id&_popup=1"
2017/10/17 12:59:26 [error] 690#690: *453 open() "/dh/static/static/admin/js/vendor/xregexp/xregexp.js" failed (2: No such file or directory), client: 77.50.251.129, server: digital-human.ru, request: "GET /static/admin/js/vendor/xregexp/xregexp.js HTTP/1.1", host: "digital-human.ru", referrer: "http://digital-human.ru/admin/auth/user/add/?_to_field=id&_popup=1"
2017/10/17 12:59:26 [error] 690#690: *455 open() "/dh/static/static/admin/js/change_form.js" failed (2: No such file or directory), client: 77.50.251.129, server: digital-human.ru, request: "GET /static/admin/js/change_form.js HTTP/1.1", host: "digital-human.ru", referrer: "http://digital-human.ru/admin/auth/user/add/?_to_field=id&_popup=1"
2017/10/17 12:59:26 [error] 690#690: *456 open() "/dh/static/static/admin/js/prepopulate_init.js" failed (2: No such file or directory), client: 77.50.251.129, server: digital-human.ru, request: "GET /static/admin/js/prepopulate_init.js HTTP/1.1", host: "digital-human.ru", referrer: "http://digital-human.ru/admin/auth/user/add/?_to_field=id&_popup=1"
2017/10/17 12:59:27 [error] 690#690: *453 open() "/dh/static/static/admin/js/core.js" failed (2: No such file or directory), client: 77.50.251.129, server: digital-human.ru, request: "GET /static/admin/js/core.js HTTP/1.1", host: "digital-human.ru", referrer: "http://digital-human.ru/admin/auth/user/add/?_to_field=id&_popup=1"
2017/10/17 12:59:27 [error] 690#690: *453 open() "/dh/static/static/admin/js/vendor/jquery/jquery.js" failed (2: No such file or directory), client: 77.50.251.129, server: digital-human.ru, request: "GET /static/admin/js/vendor/jquery/jquery.js HTTP/1.1", host: "digital-human.ru", referrer: "http://digital-human.ru/admin/auth/user/add/?_to_field=id&_popup=1"
2017/10/17 12:59:27 [error] 690#690: *453 open() "/dh/static/static/admin/js/jquery.init.js" failed (2: No such file or directory), client: 77.50.251.129, server: digital-human.ru, request: "GET /static/admin/js/jquery.init.js HTTP/1.1", host: "digital-human.ru", referrer: "http://digital-human.ru/admin/auth/user/add/?_to_field=id&_popup=1"
2017/10/17 12:59:27 [error] 690#690: *453 open() "/dh/static/static/admin/js/admin/RelatedObjectLookups.js" failed (2: No such file or directory), client: 77.50.251.129, server: digital-human.ru, request: "GET /static/admin/js/admin/RelatedObjectLookups.js HTTP/1.1", host: "digital-human.ru", referrer: "http://digital-human.ru/admin/auth/user/add/?_to_field=id&_popup=1"
2017/10/17 12:59:27 [error] 690#690: *453 open() "/dh/static/static/admin/js/actions.js" failed (2: No such file or directory), client: 77.50.251.129, server: digital-human.ru, request: "GET /static/admin/js/actions.js HTTP/1.1", host: "digital-human.ru", referrer: "http://digital-human.ru/admin/auth/user/add/?_to_field=id&_popup=1"
2017/10/17 12:59:27 [error] 690#690: *453 open() "/dh/static/static/admin/js/urlify.js" failed (2: No such file or directory), client: 77.50.251.129, server: digital-human.ru, request: "GET /static/admin/js/urlify.js HTTP/1.1", host: "digital-human.ru", referrer: "http://digital-human.ru/admin/auth/user/add/?_to_field=id&_popup=1"
2017/10/17 12:59:27 [error] 690#690: *453 open() "/dh/static/static/admin/js/prepopulate.js" failed (2: No such file or directory), client: 77.50.251.129, server: digital-human.ru, request: "GET /static/admin/js/prepopulate.js HTTP/1.1", host: "digital-human.ru", referrer: "http://digital-human.ru/admin/auth/user/add/?_to_field=id&_popup=1"
2017/10/17 12:59:27 [error] 690#690: *453 open() "/dh/static/static/admin/js/vendor/xregexp/xregexp.js" failed (2: No such file or directory), client: 77.50.251.129, server: digital-human.ru, request: "GET /static/admin/js/vendor/xregexp/xregexp.js HTTP/1.1", host: "digital-human.ru", referrer: "http://digital-human.ru/admin/auth/user/add/?_to_field=id&_popup=1"
2017/10/17 12:59:27 [error] 690#690: *453 open() "/dh/static/static/admin/js/change_form.js" failed (2: No such file or directory), client: 77.50.251.129, server: digital-human.ru, request: "GET /static/admin/js/change_form.js HTTP/1.1", host: "digital-human.ru", referrer: "http://digital-human.ru/admin/auth/user/add/?_to_field=id&_popup=1"
2017/10/17 12:59:27 [error] 690#690: *453 open() "/dh/static/static/admin/js/prepopulate_init.js" failed (2: No such file or directory), client: 77.50.251.129, server: digital-human.ru, request: "GET /static/admin/js/prepopulate_init.js HTTP/1.1", host: "digital-human.ru", referrer: "http://digital-human.ru/admin/auth/user/add/?_to_field=id&_popup=1"
2017/10/17 12:59:52 [error] 690#690: *453 open() "/dh/static/static/admin/css/base.css" failed (2: No such file or directory), client: 77.50.251.129, server: digital-human.ru, request: "GET /static/admin/css/base.css HTTP/1.1", host: "digital-human.ru", referrer: "http://digital-human.ru/admin/auth/user/add/?_to_field=id&_popup=1"
2017/10/17 12:59:52 [error] 690#690: *458 open() "/dh/static/static/admin/css/forms.css" failed (2: No such file or directory), client: 77.50.251.129, server: digital-human.ru, request: "GET /static/admin/css/forms.css HTTP/1.1", host: "digital-human.ru", referrer: "http://digital-human.ru/admin/auth/user/add/?_to_field=id&_popup=1"
2017/10/17 12:59:52 [error] 690#690: *455 open() "/dh/static/static/admin/js/core.js" failed (2: No such file or directory), client: 77.50.251.129, server: digital-human.ru, request: "GET /static/admin/js/core.js HTTP/1.1", host: "digital-human.ru", referrer: "http://digital-human.ru/admin/auth/user/add/?_to_field=id&_popup=1"
2017/10/17 12:59:52 [error] 690#690: *453 open() "/dh/static/static/admin/js/vendor/jquery/jquery.js" failed (2: No such file or directory), client: 77.50.251.129, server: digital-human.ru, request: "GET /static/admin/js/vendor/jquery/jquery.js HTTP/1.1", host: "digital-human.ru", referrer: "http://digital-human.ru/admin/auth/user/add/?_to_field=id&_popup=1"
