77.50.251.129 - - [17/Oct/2017:13:02:57 +0300] "GET /static/admin/js/vendor/jquery/jquery.js HTTP/1.1" 404 152 "http://digital-human.ru/admin/blog/post/add/" "Mozilla/5.0 (Windows NT 6.1; WOW64; rv:56.0) Gecko/20100101 Firefox/56.0"
77.50.251.129 - - [17/Oct/2017:13:02:57 +0300] "GET /static/admin/js/jquery.init.js HTTP/1.1" 404 152 "http://digital-human.ru/admin/blog/post/add/" "Mozilla/5.0 (Windows NT 6.1; WOW64; rv:56.0) Gecko/20100101 Firefox/56.0"
77.50.251.129 - - [17/Oct/2017:13:02:57 +0300] "GET /static/admin/js/admin/RelatedObjectLookups.js HTTP/1.1" 404 152 "http://digital-human.ru/admin/blog/post/add/" "Mozilla/5.0 (Windows NT 6.1; WOW64; rv:56.0) Gecko/20100101 Firefox/56.0"
77.50.251.129 - - [17/Oct/2017:13:02:57 +0300] "GET /static/admin/js/actions.js HTTP/1.1" 404 152 "http://digital-human.ru/admin/blog/post/add/" "Mozilla/5.0 (Windows NT 6.1; WOW64; rv:56.0) Gecko/20100101 Firefox/56.0"
77.50.251.129 - - [17/Oct/2017:13:02:57 +0300] "GET /static/admin/js/urlify.js HTTP/1.1" 404 152 "http://digital-human.ru/admin/blog/post/add/" "Mozilla/5.0 (Windows NT 6.1; WOW64; rv:56.0) Gecko/20100101 Firefox/56.0"
77.50.251.129 - - [17/Oct/2017:13:02:57 +0300] "GET /static/admin/js/prepopulate.js HTTP/1.1" 404 152 "http://digital-human.ru/admin/blog/post/add/" "Mozilla/5.0 (Windows NT 6.1; WOW64; rv:56.0) Gecko/20100101 Firefox/56.0"
77.50.251.129 - - [17/Oct/2017:13:02:57 +0300] "GET /static/admin/js/vendor/xregexp/xregexp.js HTTP/1.1" 404 152 "http://digital-human.ru/admin/blog/post/add/" "Mozilla/5.0 (Windows NT 6.1; WOW64; rv:56.0) Gecko/20100101 Firefox/56.0"
77.50.251.129 - - [17/Oct/2017:13:02:57 +0300] "GET /static/admin/js/calendar.js HTTP/1.1" 404 152 "http://digital-human.ru/admin/blog/post/add/" "Mozilla/5.0 (Windows NT 6.1; WOW64; rv:56.0) Gecko/20100101 Firefox/56.0"
77.50.251.129 - - [17/Oct/2017:13:02:57 +0300] "GET /static/admin/js/admin/DateTimeShortcuts.js HTTP/1.1" 404 152 "http://digital-human.ru/admin/blog/post/add/" "Mozilla/5.0 (Windows NT 6.1; WOW64; rv:56.0) Gecko/20100101 Firefox/56.0"
77.50.251.129 - - [17/Oct/2017:13:02:57 +0300] "GET /static/admin/js/change_form.js HTTP/1.1" 404 152 "http://digital-human.ru/admin/blog/post/add/" "Mozilla/5.0 (Windows NT 6.1; WOW64; rv:56.0) Gecko/20100101 Firefox/56.0"
77.50.251.129 - - [17/Oct/2017:13:02:57 +0300] "GET /static/admin/js/prepopulate_init.js HTTP/1.1" 404 152 "http://digital-human.ru/admin/blog/post/add/" "Mozilla/5.0 (Windows NT 6.1; WOW64; rv:56.0) Gecko/20100101 Firefox/56.0"
77.50.251.129 - - [17/Oct/2017:13:02:57 +0300] "GET /static/admin/img/icon-changelink.svg HTTP/1.1" 404 152 "http://digital-human.ru/admin/blog/post/add/" "Mozilla/5.0 (Windows NT 6.1; WOW64; rv:56.0) Gecko/20100101 Firefox/56.0"
77.50.251.129 - - [17/Oct/2017:13:02:57 +0300] "GET /static/admin/img/icon-addlink.svg HTTP/1.1" 404 152 "http://digital-human.ru/admin/blog/post/add/" "Mozilla/5.0 (Windows NT 6.1; WOW64; rv:56.0) Gecko/20100101 Firefox/56.0"
77.50.251.129 - - [17/Oct/2017:13:02:58 +0300] "GET /static/admin/js/core.js HTTP/1.1" 404 152 "http://digital-human.ru/admin/blog/post/add/" "Mozilla/5.0 (Windows NT 6.1; WOW64; rv:56.0) Gecko/20100101 Firefox/56.0"
77.50.251.129 - - [17/Oct/2017:13:02:58 +0300] "GET /static/admin/js/vendor/jquery/jquery.js HTTP/1.1" 404 152 "http://digital-human.ru/admin/blog/post/add/" "Mozilla/5.0 (Windows NT 6.1; WOW64; rv:56.0) Gecko/20100101 Firefox/56.0"
77.50.251.129 - - [17/Oct/2017:13:02:58 +0300] "GET /static/admin/js/jquery.init.js HTTP/1.1" 404 152 "http://digital-human.ru/admin/blog/post/add/" "Mozilla/5.0 (Windows NT 6.1; WOW64; rv:56.0) Gecko/20100101 Firefox/56.0"
77.50.251.129 - - [17/Oct/2017:13:02:58 +0300] "GET /static/admin/js/admin/RelatedObjectLookups.js HTTP/1.1" 404 152 "http://digital-human.ru/admin/blog/post/add/" "Mozilla/5.0 (Windows NT 6.1; WOW64; rv:56.0) Gecko/20100101 Firefox/56.0"
77.50.251.129 - - [17/Oct/2017:13:02:58 +0300] "GET /static/admin/js/actions.js HTTP/1.1" 404 152 "http://digital-human.ru/admin/blog/post/add/" "Mozilla/5.0 (Windows NT 6.1; WOW64; rv:56.0) Gecko/20100101 Firefox/56.0"
77.50.251.129 - - [17/Oct/2017:13:02:58 +0300] "GET /static/admin/js/urlify.js HTTP/1.1" 404 152 "http://digital-human.ru/admin/blog/post/add/" "Mozilla/5.0 (Windows NT 6.1; WOW64; rv:56.0) Gecko/20100101 Firefox/56.0"
77.50.251.129 - - [17/Oct/2017:13:02:58 +0300] "GET /static/admin/js/prepopulate.js HTTP/1.1" 404 152 "http://digital-human.ru/admin/blog/post/add/" "Mozilla/5.0 (Windows NT 6.1; WOW64; rv:56.0) Gecko/20100101 Firefox/56.0"
77.50.251.129 - - [17/Oct/2017:13:02:58 +0300] "GET /static/admin/js/vendor/xregexp/xregexp.js HTTP/1.1" 404 152 "http://digital-human.ru/admin/blog/post/add/" "Mozilla/5.0 (Windows NT 6.1; WOW64; rv:56.0) Gecko/20100101 Firefox/56.0"
77.50.251.129 - - [17/Oct/2017:13:02:58 +0300] "GET /static/admin/js/calendar.js HTTP/1.1" 404 152 "http://digital-human.ru/admin/blog/post/add/" "Mozilla/5.0 (Windows NT 6.1; WOW64; rv:56.0) Gecko/20100101 Firefox/56.0"
77.50.251.129 - - [17/Oct/2017:13:02:58 +0300] "GET /static/admin/js/admin/DateTimeShortcuts.js HTTP/1.1" 404 152 "http://digital-human.ru/admin/blog/post/add/" "Mozilla/5.0 (Windows NT 6.1; WOW64; rv:56.0) Gecko/20100101 Firefox/56.0"
77.50.251.129 - - [17/Oct/2017:13:02:58 +0300] "GET /static/admin/img/icon-changelink.svg HTTP/1.1" 404 152 "http://digital-human.ru/admin/blog/post/add/" "Mozilla/5.0 (Windows NT 6.1; WOW64; rv:56.0) Gecko/20100101 Firefox/56.0"
77.50.251.129 - - [17/Oct/2017:13:02:58 +0300] "GET /static/admin/img/icon-addlink.svg HTTP/1.1" 404 152 "http://digital-human.ru/admin/blog/post/add/" "Mozilla/5.0 (Windows NT 6.1; WOW64; rv:56.0) Gecko/20100101 Firefox/56.0"
77.50.251.129 - - [17/Oct/2017:13:02:58 +0300] "GET /static/admin/js/change_form.js HTTP/1.1" 404 152 "http://digital-human.ru/admin/blog/post/add/" "Mozilla/5.0 (Windows NT 6.1; WOW64; rv:56.0) Gecko/20100101 Firefox/56.0"
77.50.251.129 - - [17/Oct/2017:13:02:58 +0300] "GET /static/admin/js/prepopulate_init.js HTTP/1.1" 404 152 "http://digital-human.ru/admin/blog/post/add/" "Mozilla/5.0 (Windows NT 6.1; WOW64; rv:56.0) Gecko/20100101 Firefox/56.0"
185.153.198.84 - - [17/Oct/2017:13:19:05 +0300] "GET / HTTP/1.1" 400 43787 "http://high-tech.su/" "Mozilla/5.0 (Windows NT 5.1; WOW64; x64) AppleWebKit/531.79.26 (KHTML, like Gecko) Chrome/56.2.6740.1478 Safari/532.18 OPR/42.0.5928.0756"
67.23.230.251 - - [17/Oct/2017:13:23:56 +0300] "GET /wp-login.php HTTP/1.1" 400 55371 "-" "Mozilla/5.0 (Windows NT 6.1; Win64; x64) AppleWebKit/537.36 (KHTML, like Gecko) Chrome/61.0.3163.100 Safari/537.36"
180.76.15.148 - - [17/Oct/2017:13:33:19 +0300] "GET / HTTP/1.1" 400 55512 "-" "Mozilla/5.0 (compatible; Baiduspider/2.0; +http://www.baidu.com/search/spider.html)"
46.229.164.100 - - [17/Oct/2017:13:40:40 +0300] "GET /robots.txt HTTP/1.1" 400 55489 "-" "Mozilla/5.0 (compatible; SemrushBot/1.2~bl; +http://www.semrush.com/bot.html)"
46.229.164.102 - - [17/Oct/2017:13:42:59 +0300] "GET /robots.txt HTTP/1.1" 400 55569 "-" "Mozilla/5.0 (compatible; SemrushBot/1.2~bl; +http://www.semrush.com/bot.html)"
77.50.251.129 - - [17/Oct/2017:13:54:27 +0300] "GET /admin/ HTTP/1.1" 200 1209 "http://digital-human.ru/admin/blog/post/add/" "Mozilla/5.0 (Windows NT 6.1; WOW64; rv:56.0) Gecko/20100101 Firefox/56.0"
77.50.251.129 - - [17/Oct/2017:13:54:27 +0300] "GET /static/admin/css/base.css HTTP/1.1" 404 152 "http://digital-human.ru/admin/" "Mozilla/5.0 (Windows NT 6.1; WOW64; rv:56.0) Gecko/20100101 Firefox/56.0"
77.50.251.129 - - [17/Oct/2017:13:54:27 +0300] "GET /static/admin/css/dashboard.css HTTP/1.1" 404 152 "http://digital-human.ru/admin/" "Mozilla/5.0 (Windows NT 6.1; WOW64; rv:56.0) Gecko/20100101 Firefox/56.0"
77.50.251.129 - - [17/Oct/2017:13:54:30 +0300] "GET /admin/blog/ HTTP/1.1" 200 972 "http://digital-human.ru/admin/" "Mozilla/5.0 (Windows NT 6.1; WOW64; rv:56.0) Gecko/20100101 Firefox/56.0"
77.50.251.129 - - [17/Oct/2017:13:54:30 +0300] "GET /static/admin/css/base.css HTTP/1.1" 404 152 "http://digital-human.ru/admin/blog/" "Mozilla/5.0 (Windows NT 6.1; WOW64; rv:56.0) Gecko/20100101 Firefox/56.0"
77.50.251.129 - - [17/Oct/2017:13:54:30 +0300] "GET /static/admin/css/dashboard.css HTTP/1.1" 404 152 "http://digital-human.ru/admin/blog/" "Mozilla/5.0 (Windows NT 6.1; WOW64; rv:56.0) Gecko/20100101 Firefox/56.0"
77.50.251.129 - - [17/Oct/2017:13:54:43 +0300] "GET / HTTP/1.1" 200 1052 "-" "Mozilla/5.0 (Windows NT 6.1; WOW64; rv:56.0) Gecko/20100101 Firefox/56.0"
77.50.251.129 - - [17/Oct/2017:13:54:45 +0300] "GET / HTTP/1.1" 200 1052 "-" "Mozilla/5.0 (Windows NT 6.1; WOW64; rv:56.0) Gecko/20100101 Firefox/56.0"
77.50.251.129 - - [17/Oct/2017:13:54:47 +0300] "GET / HTTP/1.1" 200 1052 "-" "Mozilla/5.0 (Windows NT 6.1; WOW64; rv:56.0) Gecko/20100101 Firefox/56.0"
77.50.251.129 - - [17/Oct/2017:13:55:11 +0300] "GET / HTTP/1.1" 200 1052 "-" "Mozilla/5.0 (Windows NT 6.1; WOW64; rv:56.0) Gecko/20100101 Firefox/56.0"
77.50.251.129 - - [17/Oct/2017:13:56:08 +0300] "GET / HTTP/1.1" 500 101582 "-" "Mozilla/5.0 (Windows NT 6.1; WOW64; rv:56.0) Gecko/20100101 Firefox/56.0"
202.46.49.76 - - [17/Oct/2017:14:06:39 +0300] "GET / HTTP/1.1" 404 209 "-" "Mozilla/5.0 (Windows NT 10.0; WOW64) AppleWebKit/537.36 (KHTML, like Gecko) Chrome/45.0.2454.93 Safari/537.36"
178.54.74.53 - - [17/Oct/2017:14:08:35 +0300] "GET /Rech/Bookmakers/ HTTP/1.1" 400 56153 "-" "Mozilla/5.0 (iPhone; CPU iPhone OS 11_0_2 like Mac OS X) AppleWebKit/604.1.38 (KHTML, like Gecko) Version/11.0 Mobile/15A421 Safari/604.1"
178.54.74.53 - - [17/Oct/2017:14:08:36 +0300] "GET /apple-touch-icon-120x120-precomposed.png HTTP/1.1" 400 56008 "-" "MobileSafari/604.1 CFNetwork/887 Darwin/17.0.0"
178.54.74.53 - - [17/Oct/2017:14:08:36 +0300] "GET /apple-touch-icon-120x120.png HTTP/1.1" 400 55864 "-" "MobileSafari/604.1 CFNetwork/887 Darwin/17.0.0"
178.54.74.53 - - [17/Oct/2017:14:08:37 +0300] "GET /apple-touch-icon-precomposed.png HTTP/1.1" 400 55912 "-" "MobileSafari/604.1 CFNetwork/887 Darwin/17.0.0"
178.54.74.53 - - [17/Oct/2017:14:08:37 +0300] "GET /apple-touch-icon.png HTTP/1.1" 400 55768 "-" "MobileSafari/604.1 CFNetwork/887 Darwin/17.0.0"
178.54.74.53 - - [17/Oct/2017:14:08:37 +0300] "GET /favicon.ico HTTP/1.1" 400 55660 "-" "MobileSafari/604.1 CFNetwork/887 Darwin/17.0.0"
178.54.74.53 - - [17/Oct/2017:14:08:37 +0300] "GET /apple-touch-icon-120x120-precomposed.png HTTP/1.1" 400 56008 "-" "MobileSafari/604.1 CFNetwork/887 Darwin/17.0.0"
178.54.74.53 - - [17/Oct/2017:14:08:37 +0300] "GET /apple-touch-icon-120x120.png HTTP/1.1" 400 55864 "-" "MobileSafari/604.1 CFNetwork/887 Darwin/17.0.0"
178.54.74.53 - - [17/Oct/2017:14:08:37 +0300] "GET /apple-touch-icon-precomposed.png HTTP/1.1" 400 55912 "-" "MobileSafari/604.1 CFNetwork/887 Darwin/17.0.0"
178.54.74.53 - - [17/Oct/2017:14:08:38 +0300] "GET /apple-touch-icon.png HTTP/1.1" 400 55753 "-" "MobileSafari/604.1 CFNetwork/887 Darwin/17.0.0"
178.54.74.53 - - [17/Oct/2017:14:08:38 +0300] "GET /favicon.ico HTTP/1.1" 400 55660 "-" "MobileSafari/604.1 CFNetwork/887 Darwin/17.0.0"
77.50.251.129 - - [17/Oct/2017:14:09:13 +0300] "GET / HTTP/1.1" 500 71164 "-" "Mozilla/5.0 (Windows NT 6.1; WOW64; rv:56.0) Gecko/20100101 Firefox/56.0"
207.46.13.116 - - [17/Oct/2017:14:09:47 +0300] "GET / HTTP/1.1" 400 55828 "-" "Mozilla/5.0 (compatible; bingbot/2.0; +http://www.bing.com/bingbot.htm)"
77.50.251.129 - - [17/Oct/2017:14:17:21 +0300] "GET / HTTP/1.1" 404 152 "-" "Mozilla/5.0 (Windows NT 6.1; WOW64; rv:56.0) Gecko/20100101 Firefox/56.0"
77.50.251.129 - - [17/Oct/2017:14:17:35 +0300] "GET / HTTP/1.1" 200 0 "-" "Mozilla/5.0 (Windows NT 6.1; WOW64; rv:56.0) Gecko/20100101 Firefox/56.0"
95.108.129.196 - - [17/Oct/2017:14:19:08 +0300] "GET / HTTP/1.1" 404 152 "-" "Mozilla/5.0 (compatible; YandexMetrika/2.0; +http://yandex.com/bots mtmon01e.yandex.ru)"
77.50.251.129 - - [17/Oct/2017:14:19:30 +0300] "GET / HTTP/1.1" 200 71 "-" "Mozilla/5.0 (Windows NT 6.1; WOW64; rv:56.0) Gecko/20100101 Firefox/56.0"
77.50.251.129 - - [17/Oct/2017:14:20:47 +0300] "GET / HTTP/1.1" 200 112 "-" "Mozilla/5.0 (Windows NT 6.1; WOW64; rv:56.0) Gecko/20100101 Firefox/56.0"
77.50.251.129 - - [17/Oct/2017:14:23:16 +0300] "GET / HTTP/1.1" 200 361 "-" "Mozilla/5.0 (Windows NT 6.1; WOW64; rv:56.0) Gecko/20100101 Firefox/56.0"
195.238.108.89 - - [17/Oct/2017:14:27:54 +0300] "GET /component/user/remind.html HTTP/1.0" 404 178 "http://ai-forecasts.com/component/user/remind.html" "Mozilla/5.0 (Windows NT 6.1; rv:45.0) Gecko/20100101 Firefox/45.0"
195.238.108.89 - - [17/Oct/2017:14:27:54 +0300] "GET / HTTP/1.0" 400 55379 "http://ai-forecasts.com/" "Mozilla/5.0 (Windows NT 6.1; rv:45.0) Gecko/20100101 Firefox/45.0"
87.118.116.12 - - [17/Oct/2017:14:41:15 +0300] "GET /id_rsa HTTP/1.1" 400 55703 "-" "Mozilla/5.0 (Windows NT 10.0; Win64; x64) AppleWebKit/537.36 (KHTML, like Gecko) Chrome/56.0.2924.87 Safari/537.36"
87.118.116.12 - - [17/Oct/2017:14:41:15 +0300] "GET /.ssh/id_rsa HTTP/1.1" 400 55764 "-" "Mozilla/5.0 (Windows NT 10.0; Win64; x64) AppleWebKit/537.36 (KHTML, like Gecko) Chrome/56.0.2924.87 Safari/537.36"
87.118.116.12 - - [17/Oct/2017:14:41:16 +0300] "GET /root/.ssh/id_rsa HTTP/1.1" 400 55824 "-" "Mozilla/5.0 (Windows NT 10.0; Win64; x64) AppleWebKit/537.36 (KHTML, like Gecko) Chrome/56.0.2924.87 Safari/537.36"
87.118.116.12 - - [17/Oct/2017:14:41:19 +0300] "GET /id_dsa HTTP/1.1" 400 55719 "-" "Mozilla/5.0 (Windows NT 10.0; Win64; x64) AppleWebKit/537.36 (KHTML, like Gecko) Chrome/56.0.2924.87 Safari/537.36"
87.118.116.12 - - [17/Oct/2017:14:41:34 +0300] "GET /.ssh/id_dsa HTTP/1.1" 400 55779 "-" "Mozilla/5.0 (Windows NT 10.0; Win64; x64) AppleWebKit/537.36 (KHTML, like Gecko) Chrome/56.0.2924.87 Safari/537.36"
87.118.116.12 - - [17/Oct/2017:14:41:35 +0300] "GET /root/.ssh/id_dsa HTTP/1.1" 400 55824 "-" "Mozilla/5.0 (Windows NT 10.0; Win64; x64) AppleWebKit/537.36 (KHTML, like Gecko) Chrome/56.0.2924.87 Safari/537.36"
67.23.230.251 - - [17/Oct/2017:14:46:32 +0300] "GET /wordpress/wp-login.php HTTP/1.1" 400 55476 "-" "Mozilla/5.0 (Windows NT 6.1; Win64; x64) AppleWebKit/537.36 (KHTML, like Gecko) Chrome/61.0.3163.100 Safari/537.36"
5.196.87.48 - - [17/Oct/2017:14:54:57 +0300] "GET /robots.txt HTTP/1.1" 400 55488 "-" "Mozilla/5.0 (compatible; AhrefsBot/5.2; +http://ahrefs.com/robot/)"
95.108.129.196 - - [17/Oct/2017:15:00:31 +0300] "GET / HTTP/1.1" 400 55538 "-" "Mozilla/5.0 (compatible; YandexMetrika/2.0; +http://yandex.com/bots mtmon01e.yandex.ru)"
159.93.212.162 - - [17/Oct/2017:15:24:52 +0300] "GET /ResourceHead/management/manager.jpg HTTP/1.1" 400 56503 "http://thrtnnin.appspot.com/blok-shema-processa-prinyatiya-resheniy.html" "Mozilla/5.0 (Windows NT 6.1; WOW64; rv:56.0) Gecko/20100101 Firefox/56.0"
217.69.133.14 - - [17/Oct/2017:15:25:04 +0300] "GET /robots.txt HTTP/1.0" 400 55476 "-" "Mozilla/5.0 (compatible; Linux x86_64; Mail.RU_Bot/2.0; +http://go.mail.ru/help/robots)"
217.69.133.13 - - [17/Oct/2017:15:25:06 +0300] "GET /index.php/tag/itemlist/tag/%D0%9F%D1%80%D0%BE%D0%B3%D0%BD%D0%BE%D0%B7%D0%B8%D1%80%D0%BE%D0%B2%D0%B0%D0%BD%D0%B8%D0%B5/tag/tag HTTP/1.1" 400 56749 "-" "Mozilla/5.0 (compatible; Linux x86_64; Mail.RU_Bot/2.0; +http://go.mail.ru/help/robots)"
217.69.133.10 - - [17/Oct/2017:15:27:51 +0300] "GET /index.php/solutions/categories/itemlist/category/12-customer-base-analysis HTTP/1.1" 400 56453 "-" "Mozilla/5.0 (compatible; Linux x86_64; Mail.RU_Bot/2.0; +http://go.mail.ru/help/robots)"
178.154.224.71 - - [17/Oct/2017:15:27:55 +0300] "GET / HTTP/1.1" 400 55530 "-" "Mozilla/5.0 (compatible; YandexMetrika/2.0; +http://yandex.com/bots mtmon01f.yandex.ru)"
178.154.224.71 - - [17/Oct/2017:15:34:00 +0300] "GET / HTTP/1.1" 400 55580 "-" "Mozilla/5.0 (compatible; YandexMetrika/2.0; +http://yandex.com/bots mtmon01f.yandex.ru)"
37.115.216.179 - - [17/Oct/2017:15:40:44 +0300] "GET / HTTP/1.0" 400 55369 "http://bi-grouplabs.ru/" "Mozilla/5.0 (Windows NT 6.1; WOW64; rv:52.0) Gecko/20100101 Firefox/52.0"
46.229.164.100 - - [17/Oct/2017:15:42:16 +0300] "GET /robots.txt HTTP/1.1" 400 55551 "-" "Mozilla/5.0 (compatible; SemrushBot/1.2~bl; +http://www.semrush.com/bot.html)"
95.108.129.196 - - [17/Oct/2017:15:49:39 +0300] "GET / HTTP/1.1" 400 55587 "-" "Mozilla/5.0 (compatible; YandexMetrika/2.0; +http://yandex.com/bots mtmon01e.yandex.ru)"
37.9.113.163 - - [17/Oct/2017:15:51:03 +0300] "GET / HTTP/1.1" 400 55446 "-" "Mozilla/5.0 (compatible; YandexMetrika/2.0; +http://yandex.com/bots yabs01)"
157.55.39.25 - - [17/Oct/2017:15:55:22 +0300] "GET /robots.txt HTTP/1.1" 400 55756 "-" "Mozilla/5.0 (compatible; bingbot/2.0; +http://www.bing.com/bingbot.htm)"
157.55.39.103 - - [17/Oct/2017:15:55:30 +0300] "GET / HTTP/1.1" 400 55763 "-" "Mozilla/5.0 (compatible; bingbot/2.0; +http://www.bing.com/bingbot.htm)"
52.34.24.33 - - [17/Oct/2017:16:03:32 +0300] "GET / HTTP/1.1" 400 55791 "http://www.google.com/search?hl=fr&q=dictionary+english" "Magic Browser"
52.34.24.33 - - [17/Oct/2017:16:03:33 +0300] "GET / HTTP/1.1" 400 55347 "-" "Magic Browser"
109.236.84.106 - - [17/Oct/2017:16:03:42 +0300] "HEAD / HTTP/1.0" 400 0 "-" "-"
37.9.118.28 - - [17/Oct/2017:16:21:31 +0300] "GET / HTTP/1.1" 400 55582 "-" "Mozilla/5.0 (compatible; YandexMetrika/2.0; +http://yandex.com/bots mtmon01i.yandex.ru)"
67.23.230.251 - - [17/Oct/2017:16:25:30 +0300] "GET /web/wp-login.php HTTP/1.1" 400 55501 "-" "Mozilla/5.0 (Windows NT 6.1; Win64; x64) AppleWebKit/537.36 (KHTML, like Gecko) Chrome/61.0.3163.100 Safari/537.36"
67.23.230.251 - - [17/Oct/2017:16:25:42 +0300] "GET /news/wp-login.php HTTP/1.1" 400 55416 "-" "Mozilla/5.0 (Windows NT 6.1; Win64; x64) AppleWebKit/537.36 (KHTML, like Gecko) Chrome/61.0.3163.100 Safari/537.36"
67.23.230.251 - - [17/Oct/2017:16:35:51 +0300] "GET /en/wp-login.php HTTP/1.1" 400 55473 "-" "Mozilla/5.0 (Windows NT 6.1; Win64; x64) AppleWebKit/537.36 (KHTML, like Gecko) Chrome/61.0.3163.100 Safari/537.36"
116.62.48.115 - - [17/Oct/2017:16:51:09 +0300] "GET /w00tw00t.at.ISC.SANS.DFind:) HTTP/1.1" 400 182 "-" "-"
217.69.133.10 - - [17/Oct/2017:16:57:33 +0300] "GET /index.php/item/itemlist/tag/%D0%9F%D1%80%D0%BE%D0%B3%D0%BD%D0%BE%D0%B7%D0%B8%D1%80%D0%BE%D0%B2%D0%B0%D0%BD%D0%B8%D0%B5?format=feed&limitstart HTTP/1.1" 400 57297 "-" "Mozilla/5.0 (compatible; Linux x86_64; Mail.RU_Bot/2.0; +http://go.mail.ru/help/robots)"
217.69.133.11 - - [17/Oct/2017:16:57:35 +0300] "GET /robots.txt HTTP/1.0" 400 55475 "-" "Mozilla/5.0 (compatible; Linux x86_64; Mail.RU_Bot/2.0; +http://go.mail.ru/help/robots)"
217.69.133.10 - - [17/Oct/2017:17:02:02 +0300] "GET /robots.txt HTTP/1.0" 400 55539 "-" "Mozilla/5.0 (compatible; Linux x86_64; Mail.RU_Bot/2.0; +http://go.mail.ru/help/robots)"
217.69.133.13 - - [17/Oct/2017:17:02:07 +0300] "GET /ResourceAnalitic/Bank/ HTTP/1.1" 400 55893 "-" "Mozilla/5.0 (compatible; Linux x86_64; Mail.RU_Bot/2.0; +http://go.mail.ru/help/robots)"
77.50.251.129 - - [17/Oct/2017:17:02:31 +0300] "GET / HTTP/1.1" 200 177 "-" "Mozilla/5.0 (Windows NT 6.1; WOW64; rv:56.0) Gecko/20100101 Firefox/56.0"
77.50.251.129 - - [17/Oct/2017:17:02:31 +0300] "GET /favicon.ico HTTP/1.1" 404 993 "-" "Mozilla/5.0 (Windows NT 6.1; WOW64; rv:56.0) Gecko/20100101 Firefox/56.0"
77.50.251.129 - - [17/Oct/2017:17:02:33 +0300] "GET / HTTP/1.1" 200 177 "-" "Mozilla/5.0 (Windows NT 6.1; WOW64; rv:56.0) Gecko/20100101 Firefox/56.0"
172.104.108.109 - - [17/Oct/2017:17:05:36 +0300] "GET / HTTP/1.1" 404 152 "-" "Mozilla/5.0"
178.213.249.200 - - [17/Oct/2017:17:07:23 +0300] "GET /ozsybry/skachat_avtokliker_na_l2_1389_0.jpg HTTP/1.1" 404 209 "http://zvezdasoft2008.clan.su/blog/avtokliker_dlja_l2_gracija_ehpilog/2014-03-02-33" "Mozilla/5.0 (Windows NT 6.1; Win64; x64) AppleWebKit/537.36 (KHTML, like Gecko) Chrome/61.0.3163.100 Safari/537.36 OPR/48.0.2685.39"
77.50.251.129 - - [17/Oct/2017:17:07:31 +0300] "GET / HTTP/1.1" 200 177 "-" "Mozilla/5.0 (Windows NT 6.1; WOW64; rv:56.0) Gecko/20100101 Firefox/56.0"
77.50.251.129 - - [17/Oct/2017:17:07:33 +0300] "GET / HTTP/1.1" 200 177 "-" "Mozilla/5.0 (Windows NT 6.1; WOW64; rv:56.0) Gecko/20100101 Firefox/56.0"
77.50.251.129 - - [17/Oct/2017:17:07:34 +0300] "GET / HTTP/1.1" 200 177 "-" "Mozilla/5.0 (Windows NT 6.1; WOW64; rv:56.0) Gecko/20100101 Firefox/56.0"
77.50.251.129 - - [17/Oct/2017:17:07:35 +0300] "GET / HTTP/1.1" 200 177 "-" "Mozilla/5.0 (Windows NT 6.1; WOW64; rv:56.0) Gecko/20100101 Firefox/56.0"
77.50.251.129 - - [17/Oct/2017:17:10:49 +0300] "GET / HTTP/1.1" 200 381 "-" "Mozilla/5.0 (Windows NT 6.1; WOW64; rv:56.0) Gecko/20100101 Firefox/56.0"
77.50.251.129 - - [17/Oct/2017:17:12:20 +0300] "GET / HTTP/1.1" 200 386 "-" "Mozilla/5.0 (Windows NT 6.1; WOW64; rv:56.0) Gecko/20100101 Firefox/56.0"
77.50.251.129 - - [17/Oct/2017:17:12:24 +0300] "GET / HTTP/1.1" 200 386 "-" "Mozilla/5.0 (Windows NT 6.1; WOW64; rv:56.0) Gecko/20100101 Firefox/56.0"
77.50.251.129 - - [17/Oct/2017:17:12:25 +0300] "GET / HTTP/1.1" 200 386 "-" "Mozilla/5.0 (Windows NT 6.1; WOW64; rv:56.0) Gecko/20100101 Firefox/56.0"
77.50.251.129 - - [17/Oct/2017:17:13:47 +0300] "GET / HTTP/1.1" 200 393 "-" "Mozilla/5.0 (Windows NT 6.1; WOW64; rv:56.0) Gecko/20100101 Firefox/56.0"
77.50.251.129 - - [17/Oct/2017:17:13:51 +0300] "GET / HTTP/1.1" 200 393 "http://digital-human.ru/" "Mozilla/5.0 (Windows NT 6.1; WOW64; rv:56.0) Gecko/20100101 Firefox/56.0"
67.23.230.251 - - [17/Oct/2017:17:19:05 +0300] "GET /cms/wp-login.php HTTP/1.1" 400 55486 "-" "Mozilla/5.0 (Windows NT 6.1; Win64; x64) AppleWebKit/537.36 (KHTML, like Gecko) Chrome/61.0.3163.100 Safari/537.36"
77.50.251.129 - - [17/Oct/2017:17:19:48 +0300] "GET / HTTP/1.1" 200 468 "http://digital-human.ru/" "Mozilla/5.0 (Windows NT 6.1; WOW64; rv:56.0) Gecko/20100101 Firefox/56.0"
37.9.118.28 - - [17/Oct/2017:17:22:23 +0300] "GET / HTTP/1.1" 404 152 "-" "Mozilla/5.0 (compatible; YandexMetrika/2.0; +http://yandex.com/bots mtmon01i.yandex.ru)"
52.34.24.33 - - [17/Oct/2017:17:22:27 +0300] "GET / HTTP/1.1" 404 152 "http://www.google.com/search?hl=fr&q=dictionary+english" "Magic Browser"
52.34.24.33 - - [17/Oct/2017:17:22:28 +0300] "GET / HTTP/1.1" 404 152 "-" "Magic Browser"
77.50.251.129 - - [17/Oct/2017:17:23:35 +0300] "GET / HTTP/1.1" 200 468 "http://digital-human.ru/" "Mozilla/5.0 (Windows NT 6.1; WOW64; rv:56.0) Gecko/20100101 Firefox/56.0"
77.50.251.129 - - [17/Oct/2017:17:23:37 +0300] "GET / HTTP/1.1" 200 468 "http://digital-human.ru/" "Mozilla/5.0 (Windows NT 6.1; WOW64; rv:56.0) Gecko/20100101 Firefox/56.0"
77.50.251.129 - - [17/Oct/2017:17:23:40 +0300] "GET / HTTP/1.1" 200 468 "http://digital-human.ru/" "Mozilla/5.0 (Windows NT 6.1; WOW64; rv:56.0) Gecko/20100101 Firefox/56.0"
67.23.230.251 - - [17/Oct/2017:17:25:33 +0300] "GET /main/wp-login.php HTTP/1.1" 404 580 "-" "Mozilla/5.0 (Windows NT 6.1; Win64; x64) AppleWebKit/537.36 (KHTML, like Gecko) Chrome/61.0.3163.100 Safari/537.36"
52.41.211.72 - - [17/Oct/2017:17:26:26 +0300] "GET / HTTP/1.1" 404 152 "http://www.google.com/search?hl=fr&q=dictionary+english" "Magic Browser"
52.41.211.72 - - [17/Oct/2017:17:26:27 +0300] "GET / HTTP/1.1" 404 152 "-" "Magic Browser"
77.50.251.129 - - [17/Oct/2017:17:27:31 +0300] "GET / HTTP/1.1" 200 507 "http://digital-human.ru/" "Mozilla/5.0 (Windows NT 6.1; WOW64; rv:56.0) Gecko/20100101 Firefox/56.0"
77.50.251.129 - - [17/Oct/2017:17:27:32 +0300] "GET /static/css/blog.css HTTP/1.1" 404 152 "http://digital-human.ru/" "Mozilla/5.0 (Windows NT 6.1; WOW64; rv:56.0) Gecko/20100101 Firefox/56.0"
77.50.251.129 - - [17/Oct/2017:17:27:36 +0300] "GET / HTTP/1.1" 200 507 "http://digital-human.ru/" "Mozilla/5.0 (Windows NT 6.1; WOW64; rv:56.0) Gecko/20100101 Firefox/56.0"
77.50.251.129 - - [17/Oct/2017:17:27:36 +0300] "GET /static/css/blog.css HTTP/1.1" 404 152 "http://digital-human.ru/" "Mozilla/5.0 (Windows NT 6.1; WOW64; rv:56.0) Gecko/20100101 Firefox/56.0"
77.50.251.129 - - [17/Oct/2017:17:27:39 +0300] "GET / HTTP/1.1" 200 507 "http://digital-human.ru/" "Mozilla/5.0 (Windows NT 6.1; WOW64; rv:56.0) Gecko/20100101 Firefox/56.0"
77.50.251.129 - - [17/Oct/2017:17:27:39 +0300] "GET /static/css/blog.css HTTP/1.1" 404 152 "http://digital-human.ru/" "Mozilla/5.0 (Windows NT 6.1; WOW64; rv:56.0) Gecko/20100101 Firefox/56.0"
77.50.251.129 - - [17/Oct/2017:17:27:49 +0300] "GET / HTTP/1.1" 404 152 "http://digital-human.ru/" "Mozilla/5.0 (Windows NT 6.1; WOW64; rv:56.0) Gecko/20100101 Firefox/56.0"
77.50.251.129 - - [17/Oct/2017:17:27:51 +0300] "GET / HTTP/1.1" 404 152 "http://digital-human.ru/" "Mozilla/5.0 (Windows NT 6.1; WOW64; rv:56.0) Gecko/20100101 Firefox/56.0"
77.50.251.129 - - [17/Oct/2017:17:27:58 +0300] "GET / HTTP/1.1" 200 507 "http://digital-human.ru/" "Mozilla/5.0 (Windows NT 6.1; WOW64; rv:56.0) Gecko/20100101 Firefox/56.0"
77.50.251.129 - - [17/Oct/2017:17:27:58 +0300] "GET /static/css/blog.css HTTP/1.1" 404 152 "http://digital-human.ru/" "Mozilla/5.0 (Windows NT 6.1; WOW64; rv:56.0) Gecko/20100101 Firefox/56.0"
77.50.251.129 - - [17/Oct/2017:17:29:31 +0300] "GET / HTTP/1.1" 200 507 "http://digital-human.ru/" "Mozilla/5.0 (Windows NT 6.1; WOW64; rv:56.0) Gecko/20100101 Firefox/56.0"
77.50.251.129 - - [17/Oct/2017:17:29:31 +0300] "GET /static/css/blog.css HTTP/1.1" 404 152 "http://digital-human.ru/" "Mozilla/5.0 (Windows NT 6.1; WOW64; rv:56.0) Gecko/20100101 Firefox/56.0"
77.50.251.129 - - [17/Oct/2017:17:29:34 +0300] "GET / HTTP/1.1" 200 507 "http://digital-human.ru/" "Mozilla/5.0 (Windows NT 6.1; WOW64; rv:56.0) Gecko/20100101 Firefox/56.0"
77.50.251.129 - - [17/Oct/2017:17:29:34 +0300] "GET /static/css/blog.css HTTP/1.1" 404 152 "http://digital-human.ru/" "Mozilla/5.0 (Windows NT 6.1; WOW64; rv:56.0) Gecko/20100101 Firefox/56.0"
77.50.251.129 - - [17/Oct/2017:17:29:36 +0300] "GET / HTTP/1.1" 200 507 "http://digital-human.ru/" "Mozilla/5.0 (Windows NT 6.1; WOW64; rv:56.0) Gecko/20100101 Firefox/56.0"
77.50.251.129 - - [17/Oct/2017:17:29:36 +0300] "GET /static/css/blog.css HTTP/1.1" 404 152 "http://digital-human.ru/" "Mozilla/5.0 (Windows NT 6.1; WOW64; rv:56.0) Gecko/20100101 Firefox/56.0"
77.50.251.129 - - [17/Oct/2017:17:29:38 +0300] "GET / HTTP/1.1" 200 507 "http://digital-human.ru/" "Mozilla/5.0 (Windows NT 6.1; WOW64; rv:56.0) Gecko/20100101 Firefox/56.0"
77.50.251.129 - - [17/Oct/2017:17:29:38 +0300] "GET /static/css/blog.css HTTP/1.1" 404 152 "http://digital-human.ru/" "Mozilla/5.0 (Windows NT 6.1; WOW64; rv:56.0) Gecko/20100101 Firefox/56.0"
77.50.251.129 - - [17/Oct/2017:17:33:10 +0300] "GET / HTTP/1.1" 200 507 "http://digital-human.ru/" "Mozilla/5.0 (Windows NT 6.1; WOW64; rv:56.0) Gecko/20100101 Firefox/56.0"
77.50.251.129 - - [17/Oct/2017:17:33:10 +0300] "GET /static/css/blog.css HTTP/1.1" 404 152 "http://digital-human.ru/" "Mozilla/5.0 (Windows NT 6.1; WOW64; rv:56.0) Gecko/20100101 Firefox/56.0"
77.50.251.129 - - [17/Oct/2017:17:33:11 +0300] "GET / HTTP/1.1" 200 507 "http://digital-human.ru/" "Mozilla/5.0 (Windows NT 6.1; WOW64; rv:56.0) Gecko/20100101 Firefox/56.0"
77.50.251.129 - - [17/Oct/2017:17:33:11 +0300] "GET /static/css/blog.css HTTP/1.1" 404 152 "http://digital-human.ru/" "Mozilla/5.0 (Windows NT 6.1; WOW64; rv:56.0) Gecko/20100101 Firefox/56.0"
37.9.113.163 - - [17/Oct/2017:17:33:50 +0300] "GET /robots.txt HTTP/1.1" 404 178 "-" "Mozilla/5.0 (compatible; YandexBot/3.0; +http://yandex.com/bots)"
37.9.113.163 - - [17/Oct/2017:17:33:54 +0300] "GET /index.files/plan1.png HTTP/1.1" 404 152 "-" "Mozilla/5.0 (compatible; YandexImages/3.0; +http://yandex.com/bots)"
77.50.251.129 - - [17/Oct/2017:17:40:06 +0300] "GET / HTTP/1.1" 200 507 "http://digital-human.ru/" "Mozilla/5.0 (Windows NT 6.1; WOW64; rv:56.0) Gecko/20100101 Firefox/56.0"
77.50.251.129 - - [17/Oct/2017:17:40:07 +0300] "GET /static/css/blog.css HTTP/1.1" 404 152 "http://digital-human.ru/" "Mozilla/5.0 (Windows NT 6.1; WOW64; rv:56.0) Gecko/20100101 Firefox/56.0"
77.50.251.129 - - [17/Oct/2017:17:40:08 +0300] "GET / HTTP/1.1" 200 507 "http://digital-human.ru/" "Mozilla/5.0 (Windows NT 6.1; WOW64; rv:56.0) Gecko/20100101 Firefox/56.0"
77.50.251.129 - - [17/Oct/2017:17:40:08 +0300] "GET /static/css/blog.css HTTP/1.1" 404 152 "http://digital-human.ru/" "Mozilla/5.0 (Windows NT 6.1; WOW64; rv:56.0) Gecko/20100101 Firefox/56.0"
77.50.251.129 - - [17/Oct/2017:17:40:09 +0300] "GET / HTTP/1.1" 200 507 "http://digital-human.ru/" "Mozilla/5.0 (Windows NT 6.1; WOW64; rv:56.0) Gecko/20100101 Firefox/56.0"
77.50.251.129 - - [17/Oct/2017:17:40:10 +0300] "GET /static/css/blog.css HTTP/1.1" 404 152 "http://digital-human.ru/" "Mozilla/5.0 (Windows NT 6.1; WOW64; rv:56.0) Gecko/20100101 Firefox/56.0"
77.50.251.129 - - [17/Oct/2017:17:40:10 +0300] "GET / HTTP/1.1" 200 507 "http://digital-human.ru/" "Mozilla/5.0 (Windows NT 6.1; WOW64; rv:56.0) Gecko/20100101 Firefox/56.0"
77.50.251.129 - - [17/Oct/2017:17:40:11 +0300] "GET /static/css/blog.css HTTP/1.1" 404 152 "http://digital-human.ru/" "Mozilla/5.0 (Windows NT 6.1; WOW64; rv:56.0) Gecko/20100101 Firefox/56.0"
77.50.251.129 - - [17/Oct/2017:17:43:44 +0300] "GET / HTTP/1.1" 200 507 "http://digital-human.ru/" "Mozilla/5.0 (Windows NT 6.1; WOW64; rv:56.0) Gecko/20100101 Firefox/56.0"
77.50.251.129 - - [17/Oct/2017:17:43:44 +0300] "GET /static/css/blog.css HTTP/1.1" 404 152 "http://digital-human.ru/" "Mozilla/5.0 (Windows NT 6.1; WOW64; rv:56.0) Gecko/20100101 Firefox/56.0"
77.50.251.129 - - [17/Oct/2017:17:43:45 +0300] "GET / HTTP/1.1" 200 507 "http://digital-human.ru/" "Mozilla/5.0 (Windows NT 6.1; WOW64; rv:56.0) Gecko/20100101 Firefox/56.0"
77.50.251.129 - - [17/Oct/2017:17:43:45 +0300] "GET /static/css/blog.css HTTP/1.1" 404 152 "http://digital-human.ru/" "Mozilla/5.0 (Windows NT 6.1; WOW64; rv:56.0) Gecko/20100101 Firefox/56.0"
77.50.251.129 - - [17/Oct/2017:17:44:11 +0300] "GET / HTTP/1.1" 200 507 "http://digital-human.ru/" "Mozilla/5.0 (Windows NT 6.1; WOW64; rv:56.0) Gecko/20100101 Firefox/56.0"
77.50.251.129 - - [17/Oct/2017:17:44:11 +0300] "GET /static/css/blog.css HTTP/1.1" 404 152 "http://digital-human.ru/" "Mozilla/5.0 (Windows NT 6.1; WOW64; rv:56.0) Gecko/20100101 Firefox/56.0"
77.50.251.129 - - [17/Oct/2017:17:44:13 +0300] "GET / HTTP/1.1" 200 507 "http://digital-human.ru/" "Mozilla/5.0 (Windows NT 6.1; WOW64; rv:56.0) Gecko/20100101 Firefox/56.0"
77.50.251.129 - - [17/Oct/2017:17:44:13 +0300] "GET /static/css/blog.css HTTP/1.1" 404 152 "http://digital-human.ru/" "Mozilla/5.0 (Windows NT 6.1; WOW64; rv:56.0) Gecko/20100101 Firefox/56.0"
77.50.251.129 - - [17/Oct/2017:17:44:14 +0300] "GET / HTTP/1.1" 200 507 "http://digital-human.ru/" "Mozilla/5.0 (Windows NT 6.1; WOW64; rv:56.0) Gecko/20100101 Firefox/56.0"
77.50.251.129 - - [17/Oct/2017:17:44:14 +0300] "GET /static/css/blog.css HTTP/1.1" 404 152 "http://digital-human.ru/" "Mozilla/5.0 (Windows NT 6.1; WOW64; rv:56.0) Gecko/20100101 Firefox/56.0"
77.50.251.129 - - [17/Oct/2017:17:46:03 +0300] "GET / HTTP/1.1" 200 507 "http://digital-human.ru/" "Mozilla/5.0 (Windows NT 6.1; WOW64; rv:56.0) Gecko/20100101 Firefox/56.0"
77.50.251.129 - - [17/Oct/2017:17:46:03 +0300] "GET /static/css/blog.css HTTP/1.1" 404 152 "http://digital-human.ru/" "Mozilla/5.0 (Windows NT 6.1; WOW64; rv:56.0) Gecko/20100101 Firefox/56.0"
77.50.251.129 - - [17/Oct/2017:17:46:05 +0300] "GET / HTTP/1.1" 200 507 "http://digital-human.ru/" "Mozilla/5.0 (Windows NT 6.1; WOW64; rv:56.0) Gecko/20100101 Firefox/56.0"
77.50.251.129 - - [17/Oct/2017:17:46:05 +0300] "GET /static/css/blog.css HTTP/1.1" 404 152 "http://digital-human.ru/" "Mozilla/5.0 (Windows NT 6.1; WOW64; rv:56.0) Gecko/20100101 Firefox/56.0"
77.50.251.129 - - [17/Oct/2017:17:46:06 +0300] "GET / HTTP/1.1" 200 507 "http://digital-human.ru/" "Mozilla/5.0 (Windows NT 6.1; WOW64; rv:56.0) Gecko/20100101 Firefox/56.0"
77.50.251.129 - - [17/Oct/2017:17:46:06 +0300] "GET /static/css/blog.css HTTP/1.1" 404 152 "http://digital-human.ru/" "Mozilla/5.0 (Windows NT 6.1; WOW64; rv:56.0) Gecko/20100101 Firefox/56.0"
67.23.230.251 - - [17/Oct/2017:17:48:01 +0300] "GET /blogs/wp-login.php HTTP/1.1" 404 580 "-" "Mozilla/5.0 (Windows NT 6.1; Win64; x64) AppleWebKit/537.36 (KHTML, like Gecko) Chrome/61.0.3163.100 Safari/537.36"
77.50.251.129 - - [17/Oct/2017:17:48:03 +0300] "GET / HTTP/1.1" 404 152 "http://digital-human.ru/" "Mozilla/5.0 (Windows NT 6.1; WOW64; rv:56.0) Gecko/20100101 Firefox/56.0"
209.90.225.220 - - [17/Oct/2017:18:00:02 +0300] "GET /wp-content/themes/project10-theme/style.css HTTP/1.1" 404 209 "http://high-tech.su/wp-content/themes/project10-theme/style.css" "Mozilla/5.0 (Windows NT 6.1; WOW64) AppleWebKit/537.36 (KHTML, like Gecko) Chrome/42.0.2311.152 Safari/537.36"
168.1.128.77 - - [17/Oct/2017:18:01:35 +0300] "GET / HTTP/1.1" 404 178 "-" "-"
157.55.39.103 - - [17/Oct/2017:18:19:53 +0300] "GET / HTTP/1.1" 404 152 "-" "Mozilla/5.0 (compatible; bingbot/2.0; +http://www.bing.com/bingbot.htm)"
217.69.133.11 - - [17/Oct/2017:18:32:41 +0300] "GET /robots.txt HTTP/1.0" 404 178 "-" "Mozilla/5.0 (compatible; Linux x86_64; Mail.RU_Bot/2.0; +http://go.mail.ru/help/robots)"
217.69.133.14 - - [17/Oct/2017:18:32:44 +0300] "GET /index.php/solutions/categories/itemlist/tag/%D0%AD%D0%BD%D0%B5%D1%80%D0%B3%D0%B5%D1%82%D0%B8%D0%BA%D0%B0 HTTP/1.1" 404 152 "-" "Mozilla/5.0 (compatible; Linux x86_64; Mail.RU_Bot/2.0; +http://go.mail.ru/help/robots)"
178.154.224.71 - - [17/Oct/2017:18:33:30 +0300] "GET / HTTP/1.1" 404 152 "-" "Mozilla/5.0 (compatible; YandexMetrika/2.0; +http://yandex.com/bots mtmon01f.yandex.ru)"
5.167.255.140 - - [17/Oct/2017:19:00:19 +0300] "GET /index.php/ HTTP/1.0" 404 580 "http://www.bi-grouplabs.ru/index.php/" "Mozilla/5.0 (Windows NT 6.1) AppleWebKit/537.36 (KHTML, like Gecko) Chrome/57.0.2987.98 Safari/537.36 OPR/44.0.2510.857"
37.9.118.28 - - [17/Oct/2017:19:20:03 +0300] "GET / HTTP/1.1" 404 152 "-" "Mozilla/5.0 (compatible; YandexMetrika/2.0; +http://yandex.com/bots mtmon01i.yandex.ru)"
171.25.193.235 - - [17/Oct/2017:19:26:12 +0300] "GET / HTTP/1.1" 404 209 "http://burger-imperia.com/" "Mozilla/5.0 (X11; Linux x86_64) AppleWebKit/537.36 (KHTML, like Gecko) Chrome/37.0.2062.120 Safari/537.36"
188.233.66.66 - - [17/Oct/2017:19:30:28 +0300] "GET / HTTP/1.1" 404 152 "-" "Mozilla/5.0 (Unix; U; Linux 4.9.0-3-amd64) http/2.8.11 Tcl/8.6.7"
67.23.230.251 - - [17/Oct/2017:19:33:27 +0300] "GET /main/wp-login.php HTTP/1.1" 404 580 "-" "Mozilla/5.0 (Windows NT 6.1; Win64; x64) AppleWebKit/537.36 (KHTML, like Gecko) Chrome/61.0.3163.100 Safari/537.36"
217.69.133.14 - - [17/Oct/2017:20:05:24 +0300] "GET /robots.txt HTTP/1.0" 404 178 "-" "Mozilla/5.0 (compatible; Linux x86_64; Mail.RU_Bot/2.0; +http://go.mail.ru/help/robots)"
217.69.133.193 - - [17/Oct/2017:20:05:26 +0300] "GET /index.php/user/item/34-crm-analysis/user HTTP/1.1" 404 152 "-" "Mozilla/5.0 (compatible; Linux x86_64; Mail.RU_Bot/2.0; +http://go.mail.ru/help/robots)"
217.69.133.14 - - [17/Oct/2017:20:07:46 +0300] "GET /index.php/solutions/categories/itemlist/tag/%D0%9D%D0%B5%D1%84%D1%82%D0%B5%D1%85%D0%B8%D0%BC%D0%B8%D1%8F HTTP/1.1" 404 152 "-" "Mozilla/5.0 (compatible; Linux x86_64; Mail.RU_Bot/2.0; +http://go.mail.ru/help/robots)"
187.110.214.171 - - [17/Oct/2017:20:22:35 +0300] "GET / HTTP/1.1" 404 178 "-" "curl/7.17.1 (mips-unknown-linux-gnu) libcurl/7.17.1 OpenSSL/0.9.8i zlib/1.2.3"
136.243.158.114 - - [17/Oct/2017:20:23:54 +0300] "HEAD /forum/ HTTP/1.1" 404 0 "-" "Mozilla/3.0 (compatible; Indy Library)"
136.243.158.114 - - [17/Oct/2017:20:24:49 +0300] "HEAD /forum/ HTTP/1.1" 404 0 "-" "Mozilla/4.0 (compatible; MSIE 7.0; Windows NT 6.0; GTB6; SLCC1; .NET CLR 2.0.50727; .NET CLR 3.0.04506)"
158.85.81.122 - - [17/Oct/2017:20:26:18 +0300] "GET / HTTP/1.1" 404 178 "-" "-"
95.108.129.196 - - [17/Oct/2017:20:36:11 +0300] "GET / HTTP/1.1" 404 152 "-" "Mozilla/5.0 (compatible; YandexMetrika/2.0; +http://yandex.com/bots mtmon01e.yandex.ru)"
91.194.84.118 - - [17/Oct/2017:20:37:29 +0300] "GET / HTTP/1.1" 404 178 "-" "libwww-perl/6.05"
95.85.31.194 - - [17/Oct/2017:20:39:16 +0300] "GET /robots.txt HTTP/1.0" 404 178 "-" "SafeDNSBot (https://www.safedns.com/searchbot)"
95.85.31.194 - - [17/Oct/2017:20:39:16 +0300] "GET / HTTP/1.0" 404 178 "-" "SafeDNSBot (https://www.safedns.com/searchbot)"
95.85.31.194 - - [17/Oct/2017:20:39:58 +0300] "GET /robots.txt HTTP/1.0" 404 178 "-" "SafeDNSBot (https://www.safedns.com/searchbot)"
95.85.31.194 - - [17/Oct/2017:20:39:59 +0300] "GET / HTTP/1.0" 404 178 "-" "SafeDNSBot (https://www.safedns.com/searchbot)"
91.200.12.43 - - [17/Oct/2017:20:53:38 +0300] "GET /administrator/index.php HTTP/1.1" 404 209 "-" "Mozilla/5.0 (Windows NT 10.0; Win64; x64) AppleWebKit/537.36 (KHTML, like Gecko) Chrome/60.0.3112.113 Safari/537.36"
69.164.111.198 - - [17/Oct/2017:20:55:39 +0300] "GET /templates/bi_business/favicon.ico HTTP/1.1" 404 580 "-" "Mozilla/4.0 (compatible; MSIE 8.0; Windows NT 6.1; WOW64; Trident/4.0; SLCC2; .NET CLR 2.0.50727; .NET CLR 3.5.30729; .NET CLR 3.0.30729; Media Center PC 6.0; MDDC)"
64.246.165.140 - - [17/Oct/2017:20:58:05 +0300] "GET /robots.txt HTTP/1.0" 404 178 "-" "Mozilla/5.0 (Windows; U; Windows NT 5.1; en; rv:1.9.0.13) Gecko/2009073022 Firefox/3.5.2 (.NET CLR 3.5.30729) SurveyBot/2.3 (DomainTools)"
64.246.165.140 - - [17/Oct/2017:20:58:05 +0300] "GET / HTTP/1.1" 404 152 "http://whois.domaintools.com/high-tech.su" "Mozilla/5.0 (Windows; U; Windows NT 5.1; en; rv:1.9.0.13) Gecko/2009073022 Firefox/3.5.2 (.NET CLR 3.5.30729) SurveyBot/2.3 (DomainTools)"
95.108.129.196 - - [17/Oct/2017:21:13:56 +0300] "GET / HTTP/1.1" 404 152 "-" "Mozilla/5.0 (compatible; YandexMetrika/2.0; +http://yandex.com/bots mtmon01e.yandex.ru)"
46.161.9.55 - - [17/Oct/2017:21:34:56 +0300] "GET /index.php/ HTTP/1.0" 404 178 "http://www.bi-grouplabs.ru/index.php/" "Mozilla/5.0 (Windows NT 5.1; rv:50.0) Gecko/20100101 Firefox/50.0"
46.161.9.55 - - [17/Oct/2017:21:34:56 +0300] "GET / HTTP/1.0" 404 178 "http://www.bi-grouplabs.ru/" "Mozilla/5.0 (Windows NT 5.1; rv:50.0) Gecko/20100101 Firefox/50.0"
46.161.9.55 - - [17/Oct/2017:21:34:56 +0300] "GET / HTTP/1.0" 404 178 "http://www.bi-grouplabs.ru/" "Mozilla/5.0 (Windows NT 5.1; rv:50.0) Gecko/20100101 Firefox/50.0"
46.161.9.55 - - [17/Oct/2017:21:34:56 +0300] "GET / HTTP/1.0" 404 178 "http://forum.bi-grouplabs.ru/" "Mozilla/5.0 (Windows NT 5.1; rv:50.0) Gecko/20100101 Firefox/50.0"
178.154.224.71 - - [17/Oct/2017:21:39:20 +0300] "GET / HTTP/1.1" 404 152 "-" "Mozilla/5.0 (compatible; YandexMetrika/2.0; +http://yandex.com/bots mtmon01f.yandex.ru)"
178.154.224.71 - - [17/Oct/2017:21:40:05 +0300] "GET / HTTP/1.1" 404 152 "-" "Mozilla/5.0 (compatible; YandexMetrika/2.0; +http://yandex.com/bots mtmon01f.yandex.ru)"
40.77.167.2 - - [17/Oct/2017:21:40:21 +0300] "GET / HTTP/1.1" 404 152 "-" "Mozilla/5.0 (compatible; bingbot/2.0; +http://www.bing.com/bingbot.htm)"
217.69.133.12 - - [17/Oct/2017:21:44:52 +0300] "GET /index.php/solutions/categories/financial-adviser/solutions/categories HTTP/1.1" 404 152 "-" "Mozilla/5.0 (compatible; Linux x86_64; Mail.RU_Bot/2.0; +http://go.mail.ru/help/robots)"
217.69.133.18 - - [17/Oct/2017:21:44:52 +0300] "GET /robots.txt HTTP/1.0" 404 178 "-" "Mozilla/5.0 (compatible; Linux x86_64; Mail.RU_Bot/2.0; +http://go.mail.ru/help/robots)"
217.69.133.13 - - [17/Oct/2017:21:44:53 +0300] "GET /DEDUCTOR/ HTTP/1.1" 404 152 "-" "Mozilla/5.0 (compatible; Linux x86_64; Mail.RU_Bot/2.0; +http://go.mail.ru/help/robots)"
40.77.167.78 - - [17/Oct/2017:22:01:22 +0300] "GET / HTTP/1.1" 404 152 "-" "Mozilla/5.0 (iPhone; CPU iPhone OS 7_0 like Mac OS X) AppleWebKit/537.51.1 (KHTML, like Gecko) Version/7.0 Mobile/11A465 Safari/9537.53 (compatible; bingbot/2.0; +http://www.bing.com/bingbot.htm)"
77.88.17.207 - - [17/Oct/2017:22:02:41 +0300] "GET /Rech/Bookmakers/ HTTP/1.1" 404 152 "-" "Mozilla/5.0 (Macintosh; Intel Mac OS X 10_12_6) AppleWebKit/604.1.38 (KHTML, like Gecko)"
77.88.17.207 - - [17/Oct/2017:22:02:42 +0300] "GET /apple-touch-icon-precomposed.png HTTP/1.1" 404 152 "-" "Safari/12604.1.38.1.7 CFNetwork/811.5.4 Darwin/16.7.0 (x86_64)"
77.88.17.207 - - [17/Oct/2017:22:02:42 +0300] "GET /apple-touch-icon.png HTTP/1.1" 404 152 "-" "Safari/12604.1.38.1.7 CFNetwork/811.5.4 Darwin/16.7.0 (x86_64)"
77.88.17.207 - - [17/Oct/2017:22:02:42 +0300] "GET /favicon.ico HTTP/1.1" 404 152 "-" "Safari/12604.1.38.1.7 CFNetwork/811.5.4 Darwin/16.7.0 (x86_64)"
77.88.17.207 - - [17/Oct/2017:22:02:42 +0300] "GET /apple-touch-icon-precomposed.png HTTP/1.1" 404 152 "-" "Safari/12604.1.38.1.7 CFNetwork/811.5.4 Darwin/16.7.0 (x86_64)"
77.88.17.207 - - [17/Oct/2017:22:02:42 +0300] "GET /apple-touch-icon.png HTTP/1.1" 404 152 "-" "Safari/12604.1.38.1.7 CFNetwork/811.5.4 Darwin/16.7.0 (x86_64)"
77.88.17.207 - - [17/Oct/2017:22:02:42 +0300] "GET /favicon.ico HTTP/1.1" 404 152 "-" "Safari/12604.1.38.1.7 CFNetwork/811.5.4 Darwin/16.7.0 (x86_64)"
77.88.17.207 - - [17/Oct/2017:22:02:42 +0300] "GET /Rech/Bookmakers/ HTTP/1.1" 404 152 "-" "Mozilla/5.0 (iPhone; CPU iPhone OS 10_3 like Mac OS X) AppleWebKit/603.1.30 (KHTML, like Gecko) Version/10.3 Mobile/14E277 Safari/603.1.30"
77.88.17.207 - - [17/Oct/2017:22:02:43 +0300] "GET /apple-touch-icon-precomposed.png HTTP/1.1" 404 152 "-" "Safari/12604.1.38.1.7 CFNetwork/811.5.4 Darwin/16.7.0 (x86_64)"
77.88.17.207 - - [17/Oct/2017:22:02:43 +0300] "GET /apple-touch-icon.png HTTP/1.1" 404 152 "-" "Safari/12604.1.38.1.7 CFNetwork/811.5.4 Darwin/16.7.0 (x86_64)"
77.88.17.207 - - [17/Oct/2017:22:02:43 +0300] "GET /favicon.ico HTTP/1.1" 404 152 "-" "Safari/12604.1.38.1.7 CFNetwork/811.5.4 Darwin/16.7.0 (x86_64)"
77.88.17.207 - - [17/Oct/2017:22:02:43 +0300] "GET /apple-touch-icon-precomposed.png HTTP/1.1" 404 152 "-" "Safari/12604.1.38.1.7 CFNetwork/811.5.4 Darwin/16.7.0 (x86_64)"
77.88.17.207 - - [17/Oct/2017:22:02:43 +0300] "GET /apple-touch-icon.png HTTP/1.1" 404 152 "-" "Safari/12604.1.38.1.7 CFNetwork/811.5.4 Darwin/16.7.0 (x86_64)"
77.88.17.207 - - [17/Oct/2017:22:02:43 +0300] "GET /favicon.ico HTTP/1.1" 404 152 "-" "Safari/12604.1.38.1.7 CFNetwork/811.5.4 Darwin/16.7.0 (x86_64)"
95.108.129.196 - - [17/Oct/2017:22:05:35 +0300] "GET / HTTP/1.1" 404 152 "-" "Mozilla/5.0 (compatible; YandexMetrika/2.0; +http://yandex.com/bots mtmon01e.yandex.ru)"
46.229.164.102 - - [17/Oct/2017:22:09:45 +0300] "GET /robots.txt HTTP/1.1" 404 152 "-" "Mozilla/5.0 (compatible; SemrushBot/1.2~bl; +http://www.semrush.com/bot.html)"
37.9.118.28 - - [17/Oct/2017:22:39:03 +0300] "GET / HTTP/1.1" 404 152 "-" "Mozilla/5.0 (compatible; YandexMetrika/2.0; +http://yandex.com/bots mtmon01i.yandex.ru)"
157.55.39.133 - - [17/Oct/2017:22:41:10 +0300] "GET /robots.txt HTTP/1.1" 404 152 "-" "Mozilla/5.0 (compatible; bingbot/2.0; +http://www.bing.com/bingbot.htm)"
40.77.167.2 - - [17/Oct/2017:22:41:33 +0300] "GET / HTTP/1.1" 404 152 "-" "Mozilla/5.0 (compatible; bingbot/2.0; +http://www.bing.com/bingbot.htm)"
42.236.99.166 - - [17/Oct/2017:22:42:07 +0300] "GET / HTTP/1.1" 404 209 "http://www.bi-grouplabs.ru/" "Mozilla/5.0 (Windows NT 6.1; WOW64) AppleWebKit/537.36 (KHTML, like Gecko) Chrome/50.0.2661.102 Safari/537.36; 360Spider"
188.226.149.163 - - [17/Oct/2017:22:43:46 +0300] "GET /robots.txt HTTP/1.0" 404 178 "-" "SafeDNSBot (https://www.safedns.com/searchbot)"
188.226.149.163 - - [17/Oct/2017:22:43:46 +0300] "GET / HTTP/1.0" 404 178 "-" "SafeDNSBot (https://www.safedns.com/searchbot)"
188.226.149.163 - - [17/Oct/2017:22:46:03 +0300] "GET /for-school/cpp-base.html HTTP/1.0" 404 178 "-" "SafeDNSBot (https://www.safedns.com/searchbot)"
188.226.149.163 - - [17/Oct/2017:22:47:37 +0300] "GET /school HTTP/1.0" 404 178 "-" "SafeDNSBot (https://www.safedns.com/searchbot)"
188.226.149.163 - - [17/Oct/2017:22:49:48 +0300] "GET /home.html HTTP/1.0" 404 178 "-" "SafeDNSBot (https://www.safedns.com/searchbot)"
188.226.149.163 - - [17/Oct/2017:22:52:01 +0300] "GET /index.php HTTP/1.0" 404 178 "-" "SafeDNSBot (https://www.safedns.com/searchbot)"
51.255.65.94 - - [17/Oct/2017:22:53:58 +0300] "GET /web-links/2-robotics-links/4-roboforum.html HTTP/1.1" 404 152 "-" "Mozilla/5.0 (compatible; AhrefsBot/5.2; +http://ahrefs.com/robot/)"
42.236.99.30 - - [17/Oct/2017:22:54:03 +0300] "GET / HTTP/1.1" 404 209 "http://www.high-tech.su/" "Mozilla/5.0 (Windows NT 6.1; WOW64) AppleWebKit/537.36 (KHTML, like Gecko) Chrome/50.0.2661.102 Safari/537.36; 360Spider"
46.229.164.100 - - [17/Oct/2017:23:02:04 +0300] "GET /robots.txt HTTP/1.1" 404 152 "-" "Mozilla/5.0 (compatible; SemrushBot/1.2~bl; +http://www.semrush.com/bot.html)"
217.69.133.18 - - [17/Oct/2017:23:19:07 +0300] "GET /robots.txt HTTP/1.0" 404 178 "-" "Mozilla/5.0 (compatible; Linux x86_64; Mail.RU_Bot/2.0; +http://go.mail.ru/help/robots)"
217.69.133.11 - - [17/Oct/2017:23:19:08 +0300] "GET /index.php/solutions/categories/market-center HTTP/1.1" 404 152 "-" "Mozilla/5.0 (compatible; Linux x86_64; Mail.RU_Bot/2.0; +http://go.mail.ru/help/robots)"
217.69.133.193 - - [17/Oct/2017:23:19:09 +0300] "GET /index.php/component/content/article/34-template-articles/74-sales-growth/component/content/ HTTP/1.1" 404 152 "-" "Mozilla/5.0 (compatible; Linux x86_64; Mail.RU_Bot/2.0; +http://go.mail.ru/help/robots)"
37.9.118.28 - - [17/Oct/2017:23:29:55 +0300] "GET / HTTP/1.1" 404 152 "-" "Mozilla/5.0 (compatible; YandexMetrika/2.0; +http://yandex.com/bots mtmon01i.yandex.ru)"
94.181.45.166 - - [17/Oct/2017:23:46:21 +0300] "GET / HTTP/1.1" 404 580 "-" "Mozilla/5.0 (Windows NT 6.1; WOW64) AppleWebKit/537.36 (KHTML, like Gecko) Chrome/43.0.2357.125 Safari/537.36 OPR/30.0.1835.88 (Edition Campaign 67)"
213.230.74.147 - - [17/Oct/2017:23:50:25 +0300] "GET /biforum3/index.php HTTP/1.0" 404 580 "http://www.bi-grouplabs.ru/biforum3/index.php" "Mozilla/4.0 (compatible; MSIE 6.0; Windows NT 5.0)"
213.230.74.147 - - [17/Oct/2017:23:50:26 +0300] "GET / HTTP/1.0" 404 580 "http://www.bi-grouplabs.ru/" "Mozilla/4.0 (compatible; MSIE 6.0; Windows NT 5.0)"
213.230.74.147 - - [17/Oct/2017:23:50:26 +0300] "GET / HTTP/1.0" 404 580 "http://forum.bi-grouplabs.ru/" "Mozilla/4.0 (compatible; MSIE 6.0; Windows NT 5.0)"
67.23.230.251 - - [17/Oct/2017:23:53:26 +0300] "GET /en/wp-login.php HTTP/1.1" 404 580 "-" "Mozilla/5.0 (Windows NT 6.1; Win64; x64) AppleWebKit/537.36 (KHTML, like Gecko) Chrome/61.0.3163.100 Safari/537.36"
164.132.161.61 - - [18/Oct/2017:00:02:52 +0300] "GET /for-student.html HTTP/1.1" 404 152 "-" "Mozilla/5.0 (compatible; AhrefsBot/5.2; +http://ahrefs.com/robot/)"
204.12.241.98 - - [18/Oct/2017:00:06:38 +0300] "GET /wp-login.php HTTP/1.1" 404 580 "http://ai-forecasts.com/wp-login.php" "Mozilla/4.0 (compatible; MSIE 9.0; Windows NT 6.1; 125LA; .NET CLR 2.0.50727; .NET CLR 3.0.04506.648; .NET CLR 3.5.21022)"
204.12.241.98 - - [18/Oct/2017:00:06:38 +0300] "GET /wp-login.php HTTP/1.1" 404 580 "http://ai-forecasts.com/wp-login.php" "Mozilla/4.0 (compatible; MSIE 9.0; Windows NT 6.1; 125LA; .NET CLR 2.0.50727; .NET CLR 3.0.04506.648; .NET CLR 3.5.21022)"
178.154.224.71 - - [18/Oct/2017:00:46:52 +0300] "GET / HTTP/1.1" 404 152 "-" "Mozilla/5.0 (compatible; YandexMetrika/2.0; +http://yandex.com/bots mtmon01f.yandex.ru)"
217.69.133.14 - - [18/Oct/2017:00:52:03 +0300] "GET /robots.txt HTTP/1.0" 404 178 "-" "Mozilla/5.0 (compatible; Linux x86_64; Mail.RU_Bot/2.0; +http://go.mail.ru/help/robots)"
217.69.133.15 - - [18/Oct/2017:00:52:06 +0300] "GET /ResourceHead/SCM/WareMenedg.html HTTP/1.1" 404 152 "-" "Mozilla/5.0 (compatible; Linux x86_64; Mail.RU_Bot/2.0; +http://go.mail.ru/help/robots)"
157.55.39.135 - - [18/Oct/2017:01:31:22 +0300] "GET / HTTP/1.1" 404 152 "-" "Mozilla/5.0 (compatible; bingbot/2.0; +http://www.bing.com/bingbot.htm)"
37.9.118.28 - - [18/Oct/2017:01:39:04 +0300] "GET / HTTP/1.1" 404 152 "-" "Mozilla/5.0 (compatible; YandexMetrika/2.0; +http://yandex.com/bots mtmon01i.yandex.ru)"
52.34.24.33 - - [18/Oct/2017:02:04:50 +0300] "GET / HTTP/1.1" 404 152 "http://www.google.com/search?hl=fr&q=dictionary+english" "Magic Browser"
52.34.24.33 - - [18/Oct/2017:02:04:51 +0300] "GET / HTTP/1.1" 404 152 "-" "Magic Browser"
217.69.133.14 - - [18/Oct/2017:02:20:22 +0300] "GET /robots.txt HTTP/1.0" 404 178 "-" "Mozilla/5.0 (compatible; Linux x86_64; Mail.RU_Bot/2.0; +http://go.mail.ru/help/robots)"
217.69.133.193 - - [18/Oct/2017:02:20:23 +0300] "GET /Product/crm/vtiger/vtiger2_10.png HTTP/1.1" 404 152 "-" "Mozilla/5.0 (compatible; Linux x86_64; Mail.RU_Bot/2.0; +http://go.mail.ru/help/robots)"
217.69.133.13 - - [18/Oct/2017:02:25:06 +0300] "GET /index.php/item/itemlist/category/12-customer-base-analysis?format=feed HTTP/1.1" 404 152 "-" "Mozilla/5.0 (compatible; Linux x86_64; Mail.RU_Bot/2.0; +http://go.mail.ru/help/robots)"
58.96.225.86 - - [18/Oct/2017:02:28:23 +0300] "GET / HTTP/1.0" 404 580 "-" "Mozilla/5.0 (compatible; MSIE 9.0; Windows NT 6.1; WOW64; Trident/5.0)"
67.23.230.251 - - [18/Oct/2017:02:42:38 +0300] "GET /en/wp-login.php HTTP/1.1" 404 580 "-" "Mozilla/5.0 (Windows NT 6.1; Win64; x64) AppleWebKit/537.36 (KHTML, like Gecko) Chrome/61.0.3163.100 Safari/537.36"
95.108.129.196 - - [18/Oct/2017:02:52:32 +0300] "GET / HTTP/1.1" 404 152 "-" "Mozilla/5.0 (compatible; YandexMetrika/2.0; +http://yandex.com/bots mtmon01e.yandex.ru)"
46.229.164.99 - - [18/Oct/2017:02:53:46 +0300] "GET /robots.txt HTTP/1.1" 404 152 "-" "Mozilla/5.0 (compatible; SemrushBot/1.2~bl; +http://www.semrush.com/bot.html)"
180.76.15.141 - - [18/Oct/2017:03:10:04 +0300] "GET / HTTP/1.1" 404 152 "-" "Mozilla/5.0 (compatible; Baiduspider/2.0; +http://www.baidu.com/search/spider.html)"
95.108.129.196 - - [18/Oct/2017:03:23:34 +0300] "GET / HTTP/1.1" 404 152 "-" "Mozilla/5.0 (compatible; YandexMetrika/2.0; +http://yandex.com/bots mtmon01e.yandex.ru)"
193.169.52.154 - - [18/Oct/2017:03:27:29 +0300] "GET / HTTP/1.1" 404 209 "-" "Mozilla/5.0 (X11; Linux x86_64) AppleWebKit/537.36 (KHTML, like Gecko) Chrome/34.0.1847.132 Safari/537.36"
38.100.21.63 - - [18/Oct/2017:03:40:46 +0300] "GET / HTTP/1.1" 404 580 "-" "Mozilla/4.0 (compatible; MSIE 7.0; Windows NT 5.2)"
178.154.224.71 - - [18/Oct/2017:03:46:24 +0300] "GET / HTTP/1.1" 404 152 "-" "Mozilla/5.0 (compatible; YandexMetrika/2.0; +http://yandex.com/bots mtmon01f.yandex.ru)"
40.77.167.99 - - [18/Oct/2017:03:47:42 +0300] "GET / HTTP/1.1" 404 152 "-" "Mozilla/5.0 (compatible; bingbot/2.0; +http://www.bing.com/bingbot.htm)"
