77.50.251.129 - - [18/Oct/2017:11:41:14 +0300] "GET /blog/css/blog.css HTTP/1.1" 404 113 "http://digital-human.ru/" "Mozilla/5.0 (Windows NT 6.1; WOW64; rv:56.0) Gecko/20100101 Firefox/56.0"
77.50.251.129 - - [18/Oct/2017:11:41:14 +0300] "GET /static/my_app/example.jpg HTTP/1.1" 404 152 "http://digital-human.ru/" "Mozilla/5.0 (Windows NT 6.1; WOW64; rv:56.0) Gecko/20100101 Firefox/56.0"
77.50.251.129 - - [18/Oct/2017:11:41:15 +0300] "GET / HTTP/1.1" 200 551 "http://digital-human.ru/" "Mozilla/5.0 (Windows NT 6.1; WOW64; rv:56.0) Gecko/20100101 Firefox/56.0"
77.50.251.129 - - [18/Oct/2017:11:41:15 +0300] "GET /blog/css/blog.css HTTP/1.1" 404 113 "http://digital-human.ru/" "Mozilla/5.0 (Windows NT 6.1; WOW64; rv:56.0) Gecko/20100101 Firefox/56.0"
77.50.251.129 - - [18/Oct/2017:11:41:15 +0300] "GET /static/my_app/example.jpg HTTP/1.1" 404 152 "http://digital-human.ru/" "Mozilla/5.0 (Windows NT 6.1; WOW64; rv:56.0) Gecko/20100101 Firefox/56.0"
46.229.164.100 - - [18/Oct/2017:11:45:56 +0300] "GET /robots.txt HTTP/1.1" 400 37 "-" "Mozilla/5.0 (compatible; SemrushBot/1.2~bl; +http://www.semrush.com/bot.html)"
37.9.118.28 - - [18/Oct/2017:12:01:27 +0300] "GET / HTTP/1.1" 400 37 "-" "Mozilla/5.0 (compatible; YandexMetrika/2.0; +http://yandex.com/bots mtmon01i.yandex.ru)"
77.50.251.129 - - [18/Oct/2017:12:10:00 +0300] "GET / HTTP/1.1" 200 552 "http://digital-human.ru/" "Mozilla/5.0 (Windows NT 6.1; WOW64; rv:56.0) Gecko/20100101 Firefox/56.0"
77.50.251.129 - - [18/Oct/2017:12:10:00 +0300] "GET /static/my_app/example.jpg HTTP/1.1" 404 152 "http://digital-human.ru/" "Mozilla/5.0 (Windows NT 6.1; WOW64; rv:56.0) Gecko/20100101 Firefox/56.0"
77.50.251.129 - - [18/Oct/2017:12:10:00 +0300] "GET /static/blog/css/blog.css HTTP/1.1" 404 152 "http://digital-human.ru/" "Mozilla/5.0 (Windows NT 6.1; WOW64; rv:56.0) Gecko/20100101 Firefox/56.0"
77.50.251.129 - - [18/Oct/2017:12:10:01 +0300] "GET / HTTP/1.1" 200 552 "http://digital-human.ru/" "Mozilla/5.0 (Windows NT 6.1; WOW64; rv:56.0) Gecko/20100101 Firefox/56.0"
77.50.251.129 - - [18/Oct/2017:12:10:01 +0300] "GET /static/blog/css/blog.css HTTP/1.1" 404 152 "http://digital-human.ru/" "Mozilla/5.0 (Windows NT 6.1; WOW64; rv:56.0) Gecko/20100101 Firefox/56.0"
77.50.251.129 - - [18/Oct/2017:12:10:01 +0300] "GET /static/my_app/example.jpg HTTP/1.1" 404 152 "http://digital-human.ru/" "Mozilla/5.0 (Windows NT 6.1; WOW64; rv:56.0) Gecko/20100101 Firefox/56.0"
142.4.200.37 - - [18/Oct/2017:12:12:04 +0300] "GET /robots.txt HTTP/1.1" 404 152 "-" "Mozilla/5.0 (compatible; ExtLinksBot/1.5 +https://extlinks.com/Bot.html)"
142.4.200.37 - - [18/Oct/2017:12:12:22 +0300] "GET /Contacts/ HTTP/1.1" 404 152 "-" "Mozilla/5.0 (compatible; ExtLinksBot/1.5 +https://extlinks.com/Bot.html)"
142.4.200.37 - - [18/Oct/2017:12:12:42 +0300] "GET /partners/ HTTP/1.1" 404 152 "-" "Mozilla/5.0 (compatible; ExtLinksBot/1.5 +https://extlinks.com/Bot.html)"
77.50.251.129 - - [18/Oct/2017:12:18:40 +0300] "GET / HTTP/1.1" 200 552 "http://digital-human.ru/" "Mozilla/5.0 (Windows NT 6.1; WOW64; rv:56.0) Gecko/20100101 Firefox/56.0"
77.50.251.129 - - [18/Oct/2017:12:18:40 +0300] "GET /static/my_app/example.jpg HTTP/1.1" 404 152 "http://digital-human.ru/" "Mozilla/5.0 (Windows NT 6.1; WOW64; rv:56.0) Gecko/20100101 Firefox/56.0"
77.50.251.129 - - [18/Oct/2017:12:18:40 +0300] "GET /static/blog/css/blog.css HTTP/1.1" 404 152 "http://digital-human.ru/" "Mozilla/5.0 (Windows NT 6.1; WOW64; rv:56.0) Gecko/20100101 Firefox/56.0"
77.50.251.129 - - [18/Oct/2017:12:18:41 +0300] "GET / HTTP/1.1" 200 552 "http://digital-human.ru/" "Mozilla/5.0 (Windows NT 6.1; WOW64; rv:56.0) Gecko/20100101 Firefox/56.0"
77.50.251.129 - - [18/Oct/2017:12:18:41 +0300] "GET /static/blog/css/blog.css HTTP/1.1" 404 152 "http://digital-human.ru/" "Mozilla/5.0 (Windows NT 6.1; WOW64; rv:56.0) Gecko/20100101 Firefox/56.0"
77.50.251.129 - - [18/Oct/2017:12:18:41 +0300] "GET /static/my_app/example.jpg HTTP/1.1" 404 152 "http://digital-human.ru/" "Mozilla/5.0 (Windows NT 6.1; WOW64; rv:56.0) Gecko/20100101 Firefox/56.0"
178.54.74.53 - - [18/Oct/2017:12:20:24 +0300] "GET /Rech/Bookmakers/ HTTP/1.1" 400 37 "-" "Mozilla/5.0 (iPhone; CPU iPhone OS 11_0_2 like Mac OS X) AppleWebKit/604.1.38 (KHTML, like Gecko) Version/11.0 Mobile/15A421 Safari/604.1"
178.54.74.53 - - [18/Oct/2017:12:20:26 +0300] "GET /apple-touch-icon-120x120-precomposed.png HTTP/1.1" 400 37 "-" "MobileSafari/604.1 CFNetwork/887 Darwin/17.0.0"
178.54.74.53 - - [18/Oct/2017:12:20:27 +0300] "GET /apple-touch-icon-120x120.png HTTP/1.1" 400 37 "-" "MobileSafari/604.1 CFNetwork/887 Darwin/17.0.0"
178.54.74.53 - - [18/Oct/2017:12:20:27 +0300] "GET /apple-touch-icon-precomposed.png HTTP/1.1" 400 37 "-" "MobileSafari/604.1 CFNetwork/887 Darwin/17.0.0"
178.54.74.53 - - [18/Oct/2017:12:20:27 +0300] "GET /apple-touch-icon.png HTTP/1.1" 400 37 "-" "MobileSafari/604.1 CFNetwork/887 Darwin/17.0.0"
178.54.74.53 - - [18/Oct/2017:12:20:27 +0300] "GET /favicon.ico HTTP/1.1" 400 37 "-" "MobileSafari/604.1 CFNetwork/887 Darwin/17.0.0"
178.54.74.53 - - [18/Oct/2017:12:20:27 +0300] "GET /apple-touch-icon-120x120-precomposed.png HTTP/1.1" 400 37 "-" "MobileSafari/604.1 CFNetwork/887 Darwin/17.0.0"
178.54.74.53 - - [18/Oct/2017:12:20:27 +0300] "GET /apple-touch-icon-120x120.png HTTP/1.1" 400 37 "-" "MobileSafari/604.1 CFNetwork/887 Darwin/17.0.0"
178.54.74.53 - - [18/Oct/2017:12:20:27 +0300] "GET /apple-touch-icon-precomposed.png HTTP/1.1" 400 37 "-" "MobileSafari/604.1 CFNetwork/887 Darwin/17.0.0"
178.54.74.53 - - [18/Oct/2017:12:20:27 +0300] "GET /apple-touch-icon.png HTTP/1.1" 400 37 "-" "MobileSafari/604.1 CFNetwork/887 Darwin/17.0.0"
178.54.74.53 - - [18/Oct/2017:12:20:27 +0300] "GET /favicon.ico HTTP/1.1" 400 37 "-" "MobileSafari/604.1 CFNetwork/887 Darwin/17.0.0"
170.82.76.2 - - [18/Oct/2017:12:28:58 +0300] "GET / HTTP/1.1" 404 178 "-" "curl/7.17.1 (mips-unknown-linux-gnu) libcurl/7.17.1 OpenSSL/0.9.8i zlib/1.2.3"
52.41.211.72 - - [18/Oct/2017:12:29:56 +0300] "GET / HTTP/1.1" 404 152 "http://www.google.com/search?hl=fr&q=dictionary+english" "Magic Browser"
52.41.211.72 - - [18/Oct/2017:12:29:57 +0300] "GET / HTTP/1.1" 404 152 "-" "Magic Browser"
77.50.251.129 - - [18/Oct/2017:12:31:45 +0300] "GET / HTTP/1.1" 200 552 "http://digital-human.ru/" "Mozilla/5.0 (Windows NT 6.1; WOW64; rv:56.0) Gecko/20100101 Firefox/56.0"
77.50.251.129 - - [18/Oct/2017:12:31:45 +0300] "GET /static/my_app/example.jpg HTTP/1.1" 404 152 "http://digital-human.ru/" "Mozilla/5.0 (Windows NT 6.1; WOW64; rv:56.0) Gecko/20100101 Firefox/56.0"
77.50.251.129 - - [18/Oct/2017:12:31:46 +0300] "GET /static/blog/css/blog.css HTTP/1.1" 404 152 "http://digital-human.ru/" "Mozilla/5.0 (Windows NT 6.1; WOW64; rv:56.0) Gecko/20100101 Firefox/56.0"
77.50.251.129 - - [18/Oct/2017:12:31:47 +0300] "GET / HTTP/1.1" 200 552 "http://digital-human.ru/" "Mozilla/5.0 (Windows NT 6.1; WOW64; rv:56.0) Gecko/20100101 Firefox/56.0"
77.50.251.129 - - [18/Oct/2017:12:31:47 +0300] "GET /static/blog/css/blog.css HTTP/1.1" 404 152 "http://digital-human.ru/" "Mozilla/5.0 (Windows NT 6.1; WOW64; rv:56.0) Gecko/20100101 Firefox/56.0"
77.50.251.129 - - [18/Oct/2017:12:31:47 +0300] "GET /static/my_app/example.jpg HTTP/1.1" 404 152 "http://digital-human.ru/" "Mozilla/5.0 (Windows NT 6.1; WOW64; rv:56.0) Gecko/20100101 Firefox/56.0"
177.184.213.254 - - [18/Oct/2017:12:58:55 +0300] "GET / HTTP/1.1" 404 178 "-" "curl/7.17.1 (mips-unknown-linux-gnu) libcurl/7.17.1 OpenSSL/0.9.8i zlib/1.2.3"
178.154.224.71 - - [18/Oct/2017:13:22:35 +0300] "GET / HTTP/1.1" 404 152 "-" "Mozilla/5.0 (compatible; YandexMetrika/2.0; +http://yandex.com/bots mtmon01f.yandex.ru)"
216.19.222.167 - - [18/Oct/2017:13:30:37 +0300] "GET / HTTP/1.1" 404 580 "-" "=Mozilla/5.0 (Windows; U; Windows NT 6.1; en-US) AppleWebKit/534.16 (KHTML, like Gecko) Chrome/10.0.648.204 Safari/534.16"
67.23.230.251 - - [18/Oct/2017:13:39:47 +0300] "GET /blogs/wp-login.php HTTP/1.1" 404 580 "-" "Mozilla/5.0 (Windows NT 6.1; Win64; x64) AppleWebKit/537.36 (KHTML, like Gecko) Chrome/61.0.3163.100 Safari/537.36"
37.9.118.28 - - [18/Oct/2017:13:59:31 +0300] "GET / HTTP/1.1" 404 152 "-" "Mozilla/5.0 (compatible; YandexMetrika/2.0; +http://yandex.com/bots mtmon01i.yandex.ru)"
40.77.167.99 - - [18/Oct/2017:14:02:25 +0300] "GET / HTTP/1.1" 404 152 "-" "Mozilla/5.0 (iPhone; CPU iPhone OS 7_0 like Mac OS X) AppleWebKit/537.51.1 (KHTML, like Gecko) Version/7.0 Mobile/11A465 Safari/9537.53 (compatible; bingbot/2.0; +http://www.bing.com/bingbot.htm)"
67.23.230.251 - - [18/Oct/2017:14:08:43 +0300] "GET /wp-login.php HTTP/1.1" 404 580 "-" "Mozilla/5.0 (Windows NT 6.1; Win64; x64) AppleWebKit/537.36 (KHTML, like Gecko) Chrome/61.0.3163.100 Safari/537.36"
46.188.121.97 - - [18/Oct/2017:14:24:58 +0300] "GET /ozsybry/skachat_ezhednevnik_programmu_1471_0.jpg HTTP/1.1" 404 209 "http://softpick.at.ua/blog/svoj_citatnik_ili_soobshhestvo_besplatno_ezhednevnik_programma/2014-02-28-35" "Mozilla/5.0 (Windows NT 10.0; Win64; x64) AppleWebKit/537.36 (KHTML, like Gecko) Chrome/61.0.3163.100 Safari/537.36"
157.55.39.155 - - [18/Oct/2017:14:35:18 +0300] "GET /robots.txt HTTP/1.1" 404 152 "-" "Mozilla/5.0 (compatible; bingbot/2.0; +http://www.bing.com/bingbot.htm)"
185.46.223.53 - - [18/Oct/2017:14:43:09 +0300] "GET /Product/crm/functions_crm.html HTTP/1.1" 404 152 "-" "Mozilla/5.0 (Macintosh; Intel Mac OS X 10_12_6) AppleWebKit/604.1.38 (KHTML, like Gecko)"
185.46.223.53 - - [18/Oct/2017:14:43:09 +0300] "GET /apple-touch-icon-precomposed.png HTTP/1.1" 404 152 "-" "Safari/12604.1.38.1.7 CFNetwork/811.5.4 Darwin/16.7.0 (x86_64)"
185.46.223.53 - - [18/Oct/2017:14:43:09 +0300] "GET /apple-touch-icon.png HTTP/1.1" 404 152 "-" "Safari/12604.1.38.1.7 CFNetwork/811.5.4 Darwin/16.7.0 (x86_64)"
185.46.223.53 - - [18/Oct/2017:14:43:09 +0300] "GET /favicon.ico HTTP/1.1" 404 152 "-" "Safari/12604.1.38.1.7 CFNetwork/811.5.4 Darwin/16.7.0 (x86_64)"
185.46.223.53 - - [18/Oct/2017:14:43:09 +0300] "GET /apple-touch-icon-precomposed.png HTTP/1.1" 404 152 "-" "Safari/12604.1.38.1.7 CFNetwork/811.5.4 Darwin/16.7.0 (x86_64)"
185.46.223.53 - - [18/Oct/2017:14:43:10 +0300] "GET /apple-touch-icon.png HTTP/1.1" 404 152 "-" "Safari/12604.1.38.1.7 CFNetwork/811.5.4 Darwin/16.7.0 (x86_64)"
185.46.223.53 - - [18/Oct/2017:14:43:10 +0300] "GET /favicon.ico HTTP/1.1" 404 152 "-" "Safari/12604.1.38.1.7 CFNetwork/811.5.4 Darwin/16.7.0 (x86_64)"
185.46.223.53 - - [18/Oct/2017:14:43:10 +0300] "GET /Product/crm/functions_crm.html HTTP/1.1" 404 152 "-" "Mozilla/5.0 (iPhone; CPU iPhone OS 10_3 like Mac OS X) AppleWebKit/603.1.30 (KHTML, like Gecko) Version/10.3 Mobile/14E277 Safari/603.1.30"
185.46.223.53 - - [18/Oct/2017:14:43:10 +0300] "GET /apple-touch-icon-precomposed.png HTTP/1.1" 404 152 "-" "Safari/12604.1.38.1.7 CFNetwork/811.5.4 Darwin/16.7.0 (x86_64)"
185.46.223.53 - - [18/Oct/2017:14:43:10 +0300] "GET /apple-touch-icon.png HTTP/1.1" 404 152 "-" "Safari/12604.1.38.1.7 CFNetwork/811.5.4 Darwin/16.7.0 (x86_64)"
185.46.223.53 - - [18/Oct/2017:14:43:10 +0300] "GET /favicon.ico HTTP/1.1" 404 152 "-" "Safari/12604.1.38.1.7 CFNetwork/811.5.4 Darwin/16.7.0 (x86_64)"
185.46.223.53 - - [18/Oct/2017:14:43:10 +0300] "GET /apple-touch-icon-precomposed.png HTTP/1.1" 404 152 "-" "Safari/12604.1.38.1.7 CFNetwork/811.5.4 Darwin/16.7.0 (x86_64)"
185.46.223.53 - - [18/Oct/2017:14:43:10 +0300] "GET /apple-touch-icon.png HTTP/1.1" 404 152 "-" "Safari/12604.1.38.1.7 CFNetwork/811.5.4 Darwin/16.7.0 (x86_64)"
185.46.223.53 - - [18/Oct/2017:14:43:10 +0300] "GET /favicon.ico HTTP/1.1" 404 152 "-" "Safari/12604.1.38.1.7 CFNetwork/811.5.4 Darwin/16.7.0 (x86_64)"
67.23.230.251 - - [18/Oct/2017:15:03:59 +0300] "GET /main/wp-login.php HTTP/1.1" 404 580 "-" "Mozilla/5.0 (Windows NT 6.1; Win64; x64) AppleWebKit/537.36 (KHTML, like Gecko) Chrome/61.0.3163.100 Safari/537.36"
95.108.129.196 - - [18/Oct/2017:15:14:45 +0300] "GET / HTTP/1.1" 404 152 "-" "Mozilla/5.0 (compatible; YandexMetrika/2.0; +http://yandex.com/bots mtmon01e.yandex.ru)"
141.212.122.81 - - [18/Oct/2017:15:33:16 +0300] "GET / HTTP/1.1" 404 152 "-" "Mozilla/5.0 zgrab/0.x"
178.44.72.166 - - [18/Oct/2017:15:41:11 +0300] "GET /ozsybry/skachat_avtokliker_na_l2_1389_0.jpg HTTP/1.1" 404 209 "http://zvezdasoft2008.clan.su/blog/avtokliker_dlja_l2_gracija_ehpilog/2014-03-02-33" "Mozilla/5.0 (Windows NT 6.1; Win64; x64) AppleWebKit/537.36 (KHTML, like Gecko) Chrome/61.0.3163.100 Safari/537.36 OPR/48.0.2685.39"
88.99.2.222 - - [18/Oct/2017:15:41:12 +0300] "GET / HTTP/1.1" 404 178 "-" "Mozilla/5.0 (Windows; U; Windows NT 5.1; ru; rv:1.9.0.1) Gecko/2008070208"
95.108.129.196 - - [18/Oct/2017:15:48:43 +0300] "GET / HTTP/1.1" 404 152 "-" "Mozilla/5.0 (compatible; YandexMetrika/2.0; +http://yandex.com/bots mtmon01e.yandex.ru)"
67.23.230.251 - - [18/Oct/2017:15:49:34 +0300] "GET /test/wp-login.php HTTP/1.1" 404 580 "-" "Mozilla/5.0 (Windows NT 6.1; Win64; x64) AppleWebKit/537.36 (KHTML, like Gecko) Chrome/61.0.3163.100 Safari/537.36"
45.55.9.210 - - [18/Oct/2017:15:53:27 +0300] "GET / HTTP/1.1" 404 152 "-" "Mozilla/5.0 zgrab/0.x"
91.250.15.69 - - [18/Oct/2017:16:05:19 +0300] "GET / HTTP/1.0" 404 580 "-" "Mozilla/5.0 (Windows NT 6.3; WOW64) AppleWebKit/537.36 (KHTML, like Gecko) Chrome/50.0.2661.102 Safari/537.36"
91.250.15.69 - - [18/Oct/2017:16:05:19 +0300] "GET / HTTP/1.0" 404 580 "-" "Mozilla/5.0 (Windows NT 6.3; WOW64) AppleWebKit/537.36 (KHTML, like Gecko) Chrome/50.0.2661.102 Safari/537.36"
91.250.15.69 - - [18/Oct/2017:16:05:19 +0300] "GET /http:/ HTTP/1.0" 404 580 "-" "Mozilla/5.0 (Windows NT 6.3; WOW64) AppleWebKit/537.36 (KHTML, like Gecko) Chrome/50.0.2661.102 Safari/537.36"
178.154.224.71 - - [18/Oct/2017:16:08:39 +0300] "GET / HTTP/1.1" 404 152 "-" "Mozilla/5.0 (compatible; YandexMetrika/2.0; +http://yandex.com/bots mtmon01f.yandex.ru)"
67.23.230.251 - - [18/Oct/2017:16:08:41 +0300] "GET /wp/wp-login.php HTTP/1.1" 404 580 "-" "Mozilla/5.0 (Windows NT 6.1; Win64; x64) AppleWebKit/537.36 (KHTML, like Gecko) Chrome/61.0.3163.100 Safari/537.36"
192.169.182.87 - - [18/Oct/2017:16:18:05 +0300] "POST /xmlrpc.php HTTP/1.1" 404 178 "-" "Mozilla/5.0 (Macintosh; U; Intel Mac OS X 10.6; fr; rv:1.9.2.8) Gecko/20100722 Firefox/3.6.8"
192.169.182.87 - - [18/Oct/2017:16:18:05 +0300] "POST /blog/xmlrpc.php HTTP/1.1" 404 178 "-" "Mozilla/5.0 (Macintosh; U; Intel Mac OS X 10.6; fr; rv:1.9.2.8) Gecko/20100722 Firefox/3.6.8"
192.169.182.87 - - [18/Oct/2017:16:18:05 +0300] "" 400 0 "-" "-"
192.169.182.87 - - [18/Oct/2017:16:18:05 +0300] "" 400 0 "-" "-"
178.154.224.71 - - [18/Oct/2017:16:22:19 +0300] "GET / HTTP/1.1" 404 152 "-" "Mozilla/5.0 (compatible; YandexMetrika/2.0; +http://yandex.com/bots mtmon01f.yandex.ru)"
185.118.130.98 - - [18/Oct/2017:16:33:10 +0300] "GET / HTTP/1.1" 404 178 "-" "curl/7.17.1 (mips-unknown-linux-gnu) libcurl/7.17.1 OpenSSL/0.9.8i zlib/1.2.3"
66.249.76.118 - - [18/Oct/2017:16:39:24 +0300] "GET /robots.txt HTTP/1.1" 404 152 "-" "Mozilla/5.0 (compatible; Googlebot/2.1; +http://www.google.com/bot.html)"
66.249.76.119 - - [18/Oct/2017:16:39:24 +0300] "GET /index.php?option=com_k2&view=item&id=34:crm-analysis&Itemid=95 HTTP/1.1" 404 152 "-" "Mozilla/5.0 (compatible; Googlebot/2.1; +http://www.google.com/bot.html)"
95.108.129.196 - - [18/Oct/2017:16:51:22 +0300] "GET / HTTP/1.1" 404 152 "-" "Mozilla/5.0 (compatible; YandexMetrika/2.0; +http://yandex.com/bots mtmon01e.yandex.ru)"
31.192.107.166 - - [18/Oct/2017:17:00:24 +0300] "GET /wp-login.php HTTP/1.1" 404 580 "-" "Mozilla/5.0 (Windows NT 6.1; WOW64) AppleWebKit/537.36 (KHTML, like Gecko) Chrome/36.0.1985.125 Safari/537.36"
31.192.107.166 - - [18/Oct/2017:17:00:25 +0300] "GET /administrator/index.php HTTP/1.1" 404 580 "-" "Mozilla/5.0 (Windows NT 6.1; WOW64) AppleWebKit/537.36 (KHTML, like Gecko) Chrome/36.0.1985.125 Safari/537.36"
31.192.107.166 - - [18/Oct/2017:17:00:25 +0300] "GET /admin.php HTTP/1.1" 404 580 "-" "Mozilla/5.0 (Windows NT 6.1; WOW64) AppleWebKit/537.36 (KHTML, like Gecko) Chrome/36.0.1985.125 Safari/537.36"
155.94.88.58 - - [18/Oct/2017:17:16:53 +0300] "GET / HTTP/1.0" 404 178 "-" "sysscan/1.0 (https://github.com/robertdavidgraham/sysscan)"
37.9.118.28 - - [18/Oct/2017:17:33:00 +0300] "GET / HTTP/1.1" 404 152 "-" "Mozilla/5.0 (compatible; YandexMetrika/2.0; +http://yandex.com/bots mtmon01i.yandex.ru)"
163.172.255.139 - - [18/Oct/2017:17:44:37 +0300] "GET /administrator/components/com_maian15/charts/php-ofc-library/ofc_upload_image.php HTTP/1.1" 404 209 "http://www.bi-grouplabs.ru/administrator/components/com_maian15/charts/php-ofc-library/ofc_upload_image.php" "Mozilla/5.0 (Windows NT 6.1; WOW64) AppleWebKit/537.36 (KHTML, like Gecko) Chrome/42.0.2311.152 Safari/537.36"
163.172.255.19 - - [18/Oct/2017:17:44:37 +0300] "GET /administrator/components/com_jinc/classes/graphics/php-ofc-library/ofc_upload_image.php HTTP/1.1" 404 209 "http://www.bi-grouplabs.ru/administrator/components/com_jinc/classes/graphics/php-ofc-library/ofc_upload_image.php" "Mozilla/5.0 (Windows NT 6.1; WOW64) AppleWebKit/537.36 (KHTML, like Gecko) Chrome/42.0.2311.152 Safari/537.36"
67.23.230.251 - - [18/Oct/2017:18:09:45 +0300] "GET /home/wp-login.php HTTP/1.1" 404 580 "-" "Mozilla/5.0 (Windows NT 6.1; Win64; x64) AppleWebKit/537.36 (KHTML, like Gecko) Chrome/61.0.3163.100 Safari/537.36"
77.50.251.129 - - [18/Oct/2017:18:10:36 +0300] "GET / HTTP/1.1" 404 152 "http://digital-human.ru/" "Mozilla/5.0 (Windows NT 6.1; WOW64; rv:56.0) Gecko/20100101 Firefox/56.0"
37.9.118.28 - - [18/Oct/2017:18:11:39 +0300] "GET / HTTP/1.1" 404 152 "-" "Mozilla/5.0 (compatible; YandexMetrika/2.0; +http://yandex.com/bots mtmon01i.yandex.ru)"
77.50.251.129 - - [18/Oct/2017:18:16:36 +0300] "GET / HTTP/1.1" 200 552 "http://digital-human.ru/" "Mozilla/5.0 (Windows NT 6.1; WOW64; rv:56.0) Gecko/20100101 Firefox/56.0"
77.50.251.129 - - [18/Oct/2017:18:16:36 +0300] "GET /static/blog/css/blog.css HTTP/1.1" 404 152 "http://digital-human.ru/" "Mozilla/5.0 (Windows NT 6.1; WOW64; rv:56.0) Gecko/20100101 Firefox/56.0"
77.50.251.129 - - [18/Oct/2017:18:16:36 +0300] "GET /static/my_app/example.jpg HTTP/1.1" 404 152 "http://digital-human.ru/" "Mozilla/5.0 (Windows NT 6.1; WOW64; rv:56.0) Gecko/20100101 Firefox/56.0"
77.50.251.129 - - [18/Oct/2017:18:16:40 +0300] "GET / HTTP/1.1" 200 552 "http://digital-human.ru/" "Mozilla/5.0 (Windows NT 6.1; WOW64; rv:56.0) Gecko/20100101 Firefox/56.0"
77.50.251.129 - - [18/Oct/2017:18:16:40 +0300] "GET /static/blog/css/blog.css HTTP/1.1" 404 152 "http://digital-human.ru/" "Mozilla/5.0 (Windows NT 6.1; WOW64; rv:56.0) Gecko/20100101 Firefox/56.0"
77.50.251.129 - - [18/Oct/2017:18:16:40 +0300] "GET /static/my_app/example.jpg HTTP/1.1" 404 152 "http://digital-human.ru/" "Mozilla/5.0 (Windows NT 6.1; WOW64; rv:56.0) Gecko/20100101 Firefox/56.0"
77.50.251.129 - - [18/Oct/2017:18:16:46 +0300] "GET / HTTP/1.1" 200 552 "http://digital-human.ru/" "Mozilla/5.0 (Windows NT 6.1; WOW64; rv:56.0) Gecko/20100101 Firefox/56.0"
77.50.251.129 - - [18/Oct/2017:18:16:47 +0300] "GET /static/blog/css/blog.css HTTP/1.1" 404 152 "http://digital-human.ru/" "Mozilla/5.0 (Windows NT 6.1; WOW64; rv:56.0) Gecko/20100101 Firefox/56.0"
77.50.251.129 - - [18/Oct/2017:18:16:47 +0300] "GET /static/my_app/example.jpg HTTP/1.1" 404 152 "http://digital-human.ru/" "Mozilla/5.0 (Windows NT 6.1; WOW64; rv:56.0) Gecko/20100101 Firefox/56.0"
77.50.251.129 - - [18/Oct/2017:18:16:49 +0300] "GET / HTTP/1.1" 200 552 "http://digital-human.ru/" "Mozilla/5.0 (Windows NT 6.1; WOW64; rv:56.0) Gecko/20100101 Firefox/56.0"
77.50.251.129 - - [18/Oct/2017:18:16:49 +0300] "GET /static/blog/css/blog.css HTTP/1.1" 404 152 "http://digital-human.ru/" "Mozilla/5.0 (Windows NT 6.1; WOW64; rv:56.0) Gecko/20100101 Firefox/56.0"
77.50.251.129 - - [18/Oct/2017:18:16:49 +0300] "GET /static/my_app/example.jpg HTTP/1.1" 404 152 "http://digital-human.ru/" "Mozilla/5.0 (Windows NT 6.1; WOW64; rv:56.0) Gecko/20100101 Firefox/56.0"
77.50.251.129 - - [18/Oct/2017:18:16:51 +0300] "GET / HTTP/1.1" 200 552 "http://digital-human.ru/" "Mozilla/5.0 (Windows NT 6.1; WOW64; rv:56.0) Gecko/20100101 Firefox/56.0"
77.50.251.129 - - [18/Oct/2017:18:16:51 +0300] "GET /static/blog/css/blog.css HTTP/1.1" 404 152 "http://digital-human.ru/" "Mozilla/5.0 (Windows NT 6.1; WOW64; rv:56.0) Gecko/20100101 Firefox/56.0"
77.50.251.129 - - [18/Oct/2017:18:16:52 +0300] "GET /static/my_app/example.jpg HTTP/1.1" 404 152 "http://digital-human.ru/" "Mozilla/5.0 (Windows NT 6.1; WOW64; rv:56.0) Gecko/20100101 Firefox/56.0"
77.50.251.129 - - [18/Oct/2017:18:20:41 +0300] "GET / HTTP/1.1" 500 141 "http://digital-human.ru/" "Mozilla/5.0 (Windows NT 6.1; WOW64; rv:56.0) Gecko/20100101 Firefox/56.0"
77.50.251.129 - - [18/Oct/2017:18:20:44 +0300] "GET / HTTP/1.1" 500 141 "http://digital-human.ru/" "Mozilla/5.0 (Windows NT 6.1; WOW64; rv:56.0) Gecko/20100101 Firefox/56.0"
77.50.251.129 - - [18/Oct/2017:18:20:49 +0300] "GET / HTTP/1.1" 500 141 "http://digital-human.ru/" "Mozilla/5.0 (Windows NT 6.1; WOW64; rv:56.0) Gecko/20100101 Firefox/56.0"
77.50.251.129 - - [18/Oct/2017:18:21:41 +0300] "GET / HTTP/1.1" 200 552 "http://digital-human.ru/" "Mozilla/5.0 (Windows NT 6.1; WOW64; rv:56.0) Gecko/20100101 Firefox/56.0"
77.50.251.129 - - [18/Oct/2017:18:21:41 +0300] "GET /static/my_app/example.jpg HTTP/1.1" 404 152 "http://digital-human.ru/" "Mozilla/5.0 (Windows NT 6.1; WOW64; rv:56.0) Gecko/20100101 Firefox/56.0"
77.50.251.129 - - [18/Oct/2017:18:21:41 +0300] "GET /static/blog/css/blog.css HTTP/1.1" 404 152 "http://digital-human.ru/" "Mozilla/5.0 (Windows NT 6.1; WOW64; rv:56.0) Gecko/20100101 Firefox/56.0"
37.73.207.37 - - [18/Oct/2017:18:25:57 +0300] "GET /Rech/Bookmakers/ HTTP/1.1" 404 152 "-" "Mozilla/5.0 (iPhone; CPU iPhone OS 11_0_2 like Mac OS X) AppleWebKit/604.1.38 (KHTML, like Gecko) Version/11.0 Mobile/15A421 Safari/604.1"
77.50.251.129 - - [18/Oct/2017:18:26:14 +0300] "GET / HTTP/1.1" 200 552 "http://digital-human.ru/" "Mozilla/5.0 (Windows NT 6.1; WOW64; rv:56.0) Gecko/20100101 Firefox/56.0"
77.50.251.129 - - [18/Oct/2017:18:26:14 +0300] "GET /static/my_app/example.jpg HTTP/1.1" 404 152 "http://digital-human.ru/" "Mozilla/5.0 (Windows NT 6.1; WOW64; rv:56.0) Gecko/20100101 Firefox/56.0"
77.50.251.129 - - [18/Oct/2017:18:26:14 +0300] "GET /static/blog/css/blog.css HTTP/1.1" 404 152 "http://digital-human.ru/" "Mozilla/5.0 (Windows NT 6.1; WOW64; rv:56.0) Gecko/20100101 Firefox/56.0"
77.50.251.129 - - [18/Oct/2017:18:26:15 +0300] "GET / HTTP/1.1" 200 552 "http://digital-human.ru/" "Mozilla/5.0 (Windows NT 6.1; WOW64; rv:56.0) Gecko/20100101 Firefox/56.0"
77.50.251.129 - - [18/Oct/2017:18:26:15 +0300] "GET /static/blog/css/blog.css HTTP/1.1" 404 152 "http://digital-human.ru/" "Mozilla/5.0 (Windows NT 6.1; WOW64; rv:56.0) Gecko/20100101 Firefox/56.0"
77.50.251.129 - - [18/Oct/2017:18:26:15 +0300] "GET /static/my_app/example.jpg HTTP/1.1" 404 152 "http://digital-human.ru/" "Mozilla/5.0 (Windows NT 6.1; WOW64; rv:56.0) Gecko/20100101 Firefox/56.0"
77.50.251.129 - - [18/Oct/2017:18:26:25 +0300] "GET /admin HTTP/1.1" 301 0 "-" "Mozilla/5.0 (Windows NT 6.1; WOW64; rv:56.0) Gecko/20100101 Firefox/56.0"
77.50.251.129 - - [18/Oct/2017:18:26:25 +0300] "GET /admin/ HTTP/1.1" 200 1209 "-" "Mozilla/5.0 (Windows NT 6.1; WOW64; rv:56.0) Gecko/20100101 Firefox/56.0"
77.50.251.129 - - [18/Oct/2017:18:26:25 +0300] "GET /static/admin/css/base.css HTTP/1.1" 200 16066 "http://digital-human.ru/admin/" "Mozilla/5.0 (Windows NT 6.1; WOW64; rv:56.0) Gecko/20100101 Firefox/56.0"
77.50.251.129 - - [18/Oct/2017:18:26:25 +0300] "GET /static/admin/css/dashboard.css HTTP/1.1" 200 412 "http://digital-human.ru/admin/" "Mozilla/5.0 (Windows NT 6.1; WOW64; rv:56.0) Gecko/20100101 Firefox/56.0"
77.50.251.129 - - [18/Oct/2017:18:26:25 +0300] "GET /static/admin/css/fonts.css HTTP/1.1" 200 423 "http://digital-human.ru/static/admin/css/base.css" "Mozilla/5.0 (Windows NT 6.1; WOW64; rv:56.0) Gecko/20100101 Firefox/56.0"
77.50.251.129 - - [18/Oct/2017:18:26:25 +0300] "GET /static/admin/img/icon-addlink.svg HTTP/1.1" 200 331 "http://digital-human.ru/static/admin/css/base.css" "Mozilla/5.0 (Windows NT 6.1; WOW64; rv:56.0) Gecko/20100101 Firefox/56.0"
77.50.251.129 - - [18/Oct/2017:18:26:25 +0300] "GET /static/admin/img/icon-changelink.svg HTTP/1.1" 200 380 "http://digital-human.ru/static/admin/css/base.css" "Mozilla/5.0 (Windows NT 6.1; WOW64; rv:56.0) Gecko/20100101 Firefox/56.0"
77.50.251.129 - - [18/Oct/2017:18:26:25 +0300] "GET /static/admin/fonts/Roboto-Regular-webfont.woff HTTP/1.1" 200 80304 "http://digital-human.ru/static/admin/css/fonts.css" "Mozilla/5.0 (Windows NT 6.1; WOW64; rv:56.0) Gecko/20100101 Firefox/56.0"
77.50.251.129 - - [18/Oct/2017:18:26:25 +0300] "GET /static/admin/fonts/Roboto-Light-webfont.woff HTTP/1.1" 200 81348 "http://digital-human.ru/static/admin/css/fonts.css" "Mozilla/5.0 (Windows NT 6.1; WOW64; rv:56.0) Gecko/20100101 Firefox/56.0"
77.50.251.129 - - [18/Oct/2017:18:26:25 +0300] "GET /static/admin/fonts/Roboto-Bold-webfont.woff HTTP/1.1" 200 82564 "http://digital-human.ru/static/admin/css/fonts.css" "Mozilla/5.0 (Windows NT 6.1; WOW64; rv:56.0) Gecko/20100101 Firefox/56.0"
77.50.251.129 - - [18/Oct/2017:18:27:01 +0300] "GET /admin/ HTTP/1.1" 200 1209 "-" "Mozilla/5.0 (Windows NT 6.1; WOW64; rv:56.0) Gecko/20100101 Firefox/56.0"
77.50.251.129 - - [18/Oct/2017:18:27:01 +0300] "GET /static/admin/css/base.css HTTP/1.1" 304 0 "http://digital-human.ru/admin/" "Mozilla/5.0 (Windows NT 6.1; WOW64; rv:56.0) Gecko/20100101 Firefox/56.0"
77.50.251.129 - - [18/Oct/2017:18:27:01 +0300] "GET /static/admin/css/dashboard.css HTTP/1.1" 304 0 "http://digital-human.ru/admin/" "Mozilla/5.0 (Windows NT 6.1; WOW64; rv:56.0) Gecko/20100101 Firefox/56.0"
77.50.251.129 - - [18/Oct/2017:18:27:01 +0300] "GET /static/admin/css/fonts.css HTTP/1.1" 304 0 "http://digital-human.ru/static/admin/css/base.css" "Mozilla/5.0 (Windows NT 6.1; WOW64; rv:56.0) Gecko/20100101 Firefox/56.0"
77.50.251.129 - - [18/Oct/2017:18:27:01 +0300] "GET /static/admin/img/icon-addlink.svg HTTP/1.1" 304 0 "http://digital-human.ru/static/admin/css/base.css" "Mozilla/5.0 (Windows NT 6.1; WOW64; rv:56.0) Gecko/20100101 Firefox/56.0"
77.50.251.129 - - [18/Oct/2017:18:27:01 +0300] "GET /static/admin/img/icon-changelink.svg HTTP/1.1" 304 0 "http://digital-human.ru/static/admin/css/base.css" "Mozilla/5.0 (Windows NT 6.1; WOW64; rv:56.0) Gecko/20100101 Firefox/56.0"
77.50.251.129 - - [18/Oct/2017:18:27:03 +0300] "GET /admin/ HTTP/1.1" 200 1209 "-" "Mozilla/5.0 (Windows NT 6.1; WOW64; rv:56.0) Gecko/20100101 Firefox/56.0"
77.50.251.129 - - [18/Oct/2017:18:27:03 +0300] "GET /static/admin/css/base.css HTTP/1.1" 304 0 "http://digital-human.ru/admin/" "Mozilla/5.0 (Windows NT 6.1; WOW64; rv:56.0) Gecko/20100101 Firefox/56.0"
77.50.251.129 - - [18/Oct/2017:18:27:03 +0300] "GET /static/admin/css/dashboard.css HTTP/1.1" 304 0 "http://digital-human.ru/admin/" "Mozilla/5.0 (Windows NT 6.1; WOW64; rv:56.0) Gecko/20100101 Firefox/56.0"
77.50.251.129 - - [18/Oct/2017:18:27:03 +0300] "GET /static/admin/css/fonts.css HTTP/1.1" 304 0 "http://digital-human.ru/static/admin/css/base.css" "Mozilla/5.0 (Windows NT 6.1; WOW64; rv:56.0) Gecko/20100101 Firefox/56.0"
77.50.251.129 - - [18/Oct/2017:18:27:03 +0300] "GET /static/admin/img/icon-addlink.svg HTTP/1.1" 304 0 "http://digital-human.ru/static/admin/css/base.css" "Mozilla/5.0 (Windows NT 6.1; WOW64; rv:56.0) Gecko/20100101 Firefox/56.0"
77.50.251.129 - - [18/Oct/2017:18:27:03 +0300] "GET /static/admin/img/icon-changelink.svg HTTP/1.1" 304 0 "http://digital-human.ru/static/admin/css/base.css" "Mozilla/5.0 (Windows NT 6.1; WOW64; rv:56.0) Gecko/20100101 Firefox/56.0"
77.50.251.129 - - [18/Oct/2017:18:27:14 +0300] "GET / HTTP/1.1" 200 552 "http://digital-human.ru/admin/" "Mozilla/5.0 (Windows NT 6.1; WOW64; rv:56.0) Gecko/20100101 Firefox/56.0"
77.50.251.129 - - [18/Oct/2017:18:27:15 +0300] "GET /static/blog/css/blog.css HTTP/1.1" 404 152 "http://digital-human.ru/" "Mozilla/5.0 (Windows NT 6.1; WOW64; rv:56.0) Gecko/20100101 Firefox/56.0"
77.50.251.129 - - [18/Oct/2017:18:27:15 +0300] "GET /static/my_app/example.jpg HTTP/1.1" 404 152 "http://digital-human.ru/" "Mozilla/5.0 (Windows NT 6.1; WOW64; rv:56.0) Gecko/20100101 Firefox/56.0"
77.50.251.129 - - [18/Oct/2017:18:32:48 +0300] "GET / HTTP/1.1" 200 552 "http://digital-human.ru/admin/" "Mozilla/5.0 (Windows NT 6.1; WOW64; rv:56.0) Gecko/20100101 Firefox/56.0"
77.50.251.129 - - [18/Oct/2017:18:32:48 +0300] "GET /static/my_app/example.jpg HTTP/1.1" 404 152 "http://digital-human.ru/" "Mozilla/5.0 (Windows NT 6.1; WOW64; rv:56.0) Gecko/20100101 Firefox/56.0"
77.50.251.129 - - [18/Oct/2017:18:32:48 +0300] "GET /static/blog/css/blog.css HTTP/1.1" 404 152 "http://digital-human.ru/" "Mozilla/5.0 (Windows NT 6.1; WOW64; rv:56.0) Gecko/20100101 Firefox/56.0"
77.50.251.129 - - [18/Oct/2017:18:32:50 +0300] "GET / HTTP/1.1" 200 552 "http://digital-human.ru/admin/" "Mozilla/5.0 (Windows NT 6.1; WOW64; rv:56.0) Gecko/20100101 Firefox/56.0"
77.50.251.129 - - [18/Oct/2017:18:32:50 +0300] "GET /static/blog/css/blog.css HTTP/1.1" 404 152 "http://digital-human.ru/" "Mozilla/5.0 (Windows NT 6.1; WOW64; rv:56.0) Gecko/20100101 Firefox/56.0"
77.50.251.129 - - [18/Oct/2017:18:32:50 +0300] "GET /static/my_app/example.jpg HTTP/1.1" 404 152 "http://digital-human.ru/" "Mozilla/5.0 (Windows NT 6.1; WOW64; rv:56.0) Gecko/20100101 Firefox/56.0"
77.50.251.129 - - [18/Oct/2017:18:32:56 +0300] "GET /admin/ HTTP/1.1" 200 1209 "-" "Mozilla/5.0 (Windows NT 6.1; WOW64; rv:56.0) Gecko/20100101 Firefox/56.0"
77.50.251.129 - - [18/Oct/2017:18:32:59 +0300] "GET /admin/ HTTP/1.1" 200 1209 "-" "Mozilla/5.0 (Windows NT 6.1; WOW64; rv:56.0) Gecko/20100101 Firefox/56.0"
77.50.251.129 - - [18/Oct/2017:18:32:59 +0300] "GET /static/admin/css/base.css HTTP/1.1" 304 0 "http://digital-human.ru/admin/" "Mozilla/5.0 (Windows NT 6.1; WOW64; rv:56.0) Gecko/20100101 Firefox/56.0"
77.50.251.129 - - [18/Oct/2017:18:32:59 +0300] "GET /static/admin/css/dashboard.css HTTP/1.1" 304 0 "http://digital-human.ru/admin/" "Mozilla/5.0 (Windows NT 6.1; WOW64; rv:56.0) Gecko/20100101 Firefox/56.0"
77.50.251.129 - - [18/Oct/2017:18:32:59 +0300] "GET /static/admin/css/fonts.css HTTP/1.1" 304 0 "http://digital-human.ru/static/admin/css/base.css" "Mozilla/5.0 (Windows NT 6.1; WOW64; rv:56.0) Gecko/20100101 Firefox/56.0"
77.50.251.129 - - [18/Oct/2017:18:32:59 +0300] "GET /static/admin/img/icon-addlink.svg HTTP/1.1" 304 0 "http://digital-human.ru/static/admin/css/base.css" "Mozilla/5.0 (Windows NT 6.1; WOW64; rv:56.0) Gecko/20100101 Firefox/56.0"
77.50.251.129 - - [18/Oct/2017:18:32:59 +0300] "GET /static/admin/img/icon-changelink.svg HTTP/1.1" 304 0 "http://digital-human.ru/static/admin/css/base.css" "Mozilla/5.0 (Windows NT 6.1; WOW64; rv:56.0) Gecko/20100101 Firefox/56.0"
139.162.119.197 - - [18/Oct/2017:18:48:45 +0300] "GET / HTTP/1.1" 404 580 "-" "Mozilla/5.0 (Windows NT 10.0; WOW64) AppleWebKit/537.36 (KHTML, like Gecko) Chrome/50.0.2661.102 Safari/537.36"
46.101.144.240 - - [18/Oct/2017:18:49:45 +0300] "GET /dumper.php HTTP/1.1" 404 580 "-" "Mozilla/5.0 (Windows NT 6.1; Win64; x64) AppleWebKit/537.36 (KHTML, like Gecko) Chrome/60.0.3112.113 Safari/537.36"
46.101.144.240 - - [18/Oct/2017:18:49:46 +0300] "GET /dumper/dumper.php HTTP/1.1" 404 580 "-" "Mozilla/5.0 (Windows NT 6.1; Win64; x64) AppleWebKit/537.36 (KHTML, like Gecko) Chrome/60.0.3112.113 Safari/537.36"
188.165.4.128 - - [18/Oct/2017:18:54:19 +0300] "GET /Rech/nedvizh/nedv.html HTTP/1.0" 404 580 "http://bi-grouplabs.ru/Rech/nedvizh/nedv.html" "Mozilla/5.0 (Windows NT 6.1; WOW64) AppleWebKit/537.36 (KHTML, like Gecko) Chrome/57.0.2987.133 Safari/537.36"
188.165.4.128 - - [18/Oct/2017:18:54:19 +0300] "GET / HTTP/1.0" 404 580 "http://bi-grouplabs.ru/" "Mozilla/5.0 (Windows NT 6.1; WOW64) AppleWebKit/537.36 (KHTML, like Gecko) Chrome/57.0.2987.133 Safari/537.36"
188.165.4.128 - - [18/Oct/2017:18:54:20 +0300] "GET / HTTP/1.0" 404 580 "http://bi-grouplabs.ru/" "Mozilla/5.0 (Windows NT 6.1; WOW64) AppleWebKit/537.36 (KHTML, like Gecko) Chrome/57.0.2987.133 Safari/537.36"
188.165.4.128 - - [18/Oct/2017:18:54:20 +0300] "GET / HTTP/1.0" 404 580 "http://forum.bi-grouplabs.ru/" "Mozilla/5.0 (Windows NT 6.1; WOW64) AppleWebKit/537.36 (KHTML, like Gecko) Chrome/57.0.2987.133 Safari/537.36"
163.172.179.129 - - [18/Oct/2017:18:56:43 +0300] "GET /id_rsa HTTP/1.1" 404 209 "-" "Mozilla/5.0 (Windows NT 10.0; Win64; x64) AppleWebKit/537.36 (KHTML, like Gecko) Chrome/56.0.2924.87 Safari/537.36"
163.172.179.129 - - [18/Oct/2017:18:56:43 +0300] "GET /.ssh/id_rsa HTTP/1.1" 404 209 "-" "Mozilla/5.0 (Windows NT 10.0; Win64; x64) AppleWebKit/537.36 (KHTML, like Gecko) Chrome/56.0.2924.87 Safari/537.36"
163.172.179.129 - - [18/Oct/2017:18:56:43 +0300] "GET /root/.ssh/id_rsa HTTP/1.1" 404 209 "-" "Mozilla/5.0 (Windows NT 10.0; Win64; x64) AppleWebKit/537.36 (KHTML, like Gecko) Chrome/56.0.2924.87 Safari/537.36"
163.172.179.129 - - [18/Oct/2017:18:56:44 +0300] "GET /id_dsa HTTP/1.1" 404 209 "-" "Mozilla/5.0 (Windows NT 10.0; Win64; x64) AppleWebKit/537.36 (KHTML, like Gecko) Chrome/56.0.2924.87 Safari/537.36"
163.172.179.129 - - [18/Oct/2017:18:56:44 +0300] "GET /.ssh/id_dsa HTTP/1.1" 404 209 "-" "Mozilla/5.0 (Windows NT 10.0; Win64; x64) AppleWebKit/537.36 (KHTML, like Gecko) Chrome/56.0.2924.87 Safari/537.36"
163.172.179.129 - - [18/Oct/2017:18:56:44 +0300] "GET /root/.ssh/id_dsa HTTP/1.1" 404 209 "-" "Mozilla/5.0 (Windows NT 10.0; Win64; x64) AppleWebKit/537.36 (KHTML, like Gecko) Chrome/56.0.2924.87 Safari/537.36"
67.23.230.251 - - [18/Oct/2017:18:57:40 +0300] "GET /wordpress/wp-login.php HTTP/1.1" 404 580 "-" "Mozilla/5.0 (Windows NT 6.1; Win64; x64) AppleWebKit/537.36 (KHTML, like Gecko) Chrome/61.0.3163.100 Safari/537.36"
67.23.230.251 - - [18/Oct/2017:19:01:09 +0300] "GET /news/wp-login.php HTTP/1.1" 404 580 "-" "Mozilla/5.0 (Windows NT 6.1; Win64; x64) AppleWebKit/537.36 (KHTML, like Gecko) Chrome/61.0.3163.100 Safari/537.36"
77.50.251.129 - - [18/Oct/2017:19:03:24 +0300] "GET / HTTP/1.1" 404 152 "http://digital-human.ru/admin/" "Mozilla/5.0 (Windows NT 6.1; WOW64; rv:56.0) Gecko/20100101 Firefox/56.0"
46.229.164.99 - - [18/Oct/2017:19:17:31 +0300] "GET /robots.txt HTTP/1.1" 404 152 "-" "Mozilla/5.0 (compatible; SemrushBot/1.2~bl; +http://www.semrush.com/bot.html)"
67.23.230.251 - - [18/Oct/2017:19:18:56 +0300] "GET /home/wp-login.php HTTP/1.1" 404 580 "-" "Mozilla/5.0 (Windows NT 6.1; Win64; x64) AppleWebKit/537.36 (KHTML, like Gecko) Chrome/61.0.3163.100 Safari/537.36"
178.154.224.71 - - [18/Oct/2017:19:33:44 +0300] "GET / HTTP/1.1" 404 152 "-" "Mozilla/5.0 (compatible; YandexMetrika/2.0; +http://yandex.com/bots mtmon01f.yandex.ru)"
207.46.13.63 - - [18/Oct/2017:19:38:09 +0300] "GET / HTTP/1.1" 404 152 "-" "Mozilla/5.0 (compatible; bingbot/2.0; +http://www.bing.com/bingbot.htm)"
77.50.251.129 - - [18/Oct/2017:19:48:49 +0300] "GET / HTTP/1.1" 200 552 "http://digital-human.ru/admin/" "Mozilla/5.0 (Windows NT 6.1; WOW64; rv:56.0) Gecko/20100101 Firefox/56.0"
77.50.251.129 - - [18/Oct/2017:19:48:49 +0300] "GET /static/my_app/example.jpg HTTP/1.1" 404 152 "http://digital-human.ru/" "Mozilla/5.0 (Windows NT 6.1; WOW64; rv:56.0) Gecko/20100101 Firefox/56.0"
77.50.251.129 - - [18/Oct/2017:19:48:49 +0300] "GET /static/blog/css/blog.css HTTP/1.1" 404 152 "http://digital-human.ru/" "Mozilla/5.0 (Windows NT 6.1; WOW64; rv:56.0) Gecko/20100101 Firefox/56.0"
77.50.251.129 - - [18/Oct/2017:19:48:53 +0300] "GET / HTTP/1.1" 200 552 "http://digital-human.ru/admin/" "Mozilla/5.0 (Windows NT 6.1; WOW64; rv:56.0) Gecko/20100101 Firefox/56.0"
77.50.251.129 - - [18/Oct/2017:19:48:53 +0300] "GET /static/blog/css/blog.css HTTP/1.1" 404 152 "http://digital-human.ru/" "Mozilla/5.0 (Windows NT 6.1; WOW64; rv:56.0) Gecko/20100101 Firefox/56.0"
77.50.251.129 - - [18/Oct/2017:19:48:53 +0300] "GET /static/my_app/example.jpg HTTP/1.1" 404 152 "http://digital-human.ru/" "Mozilla/5.0 (Windows NT 6.1; WOW64; rv:56.0) Gecko/20100101 Firefox/56.0"
163.172.255.19 - - [18/Oct/2017:19:55:32 +0300] "GET /administrator/components/com_jinc/classes/graphics/php-ofc-library/ofc_upload_image.php HTTP/1.1" 404 209 "http://high-tech.su/administrator/components/com_jinc/classes/graphics/php-ofc-library/ofc_upload_image.php" "Mozilla/5.0 (Windows NT 6.1; WOW64) AppleWebKit/537.36 (KHTML, like Gecko) Chrome/42.0.2311.152 Safari/537.36"
163.172.255.139 - - [18/Oct/2017:19:55:33 +0300] "GET /administrator/components/com_maian15/charts/php-ofc-library/ofc_upload_image.php HTTP/1.1" 404 209 "http://high-tech.su/administrator/components/com_maian15/charts/php-ofc-library/ofc_upload_image.php" "Mozilla/5.0 (Windows NT 6.1; WOW64) AppleWebKit/537.36 (KHTML, like Gecko) Chrome/42.0.2311.152 Safari/537.36"
77.50.251.129 - - [18/Oct/2017:19:58:00 +0300] "GET / HTTP/1.1" 200 552 "http://digital-human.ru/admin/" "Mozilla/5.0 (Windows NT 6.1; WOW64; rv:56.0) Gecko/20100101 Firefox/56.0"
77.50.251.129 - - [18/Oct/2017:19:58:00 +0300] "GET /static/my_app/example.jpg HTTP/1.1" 404 152 "http://digital-human.ru/" "Mozilla/5.0 (Windows NT 6.1; WOW64; rv:56.0) Gecko/20100101 Firefox/56.0"
77.50.251.129 - - [18/Oct/2017:19:58:00 +0300] "GET /static/blog/css/blog.css HTTP/1.1" 200 62 "http://digital-human.ru/" "Mozilla/5.0 (Windows NT 6.1; WOW64; rv:56.0) Gecko/20100101 Firefox/56.0"
46.229.168.50 - - [18/Oct/2017:20:10:44 +0300] "GET / HTTP/1.1" 404 178 "http://prlog.ru/analysis/bi-grouplabs.ru" "Mozilla/5.0 (compatible; Prlog/1.0; +http://prlog.ru/)"
46.229.168.50 - - [18/Oct/2017:20:10:45 +0300] "GET / HTTP/1.1" 404 178 "http://prlog.ru/analysis/bi-grouplabs.ru" "Mozilla/5.0 (compatible; Prlog/1.0; +http://prlog.ru/)"
37.9.118.28 - - [18/Oct/2017:20:11:22 +0300] "GET / HTTP/1.1" 404 152 "-" "Mozilla/5.0 (compatible; YandexMetrika/2.0; +http://yandex.com/bots mtmon01i.yandex.ru)"
37.9.113.163 - - [18/Oct/2017:20:23:33 +0300] "GET / HTTP/1.1" 404 152 "-" "Mozilla/5.0 (compatible; YandexMetrika/2.0; +http://yandex.com/bots yabs01)"
46.48.13.161 - - [18/Oct/2017:20:24:51 +0300] "GET / HTTP/1.1" 404 209 "http://high-tech.ssve.ru/#high-tech" "Mozilla/5.0 (Windows NT 10.0; Win64; x64) AppleWebKit/537.36 (KHTML, like Gecko) Chrome/61.0.3163.79 Safari/537.36"
207.46.13.30 - - [18/Oct/2017:20:30:57 +0300] "GET /Product/ HTTP/1.1" 404 152 "-" "Mozilla/5.0 (compatible; bingbot/2.0; +http://www.bing.com/bingbot.htm)"
37.73.157.211 - - [18/Oct/2017:21:03:24 +0300] "GET /Rech/Bookmakers/ HTTP/1.1" 404 152 "-" "Mozilla/5.0 (iPhone; CPU iPhone OS 11_0_2 like Mac OS X) AppleWebKit/604.1.38 (KHTML, like Gecko) Version/11.0 Mobile/15A421 Safari/604.1"
37.73.157.211 - - [18/Oct/2017:21:03:25 +0300] "GET /apple-touch-icon-120x120-precomposed.png HTTP/1.1" 404 152 "-" "MobileSafari/604.1 CFNetwork/887 Darwin/17.0.0"
37.73.157.211 - - [18/Oct/2017:21:03:26 +0300] "GET /apple-touch-icon-120x120.png HTTP/1.1" 404 152 "-" "MobileSafari/604.1 CFNetwork/887 Darwin/17.0.0"
37.73.157.211 - - [18/Oct/2017:21:03:27 +0300] "GET /apple-touch-icon-precomposed.png HTTP/1.1" 404 152 "-" "MobileSafari/604.1 CFNetwork/887 Darwin/17.0.0"
37.73.157.211 - - [18/Oct/2017:21:03:29 +0300] "GET /apple-touch-icon.png HTTP/1.1" 404 152 "-" "MobileSafari/604.1 CFNetwork/887 Darwin/17.0.0"
37.73.157.211 - - [18/Oct/2017:21:03:29 +0300] "GET /favicon.ico HTTP/1.1" 404 152 "-" "MobileSafari/604.1 CFNetwork/887 Darwin/17.0.0"
37.73.157.211 - - [18/Oct/2017:21:03:30 +0300] "GET /apple-touch-icon-120x120-precomposed.png HTTP/1.1" 404 152 "-" "MobileSafari/604.1 CFNetwork/887 Darwin/17.0.0"
37.73.157.211 - - [18/Oct/2017:21:03:30 +0300] "GET /apple-touch-icon-120x120.png HTTP/1.1" 404 152 "-" "MobileSafari/604.1 CFNetwork/887 Darwin/17.0.0"
37.73.157.211 - - [18/Oct/2017:21:03:30 +0300] "GET /apple-touch-icon-precomposed.png HTTP/1.1" 404 152 "-" "MobileSafari/604.1 CFNetwork/887 Darwin/17.0.0"
37.73.157.211 - - [18/Oct/2017:21:03:31 +0300] "GET /apple-touch-icon.png HTTP/1.1" 404 152 "-" "MobileSafari/604.1 CFNetwork/887 Darwin/17.0.0"
37.73.157.211 - - [18/Oct/2017:21:03:31 +0300] "GET /favicon.ico HTTP/1.1" 404 152 "-" "MobileSafari/604.1 CFNetwork/887 Darwin/17.0.0"
77.247.181.162 - - [18/Oct/2017:21:06:29 +0300] "GET /id_rsa HTTP/1.1" 404 209 "-" "Mozilla/5.0 (Windows NT 10.0; Win64; x64) AppleWebKit/537.36 (KHTML, like Gecko) Chrome/56.0.2924.87 Safari/537.36"
77.247.181.162 - - [18/Oct/2017:21:06:31 +0300] "GET /.ssh/id_rsa HTTP/1.1" 404 209 "-" "Mozilla/5.0 (Windows NT 10.0; Win64; x64) AppleWebKit/537.36 (KHTML, like Gecko) Chrome/56.0.2924.87 Safari/537.36"
77.247.181.162 - - [18/Oct/2017:21:06:32 +0300] "GET /root/.ssh/id_rsa HTTP/1.1" 404 209 "-" "Mozilla/5.0 (Windows NT 10.0; Win64; x64) AppleWebKit/537.36 (KHTML, like Gecko) Chrome/56.0.2924.87 Safari/537.36"
77.247.181.162 - - [18/Oct/2017:21:06:33 +0300] "GET /id_dsa HTTP/1.1" 404 209 "-" "Mozilla/5.0 (Windows NT 10.0; Win64; x64) AppleWebKit/537.36 (KHTML, like Gecko) Chrome/56.0.2924.87 Safari/537.36"
77.247.181.162 - - [18/Oct/2017:21:06:35 +0300] "GET /.ssh/id_dsa HTTP/1.1" 404 209 "-" "Mozilla/5.0 (Windows NT 10.0; Win64; x64) AppleWebKit/537.36 (KHTML, like Gecko) Chrome/56.0.2924.87 Safari/537.36"
77.247.181.162 - - [18/Oct/2017:21:06:35 +0300] "GET /root/.ssh/id_dsa HTTP/1.1" 404 209 "-" "Mozilla/5.0 (Windows NT 10.0; Win64; x64) AppleWebKit/537.36 (KHTML, like Gecko) Chrome/56.0.2924.87 Safari/537.36"
5.45.69.191 - - [18/Oct/2017:21:12:49 +0300] "GET /index.php?option=com_search HTTP/1.1" 404 209 "http://high-tech.su/index.php?option=com_search" "Mozilla/4.0 (compatible; MSIE 6.0; Windows NT 5.1; SV1)"
66.249.76.127 - - [18/Oct/2017:21:23:44 +0300] "GET /robots.txt HTTP/1.1" 404 152 "-" "Mozilla/5.0 (compatible; Googlebot/2.1; +http://www.google.com/bot.html)"
66.249.76.96 - - [18/Oct/2017:21:23:44 +0300] "GET /Rech/banks/Cred.html HTTP/1.1" 404 209 "-" "Mozilla/5.0 (Linux; Android 6.0.1; Nexus 5X Build/MMB29P) AppleWebKit/537.36 (KHTML, like Gecko) Chrome/41.0.2272.96 Mobile Safari/537.36 (compatible; Googlebot/2.1; +http://www.google.com/bot.html)"
95.108.129.196 - - [18/Oct/2017:21:27:07 +0300] "GET / HTTP/1.1" 404 152 "-" "Mozilla/5.0 (compatible; YandexMetrika/2.0; +http://yandex.com/bots mtmon01e.yandex.ru)"
151.80.203.181 - - [18/Oct/2017:21:46:31 +0300] "GET / HTTP/1.0" 404 580 "http://www.bi-grouplabs.ru/" "Mozilla/5.0 (Windows NT 6.1; Win64; x64) AppleWebKit/537.36 (KHTML, like Gecko) Chrome/58.0.3029.81 Safari/537.36"
151.80.203.181 - - [18/Oct/2017:21:46:31 +0300] "GET / HTTP/1.0" 404 580 "http://www.bi-grouplabs.ru/" "Mozilla/5.0 (Windows NT 6.1; Win64; x64) AppleWebKit/537.36 (KHTML, like Gecko) Chrome/58.0.3029.81 Safari/537.36"
151.80.203.181 - - [18/Oct/2017:21:46:31 +0300] "GET / HTTP/1.0" 404 580 "http://forum.bi-grouplabs.ru/" "Mozilla/5.0 (Windows NT 6.1; Win64; x64) AppleWebKit/537.36 (KHTML, like Gecko) Chrome/58.0.3029.81 Safari/537.36"
37.143.15.220 - - [18/Oct/2017:21:56:06 +0300] "GET / HTTP/1.1" 404 178 "-" "Mozilla/5.0 (Windows NT 6.2; WOW64; rv:17.0) Gecko/20100101 Firefox/17.0"
95.108.129.196 - - [18/Oct/2017:22:00:20 +0300] "GET / HTTP/1.1" 404 152 "-" "Mozilla/5.0 (compatible; YandexMetrika/2.0; +http://yandex.com/bots mtmon01e.yandex.ru)"
67.23.230.251 - - [18/Oct/2017:22:11:37 +0300] "GET /home/wp-login.php HTTP/1.1" 404 580 "-" "Mozilla/5.0 (Windows NT 6.1; Win64; x64) AppleWebKit/537.36 (KHTML, like Gecko) Chrome/61.0.3163.100 Safari/537.36"
163.172.255.139 - - [18/Oct/2017:22:19:57 +0300] "GET /administrator/components/com_maian15/charts/php-ofc-library/ofc_upload_image.php HTTP/1.1" 404 209 "http://ai-forecasts.com/administrator/components/com_maian15/charts/php-ofc-library/ofc_upload_image.php" "Mozilla/5.0 (Windows NT 6.1; WOW64) AppleWebKit/537.36 (KHTML, like Gecko) Chrome/42.0.2311.152 Safari/537.36"
163.172.255.19 - - [18/Oct/2017:22:19:58 +0300] "GET /administrator/components/com_jinc/classes/graphics/php-ofc-library/ofc_upload_image.php HTTP/1.1" 404 209 "http://ai-forecasts.com/administrator/components/com_jinc/classes/graphics/php-ofc-library/ofc_upload_image.php" "Mozilla/5.0 (Windows NT 6.1; WOW64) AppleWebKit/537.36 (KHTML, like Gecko) Chrome/42.0.2311.152 Safari/537.36"
67.23.230.251 - - [18/Oct/2017:22:23:01 +0300] "GET /blogs/wp-login.php HTTP/1.1" 404 580 "-" "Mozilla/5.0 (Windows NT 6.1; Win64; x64) AppleWebKit/537.36 (KHTML, like Gecko) Chrome/61.0.3163.100 Safari/537.36"
212.56.214.199 - - [18/Oct/2017:22:28:17 +0300] "GET /forum/topic?id=9++++++++++++++++++++++++++++++Result:+chosen+nickname+%22MatSlallancep%22;+registered+%28registering+only+mode+is+ON%29; HTTP/1.0" 404 580 "http://high-tech.su/forum/topic?id=9++++++++++++++++++++++++++++++Result:+chosen+nickname+%22MatSlallancep%22;+registered+%28registering+only+mode+is+ON%29;" "Mozilla/4.0 (compatible; MSIE 6.0; Windows 98; Win 9x 4.90; Creative)"
212.56.214.199 - - [18/Oct/2017:22:28:17 +0300] "GET / HTTP/1.0" 404 580 "http://high-tech.su/" "Mozilla/4.0 (compatible; MSIE 6.0; Windows 98; Win 9x 4.90; Creative)"
212.56.214.199 - - [18/Oct/2017:22:28:17 +0300] "GET / HTTP/1.0" 404 580 "http://forum.high-tech.su/" "Mozilla/4.0 (compatible; MSIE 6.0; Windows 98; Win 9x 4.90; Creative)"
178.154.224.71 - - [18/Oct/2017:22:29:39 +0300] "GET / HTTP/1.1" 404 152 "-" "Mozilla/5.0 (compatible; YandexMetrika/2.0; +http://yandex.com/bots mtmon01f.yandex.ru)"
185.165.29.84 - - [18/Oct/2017:22:36:52 +0300] "GET //pma/scripts/setup.php HTTP/1.1" 404 152 "-" "-"
185.165.29.84 - - [18/Oct/2017:22:36:52 +0300] "GET //MyAdmin/scripts/setup.php HTTP/1.1" 404 152 "-" "-"
185.165.29.84 - - [18/Oct/2017:22:36:52 +0300] "GET /muieblackcat HTTP/1.1" 404 152 "-" "-"
185.165.29.84 - - [18/Oct/2017:22:36:52 +0300] "GET //phpMyAdmin/scripts/setup.php HTTP/1.1" 404 152 "-" "-"
185.165.29.84 - - [18/Oct/2017:22:36:52 +0300] "GET //phpmyadmin/scripts/setup.php HTTP/1.1" 404 152 "-" "-"
185.165.29.84 - - [18/Oct/2017:22:36:52 +0300] "GET //myadmin/scripts/setup.php HTTP/1.1" 404 152 "-" "-"
67.23.230.251 - - [18/Oct/2017:22:38:41 +0300] "GET /web/wp-login.php HTTP/1.1" 404 580 "-" "Mozilla/5.0 (Windows NT 6.1; Win64; x64) AppleWebKit/537.36 (KHTML, like Gecko) Chrome/61.0.3163.100 Safari/537.36"
178.154.224.71 - - [18/Oct/2017:22:42:10 +0300] "GET / HTTP/1.1" 404 152 "-" "Mozilla/5.0 (compatible; YandexMetrika/2.0; +http://yandex.com/bots mtmon01f.yandex.ru)"
37.73.157.211 - - [18/Oct/2017:22:46:52 +0300] "GET /Rech/Bookmakers/ HTTP/1.1" 404 152 "-" "Mozilla/5.0 (iPhone; CPU iPhone OS 11_0_2 like Mac OS X) AppleWebKit/604.1.38 (KHTML, like Gecko) Version/11.0 Mobile/15A421 Safari/604.1"
37.73.157.211 - - [18/Oct/2017:22:46:53 +0300] "GET /apple-touch-icon-120x120-precomposed.png HTTP/1.1" 404 152 "-" "MobileSafari/604.1 CFNetwork/887 Darwin/17.0.0"
37.73.157.211 - - [18/Oct/2017:22:46:55 +0300] "GET /apple-touch-icon-120x120.png HTTP/1.1" 404 152 "-" "MobileSafari/604.1 CFNetwork/887 Darwin/17.0.0"
37.73.157.211 - - [18/Oct/2017:22:46:55 +0300] "GET /apple-touch-icon-precomposed.png HTTP/1.1" 404 152 "-" "MobileSafari/604.1 CFNetwork/887 Darwin/17.0.0"
37.73.157.211 - - [18/Oct/2017:22:46:57 +0300] "GET /apple-touch-icon.png HTTP/1.1" 404 152 "-" "MobileSafari/604.1 CFNetwork/887 Darwin/17.0.0"
37.73.157.211 - - [18/Oct/2017:22:46:58 +0300] "GET /favicon.ico HTTP/1.1" 404 152 "-" "MobileSafari/604.1 CFNetwork/887 Darwin/17.0.0"
37.73.157.211 - - [18/Oct/2017:22:47:00 +0300] "GET /apple-touch-icon-120x120-precomposed.png HTTP/1.1" 404 152 "-" "MobileSafari/604.1 CFNetwork/887 Darwin/17.0.0"
37.73.157.211 - - [18/Oct/2017:22:47:01 +0300] "GET /apple-touch-icon-120x120.png HTTP/1.1" 404 152 "-" "MobileSafari/604.1 CFNetwork/887 Darwin/17.0.0"
37.73.157.211 - - [18/Oct/2017:22:47:02 +0300] "GET /apple-touch-icon-precomposed.png HTTP/1.1" 404 152 "-" "MobileSafari/604.1 CFNetwork/887 Darwin/17.0.0"
37.73.157.211 - - [18/Oct/2017:22:47:03 +0300] "GET /apple-touch-icon.png HTTP/1.1" 404 152 "-" "MobileSafari/604.1 CFNetwork/887 Darwin/17.0.0"
37.73.157.211 - - [18/Oct/2017:22:47:03 +0300] "GET /favicon.ico HTTP/1.1" 404 152 "-" "MobileSafari/604.1 CFNetwork/887 Darwin/17.0.0"
95.108.129.196 - - [18/Oct/2017:23:11:56 +0300] "GET / HTTP/1.1" 404 152 "-" "Mozilla/5.0 (compatible; YandexMetrika/2.0; +http://yandex.com/bots mtmon01e.yandex.ru)"
37.77.51.235 - - [18/Oct/2017:23:15:48 +0300] "GET / HTTP/1.1" 404 178 "-" "curl/7.17.1 (mips-unknown-linux-gnu) libcurl/7.17.1 OpenSSL/0.9.8i zlib/1.2.3"
66.231.236.194 - - [18/Oct/2017:23:21:27 +0300] "HEAD / HTTP/1.0" 404 0 "-" "-"
37.9.118.28 - - [18/Oct/2017:23:43:53 +0300] "GET / HTTP/1.1" 404 152 "-" "Mozilla/5.0 (compatible; YandexMetrika/2.0; +http://yandex.com/bots mtmon01i.yandex.ru)"
162.216.185.164 - - [19/Oct/2017:00:09:04 +0300] "GET / HTTP/1.1" 404 178 "-" "curl/7.17.1 (mips-unknown-linux-gnu) libcurl/7.17.1 OpenSSL/0.9.8i zlib/1.2.3"
157.55.39.133 - - [19/Oct/2017:00:11:02 +0300] "GET /robots.txt HTTP/1.1" 404 152 "-" "Mozilla/5.0 (compatible; bingbot/2.0; +http://www.bing.com/bingbot.htm)"
157.55.39.155 - - [19/Oct/2017:00:11:16 +0300] "GET / HTTP/1.1" 404 152 "-" "Mozilla/5.0 (compatible; bingbot/2.0; +http://www.bing.com/bingbot.htm)"
141.8.142.46 - - [19/Oct/2017:00:12:01 +0300] "GET / HTTP/1.1" 404 152 "-" "Mozilla/5.0 (compatible; YandexMetrika/2.0; +http://yandex.com/bots yabs01)"
109.172.55.19 - - [19/Oct/2017:00:20:07 +0300] "GET /ResourceHead/management/manager.jpg HTTP/1.1" 404 209 "http://twlwsvnt.appspot.com/prinyatie-resheniy-shema.html" "Mozilla/4.0 (compatible; MSIE 8.0; Windows NT 6.0; Trident/4.0; SLCC1; .NET CLR 2.0.50727; Media Center PC 5.0; InfoPath.2; .NET CLR 3.5.30729; .NET CLR 3.0.30618; .NET4.0C)"
37.9.118.28 - - [19/Oct/2017:00:26:33 +0300] "GET / HTTP/1.1" 404 152 "-" "Mozilla/5.0 (compatible; YandexMetrika/2.0; +http://yandex.com/bots mtmon01i.yandex.ru)"
164.132.161.30 - - [19/Oct/2017:00:39:39 +0300] "GET /school.html HTTP/1.1" 404 152 "-" "Mozilla/5.0 (compatible; AhrefsBot/5.2; +http://ahrefs.com/robot/)"
164.52.0.141 - - [19/Oct/2017:00:47:16 +0300] "\x16\x03\x01\x01\x22\x01\x00\x01\x1E\x03\x03(\x85\x8B\x89\x11\x87^\x1D\x9B\x88\xBD\x86\x8CE\xD2\xA6\xD1\xFB\x8C\xE2c\x04L\x9Bo8\x97\x8Eou\x8CS\x00\x00\x88\xC00\xC0,\xC0(\xC0$\xC0\x14\xC0" 400 182 "-" "-"
