77.50.251.129 - - [16/Oct/2017:20:31:03 +0300] "GET / HTTP/1.1" 404 152 "-" "Mozilla/5.0 (Windows NT 6.1; WOW64; rv:56.0) Gecko/20100101 Firefox/56.0"
77.50.251.129 - - [16/Oct/2017:20:31:06 +0300] "GET / HTTP/1.1" 404 152 "-" "Mozilla/5.0 (Windows NT 6.1; WOW64; rv:56.0) Gecko/20100101 Firefox/56.0"
77.50.251.129 - - [16/Oct/2017:20:33:14 +0300] "GET / HTTP/1.1" 404 152 "-" "Mozilla/5.0 (Windows NT 6.1; WOW64; rv:56.0) Gecko/20100101 Firefox/56.0"
77.50.251.129 - - [16/Oct/2017:20:33:16 +0300] "GET / HTTP/1.1" 404 152 "-" "Mozilla/5.0 (Windows NT 6.1; WOW64; rv:56.0) Gecko/20100101 Firefox/56.0"
77.50.251.129 - - [16/Oct/2017:20:33:28 +0300] "GET / HTTP/1.1" 404 152 "-" "Mozilla/5.0 (Windows NT 6.1; WOW64; rv:56.0) Gecko/20100101 Firefox/56.0"
77.50.251.129 - - [16/Oct/2017:20:33:30 +0300] "GET / HTTP/1.1" 404 152 "-" "Mozilla/5.0 (Windows NT 6.1; WOW64; rv:56.0) Gecko/20100101 Firefox/56.0"
77.50.251.129 - - [16/Oct/2017:20:33:31 +0300] "GET / HTTP/1.1" 404 152 "-" "Mozilla/5.0 (Windows NT 6.1; WOW64; rv:56.0) Gecko/20100101 Firefox/56.0"
77.50.251.129 - - [16/Oct/2017:20:34:23 +0300] "GET / HTTP/1.1" 404 152 "-" "Mozilla/5.0 (Windows NT 6.1; WOW64; rv:56.0) Gecko/20100101 Firefox/56.0"
77.50.251.129 - - [16/Oct/2017:20:34:25 +0300] "GET / HTTP/1.1" 404 152 "-" "Mozilla/5.0 (Windows NT 6.1; WOW64; rv:56.0) Gecko/20100101 Firefox/56.0"
77.50.251.129 - - [16/Oct/2017:20:34:26 +0300] "GET / HTTP/1.1" 404 152 "-" "Mozilla/5.0 (Windows NT 6.1; WOW64; rv:56.0) Gecko/20100101 Firefox/56.0"
77.50.251.129 - - [16/Oct/2017:20:34:52 +0300] "GET / HTTP/1.1" 404 152 "-" "Mozilla/5.0 (Windows NT 6.1; WOW64; rv:56.0) Gecko/20100101 Firefox/56.0"
77.50.251.129 - - [16/Oct/2017:20:34:54 +0300] "GET / HTTP/1.1" 404 152 "-" "Mozilla/5.0 (Windows NT 6.1; WOW64; rv:56.0) Gecko/20100101 Firefox/56.0"
77.50.251.129 - - [16/Oct/2017:20:35:01 +0300] "GET / HTTP/1.1" 404 152 "-" "Mozilla/5.0 (Windows NT 6.1; WOW64; rv:56.0) Gecko/20100101 Firefox/56.0"
77.50.251.129 - - [16/Oct/2017:20:35:02 +0300] "GET / HTTP/1.1" 404 152 "-" "Mozilla/5.0 (Windows NT 6.1; WOW64; rv:56.0) Gecko/20100101 Firefox/56.0"
77.50.251.129 - - [16/Oct/2017:20:35:03 +0300] "GET / HTTP/1.1" 404 152 "-" "Mozilla/5.0 (Windows NT 6.1; WOW64; rv:56.0) Gecko/20100101 Firefox/56.0"
77.50.251.129 - - [16/Oct/2017:20:35:04 +0300] "GET / HTTP/1.1" 404 152 "-" "Mozilla/5.0 (Windows NT 6.1; WOW64; rv:56.0) Gecko/20100101 Firefox/56.0"
77.50.251.129 - - [16/Oct/2017:20:35:05 +0300] "GET / HTTP/1.1" 404 152 "-" "Mozilla/5.0 (Windows NT 6.1; WOW64; rv:56.0) Gecko/20100101 Firefox/56.0"
178.154.224.71 - - [16/Oct/2017:20:35:50 +0300] "GET / HTTP/1.1" 404 152 "-" "Mozilla/5.0 (compatible; YandexMetrika/2.0; +http://yandex.com/bots mtmon01f.yandex.ru)"
178.154.224.71 - - [16/Oct/2017:20:36:01 +0300] "GET / HTTP/1.1" 404 152 "-" "Mozilla/5.0 (compatible; YandexMetrika/2.0; +http://yandex.com/bots mtmon01f.yandex.ru)"
77.50.251.129 - - [16/Oct/2017:20:39:58 +0300] "GET / HTTP/1.1" 404 152 "-" "Mozilla/5.0 (Windows NT 6.1; WOW64; rv:56.0) Gecko/20100101 Firefox/56.0"
77.50.251.129 - - [16/Oct/2017:20:39:59 +0300] "GET / HTTP/1.1" 404 152 "-" "Mozilla/5.0 (Windows NT 6.1; WOW64; rv:56.0) Gecko/20100101 Firefox/56.0"
77.50.251.129 - - [16/Oct/2017:20:40:00 +0300] "GET / HTTP/1.1" 404 152 "-" "Mozilla/5.0 (Windows NT 6.1; WOW64; rv:56.0) Gecko/20100101 Firefox/56.0"
178.76.223.84 - - [16/Oct/2017:20:40:13 +0300] "GET /wp-login.php HTTP/1.1" 404 580 "-" "Mozilla/5.0 (Windows NT 6.1; WOW64) AppleWebKit/537.36 (KHTML, like Gecko) Chrome/36.0.1985.125 Safari/537.36"
178.76.223.84 - - [16/Oct/2017:20:40:14 +0300] "GET /administrator/index.php HTTP/1.1" 404 580 "-" "Mozilla/5.0 (Windows NT 6.1; WOW64) AppleWebKit/537.36 (KHTML, like Gecko) Chrome/36.0.1985.125 Safari/537.36"
178.76.223.84 - - [16/Oct/2017:20:40:14 +0300] "GET /admin.php HTTP/1.1" 404 580 "-" "Mozilla/5.0 (Windows NT 6.1; WOW64) AppleWebKit/537.36 (KHTML, like Gecko) Chrome/36.0.1985.125 Safari/537.36"
77.50.251.129 - - [16/Oct/2017:20:40:49 +0300] "GET / HTTP/1.1" 404 152 "-" "Mozilla/5.0 (Windows NT 6.1; WOW64; rv:56.0) Gecko/20100101 Firefox/56.0"
77.50.251.129 - - [16/Oct/2017:20:40:50 +0300] "GET / HTTP/1.1" 404 152 "-" "Mozilla/5.0 (Windows NT 6.1; WOW64; rv:56.0) Gecko/20100101 Firefox/56.0"
77.50.251.129 - - [16/Oct/2017:20:40:51 +0300] "GET / HTTP/1.1" 404 152 "-" "Mozilla/5.0 (Windows NT 6.1; WOW64; rv:56.0) Gecko/20100101 Firefox/56.0"
77.50.251.129 - - [16/Oct/2017:20:40:52 +0300] "GET / HTTP/1.1" 404 152 "-" "Mozilla/5.0 (Windows NT 6.1; WOW64; rv:56.0) Gecko/20100101 Firefox/56.0"
66.249.64.95 - - [16/Oct/2017:20:41:49 +0300] "GET /robots.txt HTTP/1.1" 404 152 "-" "Mozilla/5.0 (compatible; Googlebot/2.1; +http://www.google.com/bot.html)"
66.249.64.65 - - [16/Oct/2017:20:41:49 +0300] "GET /ResourceHead/Deductor/analiticBI/ HTTP/1.1" 404 152 "-" "Mozilla/5.0 (compatible; Googlebot/2.1; +http://www.google.com/bot.html)"
77.50.251.129 - - [16/Oct/2017:20:42:05 +0300] "GET / HTTP/1.1" 404 152 "-" "Mozilla/5.0 (Windows NT 6.1; WOW64; rv:56.0) Gecko/20100101 Firefox/56.0"
77.50.251.129 - - [16/Oct/2017:20:42:07 +0300] "GET / HTTP/1.1" 404 152 "-" "Mozilla/5.0 (Windows NT 6.1; WOW64; rv:56.0) Gecko/20100101 Firefox/56.0"
77.50.251.129 - - [16/Oct/2017:20:42:31 +0300] "GET / HTTP/1.1" 404 152 "-" "Mozilla/5.0 (Windows NT 6.1; WOW64; rv:56.0) Gecko/20100101 Firefox/56.0"
77.50.251.129 - - [16/Oct/2017:20:42:32 +0300] "GET / HTTP/1.1" 404 152 "-" "Mozilla/5.0 (Windows NT 6.1; WOW64; rv:56.0) Gecko/20100101 Firefox/56.0"
77.50.251.129 - - [16/Oct/2017:20:42:32 +0300] "GET / HTTP/1.1" 404 152 "-" "Mozilla/5.0 (Windows NT 6.1; WOW64; rv:56.0) Gecko/20100101 Firefox/56.0"
77.50.251.129 - - [16/Oct/2017:20:42:33 +0300] "GET / HTTP/1.1" 404 152 "-" "Mozilla/5.0 (Windows NT 6.1; WOW64; rv:56.0) Gecko/20100101 Firefox/56.0"
77.50.251.129 - - [16/Oct/2017:20:44:48 +0300] "GET / HTTP/1.1" 404 152 "-" "Mozilla/5.0 (Windows NT 6.1; WOW64; rv:56.0) Gecko/20100101 Firefox/56.0"
77.50.251.129 - - [16/Oct/2017:20:44:58 +0300] "GET / HTTP/1.1" 404 152 "-" "Mozilla/5.0 (Windows NT 6.1; WOW64; rv:56.0) Gecko/20100101 Firefox/56.0"
77.50.251.129 - - [16/Oct/2017:20:44:58 +0300] "GET /favicon.ico HTTP/1.1" 404 152 "-" "Mozilla/5.0 (Windows NT 6.1; WOW64; rv:56.0) Gecko/20100101 Firefox/56.0"
77.50.251.129 - - [16/Oct/2017:20:45:01 +0300] "GET / HTTP/1.1" 404 152 "-" "Mozilla/5.0 (Windows NT 6.1; WOW64; rv:56.0) Gecko/20100101 Firefox/56.0"
77.50.251.129 - - [16/Oct/2017:20:45:03 +0300] "GET / HTTP/1.1" 404 152 "-" "Mozilla/5.0 (Windows NT 6.1; WOW64; rv:56.0) Gecko/20100101 Firefox/56.0"
77.50.251.129 - - [16/Oct/2017:20:45:11 +0300] "GET / HTTP/1.1" 404 152 "-" "Mozilla/5.0 (Windows NT 6.1; WOW64; rv:56.0) Gecko/20100101 Firefox/56.0"
77.50.251.129 - - [16/Oct/2017:20:46:14 +0300] "GET / HTTP/1.1" 404 152 "-" "Mozilla/5.0 (Windows NT 6.1; WOW64; rv:56.0) Gecko/20100101 Firefox/56.0"
77.50.251.129 - - [16/Oct/2017:20:46:15 +0300] "GET / HTTP/1.1" 404 152 "-" "Mozilla/5.0 (Windows NT 6.1; WOW64; rv:56.0) Gecko/20100101 Firefox/56.0"
83.217.8.67 - - [16/Oct/2017:20:46:37 +0300] "GET /wp-login.php HTTP/1.1" 404 580 "-" "Mozilla/5.0 (Windows NT 6.1; WOW64) AppleWebKit/537.36 (KHTML, like Gecko) Chrome/36.0.1985.125 Safari/537.36"
83.217.8.67 - - [16/Oct/2017:20:46:38 +0300] "GET /administrator/index.php HTTP/1.1" 404 580 "-" "Mozilla/5.0 (Windows NT 6.1; WOW64) AppleWebKit/537.36 (KHTML, like Gecko) Chrome/36.0.1985.125 Safari/537.36"
83.217.8.67 - - [16/Oct/2017:20:46:38 +0300] "GET /admin.php HTTP/1.1" 404 580 "-" "Mozilla/5.0 (Windows NT 6.1; WOW64) AppleWebKit/537.36 (KHTML, like Gecko) Chrome/36.0.1985.125 Safari/537.36"
77.50.251.129 - - [16/Oct/2017:20:47:23 +0300] "GET / HTTP/1.1" 404 152 "-" "Mozilla/5.0 (Windows NT 6.1; WOW64; rv:56.0) Gecko/20100101 Firefox/56.0"
77.50.251.129 - - [16/Oct/2017:20:47:24 +0300] "GET / HTTP/1.1" 404 152 "-" "Mozilla/5.0 (Windows NT 6.1; WOW64; rv:56.0) Gecko/20100101 Firefox/56.0"
77.50.251.129 - - [16/Oct/2017:20:47:24 +0300] "GET / HTTP/1.1" 404 152 "-" "Mozilla/5.0 (Windows NT 6.1; WOW64; rv:56.0) Gecko/20100101 Firefox/56.0"
77.50.251.129 - - [16/Oct/2017:20:47:25 +0300] "GET / HTTP/1.1" 404 152 "-" "Mozilla/5.0 (Windows NT 6.1; WOW64; rv:56.0) Gecko/20100101 Firefox/56.0"
77.50.251.129 - - [16/Oct/2017:20:47:26 +0300] "GET / HTTP/1.1" 404 152 "-" "Mozilla/5.0 (Windows NT 6.1; WOW64; rv:56.0) Gecko/20100101 Firefox/56.0"
178.154.224.71 - - [16/Oct/2017:20:48:20 +0300] "GET / HTTP/1.1" 404 152 "-" "Mozilla/5.0 (compatible; YandexMetrika/2.0; +http://yandex.com/bots mtmon01f.yandex.ru)"
178.154.224.71 - - [16/Oct/2017:20:48:31 +0300] "GET / HTTP/1.1" 404 152 "-" "Mozilla/5.0 (compatible; YandexMetrika/2.0; +http://yandex.com/bots mtmon01f.yandex.ru)"
95.108.129.196 - - [16/Oct/2017:20:51:36 +0300] "GET / HTTP/1.1" 404 152 "-" "Mozilla/5.0 (compatible; YandexMetrika/2.0; +http://yandex.com/bots mtmon01e.yandex.ru)"
95.108.129.196 - - [16/Oct/2017:20:51:59 +0300] "GET / HTTP/1.1" 404 152 "-" "Mozilla/5.0 (compatible; YandexMetrika/2.0; +http://yandex.com/bots mtmon01e.yandex.ru)"
191.243.209.78 - - [16/Oct/2017:20:53:26 +0300] "GET / HTTP/1.1" 404 178 "-" "curl/7.17.1 (mips-unknown-linux-gnu) libcurl/7.17.1 OpenSSL/0.9.8i zlib/1.2.3"
207.46.13.116 - - [16/Oct/2017:21:10:43 +0300] "GET / HTTP/1.1" 404 152 "-" "Mozilla/5.0 (compatible; bingbot/2.0; +http://www.bing.com/bingbot.htm)"
94.180.212.231 - - [16/Oct/2017:21:24:24 +0300] "GET / HTTP/1.1" 404 178 "-" "Opera/9.80 (Windows NT 6.1; U; ru) Presto/2.8.131 Version/11.10"
164.163.67.238 - - [16/Oct/2017:22:07:33 +0300] "GET / HTTP/1.1" 404 178 "-" "curl/7.17.1 (mips-unknown-linux-gnu) libcurl/7.17.1 OpenSSL/0.9.8i zlib/1.2.3"
109.169.183.108 - - [16/Oct/2017:22:08:45 +0300] "GET / HTTP/1.1" 404 152 "-" "Mozilla/5.0 (Windows NT 10.0; WOW64; rv:45.0) Gecko/20100101 Firefox/45.0"
89.248.167.131 - - [16/Oct/2017:22:18:51 +0300] "GET / HTTP/1.1" 404 580 "-" "Mozilla/5.0 (Windows NT 6.1) AppleWebKit/537.36 (KHTML, like Gecko) Chrome/41.0.2228.0 Safari/537.36"
89.248.167.131 - - [16/Oct/2017:22:18:52 +0300] "GET /robots.txt HTTP/1.1" 404 178 "-" "-"
89.248.167.131 - - [16/Oct/2017:22:18:54 +0300] "GET /sitemap.xml HTTP/1.1" 404 178 "-" "-"
89.248.167.131 - - [16/Oct/2017:22:18:57 +0300] "GET /favicon.ico HTTP/1.1" 404 152 "-" "python-requests/2.10.0"
67.23.230.251 - - [16/Oct/2017:22:20:35 +0300] "GET /test/wp-login.php HTTP/1.1" 404 580 "-" "Mozilla/5.0 (Windows NT 6.1; Win64; x64) AppleWebKit/537.36 (KHTML, like Gecko) Chrome/61.0.3163.100 Safari/537.36"
67.23.230.251 - - [16/Oct/2017:22:25:30 +0300] "GET /wordpress/wp-login.php HTTP/1.1" 404 580 "-" "Mozilla/5.0 (Windows NT 6.1; Win64; x64) AppleWebKit/537.36 (KHTML, like Gecko) Chrome/61.0.3163.100 Safari/537.36"
195.238.108.89 - - [16/Oct/2017:22:30:42 +0300] "GET /component/user/remind.html HTTP/1.0" 404 580 "http://high-tech.su/component/user/remind.html" "Mozilla/5.0 (Windows NT 6.1; Win64; x64) AppleWebKit/537.36 (KHTML, like Gecko) Chrome/56.0.2924.87 Safari/537.36 OPR/43.0.2442.1144"
195.238.108.89 - - [16/Oct/2017:22:30:42 +0300] "GET / HTTP/1.0" 404 580 "http://high-tech.su/" "Mozilla/5.0 (Windows NT 6.1; Win64; x64) AppleWebKit/537.36 (KHTML, like Gecko) Chrome/56.0.2924.87 Safari/537.36 OPR/43.0.2442.1144"
195.238.108.89 - - [16/Oct/2017:22:30:42 +0300] "GET / HTTP/1.0" 404 580 "http://high-tech.su/" "Mozilla/5.0 (Windows NT 6.1; Win64; x64) AppleWebKit/537.36 (KHTML, like Gecko) Chrome/56.0.2924.87 Safari/537.36 OPR/43.0.2442.1144"
195.238.108.89 - - [16/Oct/2017:22:30:42 +0300] "GET / HTTP/1.0" 404 580 "http://forum.high-tech.su/" "Mozilla/5.0 (Windows NT 6.1; Win64; x64) AppleWebKit/537.36 (KHTML, like Gecko) Chrome/56.0.2924.87 Safari/537.36 OPR/43.0.2442.1144"
46.229.164.102 - - [16/Oct/2017:22:31:32 +0300] "GET /robots.txt HTTP/1.1" 404 152 "-" "Mozilla/5.0 (compatible; SemrushBot/1.2~bl; +http://www.semrush.com/bot.html)"
185.110.132.239 - - [16/Oct/2017:22:40:23 +0300] "GET / HTTP/1.1" 404 178 "-" "Scanbot"
195.238.108.89 - - [16/Oct/2017:22:41:09 +0300] "GET /index.php/component/user/login HTTP/1.0" 404 580 "http://www.bi-grouplabs.ru/index.php/component/user/login" "Mozilla/5.0 (Windows NT 6.1) AppleWebKit/537.36 (KHTML, like Gecko) Chrome/57.0.2987.133 Safari/537.36"
195.238.108.89 - - [16/Oct/2017:22:41:09 +0300] "GET / HTTP/1.0" 404 580 "http://www.bi-grouplabs.ru/" "Mozilla/5.0 (Windows NT 6.1) AppleWebKit/537.36 (KHTML, like Gecko) Chrome/57.0.2987.133 Safari/537.36"
195.238.108.89 - - [16/Oct/2017:22:41:09 +0300] "GET / HTTP/1.0" 404 580 "http://www.bi-grouplabs.ru/" "Mozilla/5.0 (Windows NT 6.1) AppleWebKit/537.36 (KHTML, like Gecko) Chrome/57.0.2987.133 Safari/537.36"
195.238.108.89 - - [16/Oct/2017:22:41:09 +0300] "GET / HTTP/1.0" 404 580 "http://forum.bi-grouplabs.ru/" "Mozilla/5.0 (Windows NT 6.1) AppleWebKit/537.36 (KHTML, like Gecko) Chrome/57.0.2987.133 Safari/537.36"
37.9.118.28 - - [16/Oct/2017:22:46:17 +0300] "GET / HTTP/1.1" 404 152 "-" "Mozilla/5.0 (compatible; YandexMetrika/2.0; +http://yandex.com/bots mtmon01i.yandex.ru)"
37.9.118.28 - - [16/Oct/2017:22:46:25 +0300] "GET / HTTP/1.1" 404 152 "-" "Mozilla/5.0 (compatible; YandexMetrika/2.0; +http://yandex.com/bots mtmon01i.yandex.ru)"
207.46.13.72 - - [16/Oct/2017:22:59:11 +0300] "GET / HTTP/1.1" 404 152 "-" "Mozilla/5.0 (compatible; bingbot/2.0; +http://www.bing.com/bingbot.htm)"
37.73.233.117 - - [16/Oct/2017:22:59:14 +0300] "GET /Rech/Bookmakers/ HTTP/1.1" 404 152 "-" "Mozilla/5.0 (iPhone; CPU iPhone OS 11_0_2 like Mac OS X) AppleWebKit/604.1.38 (KHTML, like Gecko) Version/11.0 Mobile/15A421 Safari/604.1"
37.73.233.117 - - [16/Oct/2017:22:59:16 +0300] "GET /apple-touch-icon-120x120-precomposed.png HTTP/1.1" 404 152 "-" "MobileSafari/604.1 CFNetwork/887 Darwin/17.0.0"
37.73.233.117 - - [16/Oct/2017:22:59:17 +0300] "GET /apple-touch-icon-120x120.png HTTP/1.1" 404 152 "-" "MobileSafari/604.1 CFNetwork/887 Darwin/17.0.0"
37.73.233.117 - - [16/Oct/2017:22:59:18 +0300] "GET /apple-touch-icon-precomposed.png HTTP/1.1" 404 152 "-" "MobileSafari/604.1 CFNetwork/887 Darwin/17.0.0"
37.73.233.117 - - [16/Oct/2017:22:59:19 +0300] "GET /apple-touch-icon.png HTTP/1.1" 404 152 "-" "MobileSafari/604.1 CFNetwork/887 Darwin/17.0.0"
37.73.233.117 - - [16/Oct/2017:22:59:20 +0300] "GET /favicon.ico HTTP/1.1" 404 152 "-" "MobileSafari/604.1 CFNetwork/887 Darwin/17.0.0"
37.73.233.117 - - [16/Oct/2017:22:59:21 +0300] "GET /apple-touch-icon-120x120-precomposed.png HTTP/1.1" 404 152 "-" "MobileSafari/604.1 CFNetwork/887 Darwin/17.0.0"
37.73.233.117 - - [16/Oct/2017:22:59:22 +0300] "GET /apple-touch-icon-120x120.png HTTP/1.1" 404 152 "-" "MobileSafari/604.1 CFNetwork/887 Darwin/17.0.0"
37.73.233.117 - - [16/Oct/2017:22:59:23 +0300] "GET /apple-touch-icon-precomposed.png HTTP/1.1" 404 152 "-" "MobileSafari/604.1 CFNetwork/887 Darwin/17.0.0"
37.73.233.117 - - [16/Oct/2017:22:59:24 +0300] "GET /apple-touch-icon.png HTTP/1.1" 404 152 "-" "MobileSafari/604.1 CFNetwork/887 Darwin/17.0.0"
37.73.233.117 - - [16/Oct/2017:22:59:26 +0300] "GET /favicon.ico HTTP/1.1" 404 152 "-" "MobileSafari/604.1 CFNetwork/887 Darwin/17.0.0"
185.81.157.72 - - [16/Oct/2017:23:06:17 +0300] "GET /fckeditor/editor/filemanager/connectors/php/upload.php HTTP/1.1" 404 152 "-" "python-requests/2.18.4"
117.50.7.159 - - [16/Oct/2017:23:07:36 +0300] "GET / HTTP/1.0" 404 178 "-" "-"
46.246.25.83 - - [16/Oct/2017:23:11:20 +0300] "GET /index.php/ HTTP/1.0" 404 580 "http://www.bi-grouplabs.ru/index.php/" "Mozilla/5.0 (X11; Linux i686) AppleWebKit/537.36 (KHTML, like Gecko) Chrome/57.0.2987.98 Safari/537.36"
46.246.25.83 - - [16/Oct/2017:23:11:21 +0300] "GET /index.php/ HTTP/1.0" 404 178 "http://bi-grouplabs.ru/index.php/" "Mozilla/5.0 (Windows NT 6.1; rv:53.0) Gecko/20100101 Firefox/53.0"
46.229.164.100 - - [16/Oct/2017:23:11:49 +0300] "GET /robots.txt HTTP/1.1" 404 152 "-" "Mozilla/5.0 (compatible; SemrushBot/1.2~bl; +http://www.semrush.com/bot.html)"
42.236.54.62 - - [16/Oct/2017:23:16:41 +0300] "GET / HTTP/1.1" 404 209 "http://high-tech.su/" "Mozilla/5.0 (Windows NT 6.1; WOW64) AppleWebKit/537.36 (KHTML, like Gecko) Chrome/50.0.2661.102 Safari/537.36; 360Spider"
42.236.101.194 - - [16/Oct/2017:23:16:41 +0300] "GET / HTTP/1.1" 404 209 "http://www.high-tech.su/" "Mozilla/5.0 (Windows NT 6.1; WOW64) AppleWebKit/537.36 (KHTML, like Gecko) Chrome/50.0.2661.102 Safari/537.36; 360Spider"
34.211.245.32 - - [16/Oct/2017:23:19:36 +0300] "GET / HTTP/1.1" 404 209 "-" "Mozilla/5.0 (Windows NT 5.1) AppleWebKit/537.11 (KHTML like Gecko) Chrome/23.0.1271.95 Safari/537.11"
209.90.225.220 - - [16/Oct/2017:23:23:51 +0300] "GET /wp-content/themes/project10-theme/style.css HTTP/1.1" 404 209 "http://www.bi-grouplabs.ru/wp-content/themes/project10-theme/style.css" "Mozilla/5.0 (Windows NT 6.1; WOW64) AppleWebKit/537.36 (KHTML, like Gecko) Chrome/42.0.2311.152 Safari/537.36"
217.69.133.18 - - [16/Oct/2017:23:27:41 +0300] "GET /robots.txt HTTP/1.0" 404 178 "-" "Mozilla/5.0 (compatible; Linux x86_64; Mail.RU_Bot/2.0; +http://go.mail.ru/help/robots)"
217.69.133.13 - - [16/Oct/2017:23:27:42 +0300] "GET /index.php/item/itemlist/category/9-management/item/item HTTP/1.1" 404 152 "-" "Mozilla/5.0 (compatible; Linux x86_64; Mail.RU_Bot/2.0; +http://go.mail.ru/help/robots)"
66.249.76.153 - - [16/Oct/2017:23:29:58 +0300] "GET /robots.txt HTTP/1.1" 404 152 "-" "Mozilla/5.0 (compatible; Googlebot/2.1; +http://www.google.com/bot.html)"
66.249.76.155 - - [16/Oct/2017:23:29:59 +0300] "GET /service/faq.html HTTP/1.1" 404 152 "-" "Mozilla/5.0 (compatible; Googlebot/2.1; +http://www.google.com/bot.html)"
67.23.230.251 - - [16/Oct/2017:23:31:25 +0300] "GET /test/wp-login.php HTTP/1.1" 404 580 "-" "Mozilla/5.0 (Windows NT 6.1; Win64; x64) AppleWebKit/537.36 (KHTML, like Gecko) Chrome/61.0.3163.100 Safari/537.36"
94.41.136.42 - - [16/Oct/2017:23:36:28 +0300] "GET / HTTP/1.1" 404 209 "http://high-tech.su/" "Mozilla/5.0 (X11; U; Linux x86_64; en-US) AppleWebKit/534.15 (KHTML, like Gecko) Chrome/10.0.613.0 Safari/534.15"
94.41.136.42 - - [16/Oct/2017:23:36:31 +0300] "GET /en/customer/account/createpost/ HTTP/1.1" 404 209 "http://high-tech.su/" "Mozilla/5.0 (X11; U; Linux x86_64; en-US) AppleWebKit/534.15 (KHTML, like Gecko) Chrome/10.0.613.0 Safari/534.15"
94.41.136.42 - - [16/Oct/2017:23:36:32 +0300] "GET /ru/customer/account/ HTTP/1.1" 404 209 "http://high-tech.su/" "Mozilla/5.0 (X11; U; Linux x86_64; en-US) AppleWebKit/534.15 (KHTML, like Gecko) Chrome/10.0.613.0 Safari/534.15"
94.41.136.42 - - [16/Oct/2017:23:36:32 +0300] "GET /german/customer/account/create/ HTTP/1.1" 404 209 "http://high-tech.su/" "Mozilla/5.0 (X11; U; Linux x86_64; en-US) AppleWebKit/534.15 (KHTML, like Gecko) Chrome/10.0.613.0 Safari/534.15"
94.41.136.42 - - [16/Oct/2017:23:36:32 +0300] "GET /pokupki/customer/account/login/ HTTP/1.1" 404 209 "http://high-tech.su/" "Mozilla/5.0 (X11; U; Linux x86_64; en-US) AppleWebKit/534.15 (KHTML, like Gecko) Chrome/10.0.613.0 Safari/534.15"
94.41.136.42 - - [16/Oct/2017:23:36:32 +0300] "GET /en_rw/customer/account/create/ HTTP/1.1" 404 209 "http://high-tech.su/" "Mozilla/5.0 (X11; U; Linux x86_64; en-US) AppleWebKit/534.15 (KHTML, like Gecko) Chrome/10.0.613.0 Safari/534.15"
94.41.136.42 - - [16/Oct/2017:23:36:32 +0300] "GET /en-us/customer/account/create/ HTTP/1.1" 404 209 "http://high-tech.su/" "Mozilla/5.0 (X11; U; Linux x86_64; en-US) AppleWebKit/534.15 (KHTML, like Gecko) Chrome/10.0.613.0 Safari/534.15"
94.41.136.42 - - [16/Oct/2017:23:36:32 +0300] "GET /customer/account/login/ HTTP/1.1" 404 209 "http://high-tech.su/" "Mozilla/5.0 (X11; U; Linux x86_64; en-US) AppleWebKit/534.15 (KHTML, like Gecko) Chrome/10.0.613.0 Safari/534.15"
94.41.136.42 - - [16/Oct/2017:23:36:32 +0300] "GET /lu_fr/customer/account/create/ HTTP/1.1" 404 209 "http://high-tech.su/" "Mozilla/5.0 (X11; U; Linux x86_64; en-US) AppleWebKit/534.15 (KHTML, like Gecko) Chrome/10.0.613.0 Safari/534.15"
94.41.136.42 - - [16/Oct/2017:23:36:32 +0300] "GET /customer/account/create/ HTTP/1.1" 404 209 "http://high-tech.su/" "Mozilla/5.0 (X11; U; Linux x86_64; en-US) AppleWebKit/534.15 (KHTML, like Gecko) Chrome/10.0.613.0 Safari/534.15"
94.41.136.42 - - [16/Oct/2017:23:36:32 +0300] "GET /en/customer/account/create/ HTTP/1.1" 404 209 "http://high-tech.su/" "Mozilla/5.0 (X11; U; Linux x86_64; en-US) AppleWebKit/534.15 (KHTML, like Gecko) Chrome/10.0.613.0 Safari/534.15"
94.41.136.42 - - [16/Oct/2017:23:36:32 +0300] "GET /shop/customer/account/login/ HTTP/1.1" 404 209 "http://high-tech.su/" "Mozilla/5.0 (X11; U; Linux x86_64; en-US) AppleWebKit/534.15 (KHTML, like Gecko) Chrome/10.0.613.0 Safari/534.15"
94.41.136.42 - - [16/Oct/2017:23:36:35 +0300] "GET /de/de-de/customer/account/login/ HTTP/1.1" 404 209 "http://high-tech.su/" "Mozilla/5.0 (X11; U; Linux x86_64; en-US) AppleWebKit/534.15 (KHTML, like Gecko) Chrome/10.0.613.0 Safari/534.15"
94.41.136.42 - - [16/Oct/2017:23:36:35 +0300] "GET /uk/customer/account/create/ HTTP/1.1" 404 209 "http://high-tech.su/" "Mozilla/5.0 (X11; U; Linux x86_64; en-US) AppleWebKit/534.15 (KHTML, like Gecko) Chrome/10.0.613.0 Safari/534.15"
94.41.136.42 - - [16/Oct/2017:23:36:35 +0300] "GET /eshop/customer/account/create/ HTTP/1.1" 404 209 "http://high-tech.su/" "Mozilla/5.0 (X11; U; Linux x86_64; en-US) AppleWebKit/534.15 (KHTML, like Gecko) Chrome/10.0.613.0 Safari/534.15"
94.41.136.42 - - [16/Oct/2017:23:36:35 +0300] "GET /store/customer/account/create/ HTTP/1.1" 404 209 "http://high-tech.su/" "Mozilla/5.0 (X11; U; Linux x86_64; en-US) AppleWebKit/534.15 (KHTML, like Gecko) Chrome/10.0.613.0 Safari/534.15"
94.41.136.42 - - [16/Oct/2017:23:36:35 +0300] "GET /us/customer/account/create/ HTTP/1.1" 404 209 "http://high-tech.su/" "Mozilla/5.0 (X11; U; Linux x86_64; en-US) AppleWebKit/534.15 (KHTML, like Gecko) Chrome/10.0.613.0 Safari/534.15"
94.41.136.42 - - [16/Oct/2017:23:36:35 +0300] "GET /shop/customer/account/create/ HTTP/1.1" 404 209 "http://high-tech.su/" "Mozilla/5.0 (X11; U; Linux x86_64; en-US) AppleWebKit/534.15 (KHTML, like Gecko) Chrome/10.0.613.0 Safari/534.15"
178.54.74.53 - - [16/Oct/2017:23:37:25 +0300] "GET /Rech/Bookmakers/ HTTP/1.1" 404 152 "-" "Mozilla/5.0 (iPhone; CPU iPhone OS 11_0_2 like Mac OS X) AppleWebKit/604.1.38 (KHTML, like Gecko) Version/11.0 Mobile/15A421 Safari/604.1"
178.54.74.53 - - [16/Oct/2017:23:37:26 +0300] "GET /apple-touch-icon-120x120-precomposed.png HTTP/1.1" 404 152 "-" "MobileSafari/604.1 CFNetwork/887 Darwin/17.0.0"
178.54.74.53 - - [16/Oct/2017:23:37:26 +0300] "GET /apple-touch-icon-120x120.png HTTP/1.1" 404 152 "-" "MobileSafari/604.1 CFNetwork/887 Darwin/17.0.0"
178.54.74.53 - - [16/Oct/2017:23:37:26 +0300] "GET /apple-touch-icon-precomposed.png HTTP/1.1" 404 152 "-" "MobileSafari/604.1 CFNetwork/887 Darwin/17.0.0"
178.54.74.53 - - [16/Oct/2017:23:37:26 +0300] "GET /apple-touch-icon.png HTTP/1.1" 404 152 "-" "MobileSafari/604.1 CFNetwork/887 Darwin/17.0.0"
178.54.74.53 - - [16/Oct/2017:23:37:27 +0300] "GET /favicon.ico HTTP/1.1" 404 152 "-" "MobileSafari/604.1 CFNetwork/887 Darwin/17.0.0"
178.54.74.53 - - [16/Oct/2017:23:37:27 +0300] "GET /apple-touch-icon-120x120-precomposed.png HTTP/1.1" 404 152 "-" "MobileSafari/604.1 CFNetwork/887 Darwin/17.0.0"
178.54.74.53 - - [16/Oct/2017:23:37:27 +0300] "GET /apple-touch-icon-120x120.png HTTP/1.1" 404 152 "-" "MobileSafari/604.1 CFNetwork/887 Darwin/17.0.0"
178.54.74.53 - - [16/Oct/2017:23:37:27 +0300] "GET /apple-touch-icon-precomposed.png HTTP/1.1" 404 152 "-" "MobileSafari/604.1 CFNetwork/887 Darwin/17.0.0"
178.54.74.53 - - [16/Oct/2017:23:37:27 +0300] "GET /apple-touch-icon.png HTTP/1.1" 404 152 "-" "MobileSafari/604.1 CFNetwork/887 Darwin/17.0.0"
178.54.74.53 - - [16/Oct/2017:23:37:27 +0300] "GET /favicon.ico HTTP/1.1" 404 152 "-" "MobileSafari/604.1 CFNetwork/887 Darwin/17.0.0"
67.23.230.251 - - [16/Oct/2017:23:58:32 +0300] "GET /cms/wp-login.php HTTP/1.1" 404 580 "-" "Mozilla/5.0 (Windows NT 6.1; Win64; x64) AppleWebKit/537.36 (KHTML, like Gecko) Chrome/61.0.3163.100 Safari/537.36"
178.154.224.71 - - [16/Oct/2017:23:59:02 +0300] "GET / HTTP/1.1" 404 152 "-" "Mozilla/5.0 (compatible; YandexMetrika/2.0; +http://yandex.com/bots mtmon01f.yandex.ru)"
178.154.224.71 - - [16/Oct/2017:23:59:12 +0300] "GET / HTTP/1.1" 404 152 "-" "Mozilla/5.0 (compatible; YandexMetrika/2.0; +http://yandex.com/bots mtmon01f.yandex.ru)"
212.158.174.55 - - [17/Oct/2017:00:02:10 +0300] "GET / HTTP/1.1" 404 209 "-" "Mozilla/5.0 (Macintosh; Intel Mac OS X 10_9_0) AppleWebKit/537.36 (KHTML, like Gecko) Chrome/56.0.2940.56 Safari/537.36"
157.55.39.6 - - [17/Oct/2017:00:11:09 +0300] "GET /robots.txt HTTP/1.1" 404 152 "-" "Mozilla/5.0 (compatible; bingbot/2.0; +http://www.bing.com/bingbot.htm)"
207.46.13.72 - - [17/Oct/2017:00:11:24 +0300] "GET /robots.txt HTTP/1.1" 404 152 "-" "Mozilla/5.0 (compatible; bingbot/2.0; +http://www.bing.com/bingbot.htm)"
210.242.193.234 - - [17/Oct/2017:00:33:58 +0300] "GET / HTTP/1.1" 404 209 "-" "Mozilla/5.0 (Windows NT 10.0; Win64; x64) AppleWebKit/537.36 (KHTML, like Gecko) Chrome/56.0.2924.87 Safari/537.36"
37.9.118.28 - - [17/Oct/2017:00:35:36 +0300] "GET / HTTP/1.1" 404 152 "-" "Mozilla/5.0 (compatible; YandexMetrika/2.0; +http://yandex.com/bots mtmon01i.yandex.ru)"
37.9.118.28 - - [17/Oct/2017:00:35:45 +0300] "GET / HTTP/1.1" 404 152 "-" "Mozilla/5.0 (compatible; YandexMetrika/2.0; +http://yandex.com/bots mtmon01i.yandex.ru)"
67.23.230.251 - - [17/Oct/2017:00:50:15 +0300] "GET /wp/wp-login.php HTTP/1.1" 404 580 "-" "Mozilla/5.0 (Windows NT 6.1; Win64; x64) AppleWebKit/537.36 (KHTML, like Gecko) Chrome/61.0.3163.100 Safari/537.36"
217.69.133.10 - - [17/Oct/2017:01:05:08 +0300] "GET /robots.txt HTTP/1.0" 404 178 "-" "Mozilla/5.0 (compatible; Linux x86_64; Mail.RU_Bot/2.0; +http://go.mail.ru/help/robots)"
217.69.133.15 - - [17/Oct/2017:01:05:09 +0300] "GET /index.php/categories/itemlist/tag/%D0%A0%D0%B5%D0%BA%D0%BE%D0%BC%D0%B5%D0%BD%D0%B4%D0%B0%D1%82%D0%B5%D0%BB%D1%8C%D0%BD%D0%B0%D1%8F%20%D1%81%D0%B8%D1%81%D1%82%D0%B5%D0%BC%D0%B0?format=feed&limitstart HTTP/1.1" 404 152 "-" "Mozilla/5.0 (compatible; Linux x86_64; Mail.RU_Bot/2.0; +http://go.mail.ru/help/robots)"
37.9.118.29 - - [17/Oct/2017:01:08:03 +0300] "GET / HTTP/1.1" 404 152 "-" "Mozilla/5.0 (compatible; YandexMetrika/2.0; +http://yandex.com/bots)"
37.9.118.29 - - [17/Oct/2017:01:08:04 +0300] "GET / HTTP/1.1" 404 152 "-" "Mozilla/5.0 (compatible; YandexMetrika/2.0; +http://yandex.com/bots)"
217.69.133.193 - - [17/Oct/2017:01:10:11 +0300] "GET /robots.txt HTTP/1.0" 404 178 "-" "Mozilla/5.0 (compatible; Linux x86_64; Mail.RU_Bot/2.0; +http://go.mail.ru/help/robots)"
217.69.133.10 - - [17/Oct/2017:01:10:14 +0300] "GET /index.php/solutions/categories/itemlist/tag/%D0%9F%D1%80%D0%BE%D0%B3%D0%BD%D0%BE%D0%B7%D0%B8%D1%80%D0%BE%D0%B2%D0%B0%D0%BD%D0%B8%D0%B5 HTTP/1.1" 404 152 "-" "Mozilla/5.0 (compatible; Linux x86_64; Mail.RU_Bot/2.0; +http://go.mail.ru/help/robots)"
67.23.230.251 - - [17/Oct/2017:01:13:11 +0300] "GET /wp/wp-login.php HTTP/1.1" 404 580 "-" "Mozilla/5.0 (Windows NT 6.1; Win64; x64) AppleWebKit/537.36 (KHTML, like Gecko) Chrome/61.0.3163.100 Safari/537.36"
67.23.230.251 - - [17/Oct/2017:01:23:15 +0300] "GET /new/wp-login.php HTTP/1.1" 404 580 "-" "Mozilla/5.0 (Windows NT 6.1; Win64; x64) AppleWebKit/537.36 (KHTML, like Gecko) Chrome/61.0.3163.100 Safari/537.36"
46.229.164.100 - - [17/Oct/2017:01:26:32 +0300] "GET /robots.txt HTTP/1.1" 404 152 "-" "Mozilla/5.0 (compatible; SemrushBot/1.2~bl; +http://www.semrush.com/bot.html)"
67.23.230.251 - - [17/Oct/2017:01:35:39 +0300] "GET /wordpress/wp-login.php HTTP/1.1" 404 580 "-" "Mozilla/5.0 (Windows NT 6.1; Win64; x64) AppleWebKit/537.36 (KHTML, like Gecko) Chrome/61.0.3163.100 Safari/537.36"
95.108.129.196 - - [17/Oct/2017:02:00:55 +0300] "GET / HTTP/1.1" 404 152 "-" "Mozilla/5.0 (compatible; YandexMetrika/2.0; +http://yandex.com/bots mtmon01e.yandex.ru)"
66.240.205.34 - - [17/Oct/2017:02:00:56 +0300] "Gh0st\xAD\x00\x00\x00\xE0\x00\x00\x00x\x9CKS``\x98\xC3\xC0\xC0\xC0\x06\xC4\x8C@\xBCQ\x96\x81\x81\x09H\x07\xA7\x16\x95e&\xA7*\x04$&g+\x182\x94\xF6\xB000\xAC\xA8rc\x00\x01\x11\xA0\x82\x1F\x5C`&\x83\xC7K7\x86\x19\xE5n\x0C9\x95n\x0C;\x84\x0F3\xAC\xE8sch\xA8^\xCF4'J\x97\xA9\x82\xE30\xC3\x91h]&\x90\xF8\xCE\x97S\xCBA4L?2=\xE1\xC4\x92\x86\x0B@\xF5`\x0CT\x1F\xAE\xAF]" 400 182 "-" "-"
95.108.129.196 - - [17/Oct/2017:02:01:05 +0300] "GET / HTTP/1.1" 404 152 "-" "Mozilla/5.0 (compatible; YandexMetrika/2.0; +http://yandex.com/bots mtmon01e.yandex.ru)"
67.23.230.251 - - [17/Oct/2017:02:10:16 +0300] "GET /cms/wp-login.php HTTP/1.1" 404 580 "-" "Mozilla/5.0 (Windows NT 6.1; Win64; x64) AppleWebKit/537.36 (KHTML, like Gecko) Chrome/61.0.3163.100 Safari/537.36"
95.108.129.196 - - [17/Oct/2017:02:21:04 +0300] "GET / HTTP/1.1" 404 152 "-" "Mozilla/5.0 (compatible; YandexMetrika/2.0; +http://yandex.com/bots mtmon01e.yandex.ru)"
95.108.129.196 - - [17/Oct/2017:02:21:13 +0300] "GET / HTTP/1.1" 404 152 "-" "Mozilla/5.0 (compatible; YandexMetrika/2.0; +http://yandex.com/bots mtmon01e.yandex.ru)"
67.23.230.251 - - [17/Oct/2017:02:38:15 +0300] "GET /wordpress/wp-login.php HTTP/1.1" 404 580 "-" "Mozilla/5.0 (Windows NT 6.1; Win64; x64) AppleWebKit/537.36 (KHTML, like Gecko) Chrome/61.0.3163.100 Safari/537.36"
207.46.13.72 - - [17/Oct/2017:02:42:34 +0300] "GET / HTTP/1.1" 404 152 "-" "Mozilla/5.0 (compatible; bingbot/2.0; +http://www.bing.com/bingbot.htm)"
178.154.224.71 - - [17/Oct/2017:02:54:41 +0300] "GET / HTTP/1.1" 404 152 "-" "Mozilla/5.0 (compatible; YandexMetrika/2.0; +http://yandex.com/bots mtmon01f.yandex.ru)"
178.154.224.71 - - [17/Oct/2017:03:09:06 +0300] "GET / HTTP/1.1" 404 152 "-" "Mozilla/5.0 (compatible; YandexMetrika/2.0; +http://yandex.com/bots mtmon01f.yandex.ru)"
95.108.129.196 - - [17/Oct/2017:03:09:49 +0300] "GET / HTTP/1.1" 404 152 "-" "Mozilla/5.0 (compatible; YandexMetrika/2.0; +http://yandex.com/bots mtmon01e.yandex.ru)"
207.46.13.72 - - [17/Oct/2017:03:21:24 +0300] "GET / HTTP/1.1" 404 152 "-" "Mozilla/5.0 (compatible; bingbot/2.0; +http://www.bing.com/bingbot.htm)"
67.23.230.251 - - [17/Oct/2017:03:24:51 +0300] "GET /blogs/wp-login.php HTTP/1.1" 404 580 "-" "Mozilla/5.0 (Windows NT 6.1; Win64; x64) AppleWebKit/537.36 (KHTML, like Gecko) Chrome/61.0.3163.100 Safari/537.36"
46.4.94.226 - - [17/Oct/2017:03:31:53 +0300] "GET /robots.txt HTTP/1.0" 404 178 "-" "Riddler (http://riddler.io/about)"
46.4.94.226 - - [17/Oct/2017:03:31:53 +0300] "GET /for-school/circle-school.html HTTP/1.0" 404 178 "-" "Riddler (http://riddler.io/about)"
193.169.52.154 - - [17/Oct/2017:03:31:58 +0300] "GET / HTTP/1.1" 404 209 "-" "Mozilla/5.0 (X11; Linux x86_64) AppleWebKit/537.36 (KHTML, like Gecko) Chrome/34.0.1847.132 Safari/537.36"
46.229.164.99 - - [17/Oct/2017:03:37:19 +0300] "GET /robots.txt HTTP/1.1" 404 152 "-" "Mozilla/5.0 (compatible; SemrushBot/1.2~bl; +http://www.semrush.com/bot.html)"
46.229.164.102 - - [17/Oct/2017:03:39:23 +0300] "GET /robots.txt HTTP/1.1" 404 152 "-" "Mozilla/5.0 (compatible; SemrushBot/1.2~bl; +http://www.semrush.com/bot.html)"
37.9.118.28 - - [17/Oct/2017:03:57:30 +0300] "GET / HTTP/1.1" 404 152 "-" "Mozilla/5.0 (compatible; YandexMetrika/2.0; +http://yandex.com/bots mtmon01i.yandex.ru)"
37.9.113.163 - - [17/Oct/2017:03:59:21 +0300] "GET / HTTP/1.1" 404 152 "-" "Mozilla/5.0 (compatible; YandexMetrika/2.0; +http://yandex.com/bots yabs01)"
217.69.133.12 - - [17/Oct/2017:04:20:52 +0300] "GET /robots.txt HTTP/1.0" 404 178 "-" "Mozilla/5.0 (compatible; Linux x86_64; Mail.RU_Bot/2.0; +http://go.mail.ru/help/robots)"
217.69.133.13 - - [17/Oct/2017:04:20:56 +0300] "GET /ResourceHead/ERP/ERP3.html HTTP/1.1" 404 152 "-" "Mozilla/5.0 (compatible; Linux x86_64; Mail.RU_Bot/2.0; +http://go.mail.ru/help/robots)"
180.76.15.19 - - [17/Oct/2017:04:26:26 +0300] "GET / HTTP/1.1" 404 152 "-" "Mozilla/5.0 (compatible; Baiduspider/2.0; +http://www.baidu.com/search/spider.html)"
202.46.48.12 - - [17/Oct/2017:04:59:46 +0300] "GET / HTTP/1.1" 404 209 "-" "Mozilla/5.0 (Windows NT 10.0; WOW64) AppleWebKit/537.36 (KHTML, like Gecko) Chrome/45.0.2454.93 Safari/537.36"
37.9.118.28 - - [17/Oct/2017:05:01:45 +0300] "GET / HTTP/1.1" 404 152 "-" "Mozilla/5.0 (compatible; YandexMetrika/2.0; +http://yandex.com/bots mtmon01i.yandex.ru)"
67.23.230.251 - - [17/Oct/2017:05:12:18 +0300] "GET /test/wp-login.php HTTP/1.1" 404 580 "-" "Mozilla/5.0 (Windows NT 6.1; Win64; x64) AppleWebKit/537.36 (KHTML, like Gecko) Chrome/61.0.3163.100 Safari/537.36"
67.23.230.251 - - [17/Oct/2017:05:12:34 +0300] "GET /site/wp-login.php HTTP/1.1" 404 580 "-" "Mozilla/5.0 (Windows NT 6.1; Win64; x64) AppleWebKit/537.36 (KHTML, like Gecko) Chrome/61.0.3163.100 Safari/537.36"
177.38.21.39 - - [17/Oct/2017:05:28:42 +0300] "GET / HTTP/1.1" 404 178 "-" "curl/7.17.1 (mips-unknown-linux-gnu) libcurl/7.17.1 OpenSSL/0.9.8i zlib/1.2.3"
178.154.224.71 - - [17/Oct/2017:06:08:52 +0300] "GET / HTTP/1.1" 404 152 "-" "Mozilla/5.0 (compatible; YandexMetrika/2.0; +http://yandex.com/bots mtmon01f.yandex.ru)"
52.41.211.72 - - [17/Oct/2017:06:09:08 +0300] "GET / HTTP/1.1" 404 152 "http://www.google.com/search?hl=fr&q=dictionary+english" "Magic Browser"
52.41.211.72 - - [17/Oct/2017:06:09:08 +0300] "GET / HTTP/1.1" 404 152 "-" "Magic Browser"
157.55.39.50 - - [17/Oct/2017:06:12:30 +0300] "GET /robots.txt HTTP/1.1" 404 152 "-" "Mozilla/5.0 (compatible; bingbot/2.0; +http://www.bing.com/bingbot.htm)"
207.46.13.116 - - [17/Oct/2017:06:12:35 +0300] "GET / HTTP/1.1" 404 152 "-" "Mozilla/5.0 (compatible; bingbot/2.0; +http://www.bing.com/bingbot.htm)"
68.180.228.181 - - [17/Oct/2017:06:14:50 +0300] "GET /robots.txt HTTP/1.1" 404 178 "-" "Mozilla/5.0 (compatible; Yahoo! Slurp; http://help.yahoo.com/help/us/ysearch/slurp)"
68.180.228.181 - - [17/Oct/2017:06:14:51 +0300] "GET /for-school/circle-school.html HTTP/1.1" 404 152 "-" "Mozilla/5.0 (compatible; Yahoo! Slurp; http://help.yahoo.com/help/us/ysearch/slurp)"
199.30.25.158 - - [17/Oct/2017:06:38:35 +0300] "GET /ozsybry/foto_sovremennyh_tankov_rossii_14822_0.jpg HTTP/1.1" 404 178 "-" "Mozilla/5.0 (iPhone; CPU iPhone OS 7_0 like Mac OS X) AppleWebKit/537.51.1 (KHTML, like Gecko) Version/7.0 Mobile/11A465 Safari/9537.53 BingPreview/1.0b"
191.96.249.184 - - [17/Oct/2017:06:40:55 +0300] "GET / HTTP/1.1" 404 178 "-" "-"
37.9.118.28 - - [17/Oct/2017:06:45:54 +0300] "GET / HTTP/1.1" 404 152 "-" "Mozilla/5.0 (compatible; YandexMetrika/2.0; +http://yandex.com/bots mtmon01i.yandex.ru)"
46.229.164.100 - - [17/Oct/2017:07:23:32 +0300] "GET /robots.txt HTTP/1.1" 404 152 "-" "Mozilla/5.0 (compatible; SemrushBot/1.2~bl; +http://www.semrush.com/bot.html)"
209.239.123.90 - - [17/Oct/2017:07:28:11 +0300] "HEAD / HTTP/1.0" 404 0 "-" "-"
217.69.133.18 - - [17/Oct/2017:07:28:36 +0300] "GET /robots.txt HTTP/1.0" 404 178 "-" "Mozilla/5.0 (compatible; Linux x86_64; Mail.RU_Bot/2.0; +http://go.mail.ru/help/robots)"
217.69.133.10 - - [17/Oct/2017:07:28:36 +0300] "GET /Rech/electricity/08.10.2008.jpg HTTP/1.1" 404 152 "-" "Mozilla/5.0 (compatible; Linux x86_64; Mail.RU_Bot/2.0; +http://go.mail.ru/help/robots)"
217.69.133.13 - - [17/Oct/2017:07:31:36 +0300] "GET /index.php/item?print=1&tmpl=component HTTP/1.1" 404 152 "-" "Mozilla/5.0 (compatible; Linux x86_64; Mail.RU_Bot/2.0; +http://go.mail.ru/help/robots)"
207.46.13.72 - - [17/Oct/2017:07:39:21 +0300] "GET / HTTP/1.1" 404 152 "-" "Mozilla/5.0 (compatible; bingbot/2.0; +http://www.bing.com/bingbot.htm)"
141.8.142.46 - - [17/Oct/2017:07:54:04 +0300] "GET / HTTP/1.1" 404 152 "-" "Mozilla/5.0 (compatible; YandexMetrika/2.0; +http://yandex.com/bots yabs01)"
95.108.129.196 - - [17/Oct/2017:08:05:17 +0300] "GET / HTTP/1.1" 404 152 "-" "Mozilla/5.0 (compatible; YandexMetrika/2.0; +http://yandex.com/bots mtmon01e.yandex.ru)"
67.23.230.251 - - [17/Oct/2017:08:20:04 +0300] "GET /wp/wp-login.php HTTP/1.1" 404 580 "-" "Mozilla/5.0 (Windows NT 6.1; Win64; x64) AppleWebKit/537.36 (KHTML, like Gecko) Chrome/61.0.3163.100 Safari/537.36"
180.76.15.150 - - [17/Oct/2017:08:42:34 +0300] "GET /robots.txt HTTP/1.1" 404 152 "-" "Mozilla/5.0 (Windows NT 5.1; rv:6.0.2) Gecko/20100101 Firefox/6.0.2"
180.76.15.152 - - [17/Oct/2017:08:42:34 +0300] "GET /robots.txt HTTP/1.1" 404 152 "-" "Mozilla/5.0 (Windows NT 5.1; rv:6.0.2) Gecko/20100101 Firefox/6.0.2"
180.76.15.153 - - [17/Oct/2017:08:43:49 +0300] "GET / HTTP/1.1" 404 152 "-" "Mozilla/5.0 (compatible; Baiduspider/2.0; +http://www.baidu.com/search/spider.html)"
95.108.129.196 - - [17/Oct/2017:08:44:03 +0300] "GET / HTTP/1.1" 404 152 "-" "Mozilla/5.0 (compatible; YandexMetrika/2.0; +http://yandex.com/bots mtmon01e.yandex.ru)"
180.76.15.138 - - [17/Oct/2017:08:50:58 +0300] "GET / HTTP/1.1" 404 152 "-" "Mozilla/5.0 (compatible; Baiduspider/2.0; +http://www.baidu.com/search/spider.html)"
155.94.88.58 - - [17/Oct/2017:08:52:38 +0300] "GET / HTTP/1.0" 404 178 "-" "sysscan/1.0 (https://github.com/robertdavidgraham/sysscan)"
178.154.224.71 - - [17/Oct/2017:09:02:30 +0300] "GET / HTTP/1.1" 404 152 "-" "Mozilla/5.0 (compatible; YandexMetrika/2.0; +http://yandex.com/bots mtmon01f.yandex.ru)"
217.69.133.12 - - [17/Oct/2017:09:07:06 +0300] "GET /robots.txt HTTP/1.0" 404 178 "-" "Mozilla/5.0 (compatible; Linux x86_64; Mail.RU_Bot/2.0; +http://go.mail.ru/help/robots)"
217.69.133.13 - - [17/Oct/2017:09:07:07 +0300] "GET /index.php/component/content/article/34-template-articles/75-scoring-solutions/component/content/ HTTP/1.1" 404 152 "-" "Mozilla/5.0 (compatible; Linux x86_64; Mail.RU_Bot/2.0; +http://go.mail.ru/help/robots)"
217.69.133.15 - - [17/Oct/2017:09:07:15 +0300] "GET /index.php/solutions/categories/metallurgy HTTP/1.1" 404 152 "-" "Mozilla/5.0 (compatible; Linux x86_64; Mail.RU_Bot/2.0; +http://go.mail.ru/help/robots)"
178.154.224.71 - - [17/Oct/2017:09:16:39 +0300] "GET / HTTP/1.1" 404 152 "-" "Mozilla/5.0 (compatible; YandexMetrika/2.0; +http://yandex.com/bots mtmon01f.yandex.ru)"
202.46.57.203 - - [17/Oct/2017:09:17:09 +0300] "GET / HTTP/1.1" 404 209 "-" "Mozilla/5.0 (Windows NT 10.0; WOW64) AppleWebKit/537.36 (KHTML, like Gecko) Chrome/45.0.2454.93 Safari/537.36"
202.46.48.95 - - [17/Oct/2017:09:24:18 +0300] "GET / HTTP/1.1" 404 209 "-" "Mozilla/5.0 (Windows NT 10.0; WOW64) AppleWebKit/537.36 (KHTML, like Gecko) Chrome/45.0.2454.93 Safari/537.36"
95.108.129.196 - - [17/Oct/2017:09:28:53 +0300] "GET / HTTP/1.1" 404 152 "-" "Mozilla/5.0 (compatible; YandexMetrika/2.0; +http://yandex.com/bots mtmon01e.yandex.ru)"
197.50.9.184 - - [17/Oct/2017:09:39:52 +0300] "GET / HTTP/1.1" 404 178 "-" "-"
197.50.9.184 - - [17/Oct/2017:09:39:52 +0300] "\x00" 400 182 "-" "-"
197.50.9.184 - - [17/Oct/2017:09:39:52 +0300] "POST /command.php HTTP/1.1" 404 178 "-" "-"
197.50.9.184 - - [17/Oct/2017:09:39:53 +0300] "\x00" 400 182 "-" "-"
197.50.9.184 - - [17/Oct/2017:09:39:53 +0300] "GET /system.ini?loginuse&loginpas HTTP/1.1" 404 178 "-" "-"
197.50.9.184 - - [17/Oct/2017:09:39:54 +0300] "\x00" 400 182 "-" "-"
197.50.9.184 - - [17/Oct/2017:09:39:54 +0300] "GET /upgrade_handle.php?cmd=writeuploaddir&uploaddir=%27;echo+nuuo+123456;%27 HTTP/1.1" 404 178 "-" "-"
197.50.9.184 - - [17/Oct/2017:09:39:54 +0300] "\x00" 400 182 "-" "-"
197.50.9.184 - - [17/Oct/2017:09:39:55 +0300] "GET /board.cgi?cmd=cat%20/etc/passwd HTTP/1.1" 404 178 "-" "-"
197.50.9.184 - - [17/Oct/2017:09:39:55 +0300] "\x00" 400 182 "-" "-"
197.50.9.184 - - [17/Oct/2017:09:39:55 +0300] "POST /hedwig.cgi HTTP/1.1" 404 178 "-" "-"
197.50.9.184 - - [17/Oct/2017:09:39:56 +0300] "\x00" 400 182 "-" "-"
197.50.9.184 - - [17/Oct/2017:09:39:56 +0300] "POST /apply.cgi HTTP/1.1" 404 178 "-" "-"
197.50.9.184 - - [17/Oct/2017:09:39:56 +0300] "submit_button=Diagnostics&change_action=gozila_cgi&submit_type=start_ping&action=&commit=0&nowait=1&ping_ip=%3b%20AAA***BBB|||%20%3b&ping_size=&ping_times=5&traceroute_ip=\x00" 400 182 "-" "-"
197.50.9.184 - - [17/Oct/2017:09:39:56 +0300] "GET /setup.cgi?next_file=netgear.cfg&todo=syscmd&curpath=/&currentsetting.htm=1&cmd=echo+dgn+123456 HTTP/1.1" 404 178 "-" "-"
197.50.9.184 - - [17/Oct/2017:09:39:56 +0300] "\x00" 400 182 "-" "-"
197.50.9.184 - - [17/Oct/2017:09:39:57 +0300] "GET /cgi-bin/user/Config.cgi?.cab&action=get&category=Account.* HTTP/1.1" 404 178 "-" "-"
197.50.9.184 - - [17/Oct/2017:09:39:57 +0300] "\x00" 400 182 "-" "-"
197.50.9.184 - - [17/Oct/2017:09:39:57 +0300] "GET /shell?echo+jaws+123456;cat+/proc/cpuinfo HTTP/1.1" 404 178 "-" "-"
197.50.9.184 - - [17/Oct/2017:09:39:57 +0300] "\x00" 400 182 "-" "-"
212.109.217.105 - - [17/Oct/2017:09:43:26 +0300] "GET / HTTP/1.1" 404 178 "-" "-"
104.193.88.243 - - [17/Oct/2017:09:50:30 +0300] "GET / HTTP/1.1" 404 580 "-" "Mozilla/5.0 (Windows NT 10.0; WOW64) AppleWebKit/537.36 (KHTML, like Gecko) Chrome/45.0.2454.93 Safari/537.36"
37.9.118.29 - - [17/Oct/2017:09:53:16 +0300] "GET / HTTP/1.1" 404 152 "-" "Mozilla/5.0 (compatible; YandexMetrika/2.0; +http://yandex.com/bots)"
37.9.118.29 - - [17/Oct/2017:09:53:19 +0300] "GET / HTTP/1.1" 404 152 "-" "Mozilla/5.0 (compatible; YandexMetrika/2.0; +http://yandex.com/bots)"
104.193.88.243 - - [17/Oct/2017:09:57:38 +0300] "GET / HTTP/1.1" 404 580 "-" "Mozilla/5.0 (Windows NT 10.0; WOW64) AppleWebKit/537.36 (KHTML, like Gecko) Chrome/45.0.2454.93 Safari/537.36"
37.9.118.28 - - [17/Oct/2017:10:09:17 +0300] "GET / HTTP/1.1" 404 152 "-" "Mozilla/5.0 (compatible; YandexMetrika/2.0; +http://yandex.com/bots mtmon01i.yandex.ru)"
67.23.230.251 - - [17/Oct/2017:10:10:14 +0300] "GET /test/wp-login.php HTTP/1.1" 404 580 "-" "Mozilla/5.0 (Windows NT 6.1; Win64; x64) AppleWebKit/537.36 (KHTML, like Gecko) Chrome/61.0.3163.100 Safari/537.36"
207.46.13.157 - - [17/Oct/2017:10:21:19 +0300] "GET /ResourceAnalitic/Bank/scoring2.html HTTP/1.1" 404 152 "-" "Mozilla/5.0 (iPhone; CPU iPhone OS 7_0 like Mac OS X) AppleWebKit/537.51.1 (KHTML, like Gecko) Version/7.0 Mobile/11A465 Safari/9537.53 (compatible; bingbot/2.0; +http://www.bing.com/bingbot.htm)"
158.140.168.127 - - [17/Oct/2017:10:23:29 +0300] "GET / HTTP/1.1" 404 178 "-" "-"
158.140.168.127 - - [17/Oct/2017:10:23:29 +0300] "\x00" 400 182 "-" "-"
158.140.168.127 - - [17/Oct/2017:10:23:33 +0300] "POST /command.php HTTP/1.1" 404 178 "-" "-"
158.140.168.127 - - [17/Oct/2017:10:23:38 +0300] "\x00" 400 182 "-" "-"
158.140.168.127 - - [17/Oct/2017:10:23:51 +0300] "GET /system.ini?loginuse&loginpas HTTP/1.1" 404 178 "-" "-"
158.140.168.127 - - [17/Oct/2017:10:23:56 +0300] "\x00" 400 182 "-" "-"
158.140.168.127 - - [17/Oct/2017:10:24:28 +0300] "GET /upgrade_handle.php?cmd=writeuploaddir&uploaddir=%27;echo+nuuo+123456;%27 HTTP/1.1" 404 178 "-" "-"
158.140.168.127 - - [17/Oct/2017:10:24:29 +0300] "\x00" 400 182 "-" "-"
158.140.168.127 - - [17/Oct/2017:10:24:29 +0300] "GET /board.cgi?cmd=cat%20/etc/passwd HTTP/1.1" 404 178 "-" "-"
158.140.168.127 - - [17/Oct/2017:10:24:29 +0300] "\x00" 400 182 "-" "-"
158.140.168.127 - - [17/Oct/2017:10:24:30 +0300] "POST /hedwig.cgi HTTP/1.1" 404 178 "-" "-"
158.140.168.127 - - [17/Oct/2017:10:24:30 +0300] "\x00" 400 182 "-" "-"
158.140.168.127 - - [17/Oct/2017:10:24:33 +0300] "POST /apply.cgi HTTP/1.1" 404 178 "-" "-"
158.140.168.127 - - [17/Oct/2017:10:24:38 +0300] "submit_button=Diagnostics&change_action=gozila_cgi&submit_type=start_ping&action=&commit=0&nowait=1&ping_ip=%3b%20AAA***BBB|||%20%3b&ping_size=&ping_times=5&traceroute_ip=\x00" 400 182 "-" "-"
158.140.168.127 - - [17/Oct/2017:10:25:29 +0300] "GET /setup.cgi?next_file=netgear.cfg&todo=syscmd&curpath=/&currentsetting.htm=1&cmd=echo+dgn+123456 HTTP/1.1" 404 178 "-" "-"
158.140.168.127 - - [17/Oct/2017:10:25:30 +0300] "\x00" 400 182 "-" "-"
158.140.168.127 - - [17/Oct/2017:10:25:33 +0300] "GET /cgi-bin/user/Config.cgi?.cab&action=get&category=Account.* HTTP/1.1" 404 178 "-" "-"
158.140.168.127 - - [17/Oct/2017:10:25:38 +0300] "\x00" 400 182 "-" "-"
158.140.168.127 - - [17/Oct/2017:10:26:02 +0300] "GET /shell?echo+jaws+123456;cat+/proc/cpuinfo HTTP/1.1" 404 178 "-" "-"
158.140.168.127 - - [17/Oct/2017:10:26:07 +0300] "\x00" 400 182 "-" "-"
217.69.133.10 - - [17/Oct/2017:10:41:31 +0300] "GET /robots.txt HTTP/1.0" 404 178 "-" "Mozilla/5.0 (compatible; Linux x86_64; Mail.RU_Bot/2.0; +http://go.mail.ru/help/robots)"
217.69.133.11 - - [17/Oct/2017:10:41:32 +0300] "GET /index.php/categories/financial-adviser/item/42-ars-more/ HTTP/1.1" 404 152 "-" "Mozilla/5.0 (compatible; Linux x86_64; Mail.RU_Bot/2.0; +http://go.mail.ru/help/robots)"
207.46.13.116 - - [17/Oct/2017:10:47:58 +0300] "GET / HTTP/1.1" 404 152 "-" "Mozilla/5.0 (compatible; bingbot/2.0; +http://www.bing.com/bingbot.htm)"
193.169.52.154 - - [17/Oct/2017:10:50:13 +0300] "GET / HTTP/1.1" 404 209 "-" "Mozilla/5.0 (X11; Linux x86_64) AppleWebKit/537.36 (KHTML, like Gecko) Chrome/34.0.1847.132 Safari/537.36"
23.129.64.15 - - [17/Oct/2017:10:56:22 +0300] "GET /id_rsa HTTP/1.1" 404 209 "-" "Mozilla/5.0 (Windows NT 10.0; Win64; x64) AppleWebKit/537.36 (KHTML, like Gecko) Chrome/56.0.2924.87 Safari/537.36"
23.129.64.15 - - [17/Oct/2017:10:56:23 +0300] "GET /.ssh/id_rsa HTTP/1.1" 404 209 "-" "Mozilla/5.0 (Windows NT 10.0; Win64; x64) AppleWebKit/537.36 (KHTML, like Gecko) Chrome/56.0.2924.87 Safari/537.36"
23.129.64.15 - - [17/Oct/2017:10:56:24 +0300] "GET /root/.ssh/id_rsa HTTP/1.1" 404 209 "-" "Mozilla/5.0 (Windows NT 10.0; Win64; x64) AppleWebKit/537.36 (KHTML, like Gecko) Chrome/56.0.2924.87 Safari/537.36"
23.129.64.15 - - [17/Oct/2017:10:56:25 +0300] "GET /id_dsa HTTP/1.1" 404 209 "-" "Mozilla/5.0 (Windows NT 10.0; Win64; x64) AppleWebKit/537.36 (KHTML, like Gecko) Chrome/56.0.2924.87 Safari/537.36"
23.129.64.15 - - [17/Oct/2017:10:56:26 +0300] "GET /.ssh/id_dsa HTTP/1.1" 404 209 "-" "Mozilla/5.0 (Windows NT 10.0; Win64; x64) AppleWebKit/537.36 (KHTML, like Gecko) Chrome/56.0.2924.87 Safari/537.36"
23.129.64.15 - - [17/Oct/2017:10:56:26 +0300] "GET /root/.ssh/id_dsa HTTP/1.1" 404 209 "-" "Mozilla/5.0 (Windows NT 10.0; Win64; x64) AppleWebKit/537.36 (KHTML, like Gecko) Chrome/56.0.2924.87 Safari/537.36"
37.9.118.28 - - [17/Oct/2017:11:06:41 +0300] "GET / HTTP/1.1" 404 152 "-" "Mozilla/5.0 (compatible; YandexMetrika/2.0; +http://yandex.com/bots mtmon01i.yandex.ru)"
67.23.230.251 - - [17/Oct/2017:11:21:21 +0300] "GET /new/wp-login.php HTTP/1.1" 404 580 "-" "Mozilla/5.0 (Windows NT 6.1; Win64; x64) AppleWebKit/537.36 (KHTML, like Gecko) Chrome/61.0.3163.100 Safari/537.36"
77.50.251.129 - - [17/Oct/2017:11:21:45 +0300] "GET / HTTP/1.1" 404 152 "-" "Mozilla/5.0 (Windows NT 6.1; WOW64; rv:56.0) Gecko/20100101 Firefox/56.0"
77.50.251.129 - - [17/Oct/2017:11:21:46 +0300] "GET /favicon.ico HTTP/1.1" 404 152 "-" "Mozilla/5.0 (Windows NT 6.1; WOW64; rv:56.0) Gecko/20100101 Firefox/56.0"
77.50.251.129 - - [17/Oct/2017:11:21:49 +0300] "GET / HTTP/1.1" 404 152 "-" "Mozilla/5.0 (Windows NT 6.1; WOW64; rv:56.0) Gecko/20100101 Firefox/56.0"
147.135.138.75 - - [17/Oct/2017:11:27:59 +0300] "GET /wp-login.php HTTP/1.1" 404 209 "-" "Mozilla/5.0 (Windows NT 6.1) AppleWebKit/537.1 (KHTML, like Gecko) Chrome/22.0.1229.79 Safari/537.4"
147.135.138.75 - - [17/Oct/2017:11:28:21 +0300] "GET /administrator/ HTTP/1.1" 404 209 "-" "Mozilla/5.0 (Windows NT 6.1) AppleWebKit/537.1 (KHTML, like Gecko) Chrome/22.0.1229.79 Safari/537.4"
77.50.251.129 - - [17/Oct/2017:11:28:42 +0300] "GET / HTTP/1.1" 404 152 "-" "Mozilla/5.0 (Windows NT 6.1; WOW64; rv:56.0) Gecko/20100101 Firefox/56.0"
77.50.251.129 - - [17/Oct/2017:11:28:43 +0300] "GET / HTTP/1.1" 404 152 "-" "Mozilla/5.0 (Windows NT 6.1; WOW64; rv:56.0) Gecko/20100101 Firefox/56.0"
77.50.251.129 - - [17/Oct/2017:11:28:44 +0300] "GET / HTTP/1.1" 404 152 "-" "Mozilla/5.0 (Windows NT 6.1; WOW64; rv:56.0) Gecko/20100101 Firefox/56.0"
147.135.138.75 - - [17/Oct/2017:11:28:48 +0300] "GET /admin.php HTTP/1.1" 404 209 "-" "Mozilla/5.0 (Windows NT 6.1) AppleWebKit/537.1 (KHTML, like Gecko) Chrome/22.0.1229.79 Safari/537.4"
62.201.196.74 - - [17/Oct/2017:11:33:15 +0300] "GET / HTTP/1.1" 404 178 "-" "curl/7.17.1 (mips-unknown-linux-gnu) libcurl/7.17.1 OpenSSL/0.9.8i zlib/1.2.3"
89.78.213.56 - - [17/Oct/2017:11:43:34 +0300] "GET /forum/topic?id=9 HTTP/1.0" 404 580 "http://high-tech.su/forum/topic?id=9" "Mozilla/5.0 (Windows NT 10.0; Win64; x64) AppleWebKit/537.36 (KHTML, like Gecko) Chrome/57.0.2987.133 Safari/537.36"
89.78.213.56 - - [17/Oct/2017:11:43:34 +0300] "GET / HTTP/1.0" 404 580 "http://high-tech.su/" "Mozilla/5.0 (Windows NT 10.0; Win64; x64) AppleWebKit/537.36 (KHTML, like Gecko) Chrome/57.0.2987.133 Safari/537.36"
89.78.213.56 - - [17/Oct/2017:11:43:34 +0300] "GET / HTTP/1.0" 404 580 "http://high-tech.su/" "Mozilla/5.0 (Windows NT 10.0; Win64; x64) AppleWebKit/537.36 (KHTML, like Gecko) Chrome/57.0.2987.133 Safari/537.36"
89.78.213.56 - - [17/Oct/2017:11:43:34 +0300] "GET / HTTP/1.0" 404 580 "http://forum.high-tech.su/" "Mozilla/5.0 (Windows NT 10.0; Win64; x64) AppleWebKit/537.36 (KHTML, like Gecko) Chrome/57.0.2987.133 Safari/537.36"
144.76.80.151 - - [17/Oct/2017:11:44:31 +0300] "GET /robots.txt HTTP/1.0" 404 580 "-" "Mozilla/5.0 (compatible; MSIE 9.0; Windows NT 6.0; Trident/5.0; SLCC1; .NET CLR 2.0.50727; Media Center PC 5.0; .NET CLR 3.5.30729; .NET CLR 3.0.30729; .NET4.0C; BRI/2; McAfee)"
213.239.205.118 - - [17/Oct/2017:11:45:23 +0300] "GET /robots.txt HTTP/1.0" 400 55808 "-" "Mozilla/5.0 (compatible; MSIE 9.0; Windows NT 6.1; WOW64; Trident/5.0; SLCC2; .NET CLR 2.0.50727; .NET CLR 3.5.30729; .NET CLR 3.0.30729; Media Center PC 6.0; .NET4.0C)"
77.50.251.129 - - [17/Oct/2017:11:45:26 +0300] "GET / HTTP/1.1" 200 1052 "-" "Mozilla/5.0 (Windows NT 6.1; WOW64; rv:56.0) Gecko/20100101 Firefox/56.0"
77.50.251.129 - - [17/Oct/2017:11:45:35 +0300] "GET /admin HTTP/1.1" 301 0 "-" "Mozilla/5.0 (Windows NT 6.1; WOW64; rv:56.0) Gecko/20100101 Firefox/56.0"
77.50.251.129 - - [17/Oct/2017:11:45:35 +0300] "GET /admin/ HTTP/1.1" 302 0 "-" "Mozilla/5.0 (Windows NT 6.1; WOW64; rv:56.0) Gecko/20100101 Firefox/56.0"
77.50.251.129 - - [17/Oct/2017:11:45:35 +0300] "GET /admin/login/?next=/admin/ HTTP/1.1" 200 871 "-" "Mozilla/5.0 (Windows NT 6.1; WOW64; rv:56.0) Gecko/20100101 Firefox/56.0"
77.50.251.129 - - [17/Oct/2017:11:45:36 +0300] "GET /static/admin/css/base.css HTTP/1.1" 404 152 "http://digital-human.ru/admin/login/?next=/admin/" "Mozilla/5.0 (Windows NT 6.1; WOW64; rv:56.0) Gecko/20100101 Firefox/56.0"
